Nov 08 14:00:18 digichan-devel kernel: Booting Linux on physical CPU 0x0000000000 [0x410fd083]
Nov 08 14:00:18 digichan-devel kernel: Linux version 6.6.10-xilinx-v2024.1-g262cb1c15c90-dirty (oe-user@oe-host) (aarch64-xilinx-linux-gcc (GCC) 12.2.0, GNU ld (GNU Binutils) 2.39.0.20220819) #1 SMP Sat Apr 27 05:22:24 UTC 2024
Nov 08 14:00:18 digichan-devel kernel: KASLR disabled due to lack of seed
Nov 08 14:00:18 digichan-devel kernel: Machine model: Xilinx Versal
Nov 08 14:00:18 digichan-devel kernel: efi: UEFI not found.
Nov 08 14:00:18 digichan-devel kernel: Zone ranges:
Nov 08 14:00:18 digichan-devel kernel:   DMA32    [mem 0x0000000000000000-0x00000000ffffffff]
Nov 08 14:00:18 digichan-devel kernel:   Normal   [mem 0x0000000100000000-0x000000097fffffff]
Nov 08 14:00:18 digichan-devel kernel: Movable zone start for each node
Nov 08 14:00:18 digichan-devel kernel: Early memory node ranges
Nov 08 14:00:18 digichan-devel kernel:   node   0: [mem 0x0000000000000000-0x000000007fffffff]
Nov 08 14:00:18 digichan-devel kernel:   node   0: [mem 0x0000000800000000-0x000000097fffffff]
Nov 08 14:00:18 digichan-devel kernel: Initmem setup node 0 [mem 0x0000000000000000-0x000000097fffffff]
Nov 08 14:00:18 digichan-devel kernel: cma: Reserved 256 MiB at 0x0000000064800000 on node -1
Nov 08 14:00:18 digichan-devel kernel: psci: probing for conduit method from DT.
Nov 08 14:00:18 digichan-devel kernel: psci: PSCIv1.1 detected in firmware.
Nov 08 14:00:18 digichan-devel kernel: psci: Using standard PSCI v0.2 function IDs
Nov 08 14:00:18 digichan-devel kernel: psci: MIGRATE_INFO_TYPE not supported.
Nov 08 14:00:18 digichan-devel kernel: psci: SMC Calling Convention v1.4
Nov 08 14:00:18 digichan-devel kernel: percpu: Embedded 19 pages/cpu s38888 r8192 d30744 u77824
Nov 08 14:00:18 digichan-devel kernel: pcpu-alloc: s38888 r8192 d30744 u77824 alloc=19*4096
Nov 08 14:00:18 digichan-devel kernel: pcpu-alloc: [0] 0 [0] 1 
Nov 08 14:00:18 digichan-devel kernel: Detected PIPT I-cache on CPU0
Nov 08 14:00:18 digichan-devel kernel: CPU features: detected: GIC system register CPU interface
Nov 08 14:00:18 digichan-devel kernel: CPU features: detected: Spectre-v2
Nov 08 14:00:18 digichan-devel kernel: CPU features: detected: Spectre-v3a
Nov 08 14:00:18 digichan-devel kernel: CPU features: detected: Spectre-BHB
Nov 08 14:00:18 digichan-devel kernel: CPU features: detected: ARM erratum 1742098
Nov 08 14:00:18 digichan-devel kernel: CPU features: detected: ARM errata 1165522, 1319367, or 1530923
Nov 08 14:00:18 digichan-devel kernel: alternatives: applying boot alternatives
Nov 08 14:00:18 digichan-devel kernel: Kernel command line:  console=ttyAMA0 clk_ignore_unused root=/dev/ram0 rw
Nov 08 14:00:18 digichan-devel kernel: Dentry cache hash table entries: 1048576 (order: 11, 8388608 bytes, linear)
Nov 08 14:00:18 digichan-devel kernel: Inode-cache hash table entries: 524288 (order: 10, 4194304 bytes, linear)
Nov 08 14:00:18 digichan-devel kernel: Built 1 zonelists, mobility grouping on.  Total pages: 2064384
Nov 08 14:00:18 digichan-devel kernel: mem auto-init: stack:all(zero), heap alloc:off, heap free:off
Nov 08 14:00:18 digichan-devel kernel: software IO TLB: area num 2.
Nov 08 14:00:18 digichan-devel kernel: software IO TLB: mapped [mem 0x000000007c000000-0x0000000080000000] (64MB)
Nov 08 14:00:18 digichan-devel kernel: Memory: 7791276K/8388608K available (13440K kernel code, 988K rwdata, 3864K rodata, 2496K init, 429K bss, 335188K reserved, 262144K cma-reserved)
Nov 08 14:00:18 digichan-devel kernel: SLUB: HWalign=64, Order=0-3, MinObjects=0, CPUs=2, Nodes=1
Nov 08 14:00:18 digichan-devel kernel: rcu: Hierarchical RCU implementation.
Nov 08 14:00:18 digichan-devel kernel: rcu:         RCU event tracing is enabled.
Nov 08 14:00:18 digichan-devel kernel: rcu:         RCU restricting CPUs from NR_CPUS=16 to nr_cpu_ids=2.
Nov 08 14:00:18 digichan-devel kernel: rcu: RCU calculated value of scheduler-enlistment delay is 25 jiffies.
Nov 08 14:00:18 digichan-devel kernel: rcu: Adjusting geometry for rcu_fanout_leaf=16, nr_cpu_ids=2
Nov 08 14:00:18 digichan-devel kernel: NR_IRQS: 64, nr_irqs: 64, preallocated irqs: 0
Nov 08 14:00:18 digichan-devel kernel: GICv3: GIC: Using split EOI/Deactivate mode
Nov 08 14:00:18 digichan-devel kernel: GICv3: 160 SPIs implemented
Nov 08 14:00:18 digichan-devel kernel: GICv3: 0 Extended SPIs implemented
Nov 08 14:00:18 digichan-devel kernel: Root IRQ handler: gic_handle_irq
Nov 08 14:00:18 digichan-devel kernel: GICv3: GICv3 features: 16 PPIs
Nov 08 14:00:18 digichan-devel kernel: GICv3: CPU0: found redistributor 0 region 0:0x00000000f9080000
Nov 08 14:00:18 digichan-devel kernel: ITS: No ITS available, not enabling LPIs
Nov 08 14:00:18 digichan-devel kernel: rcu: srcu_init: Setting srcu_struct sizes based on contention.
Nov 08 14:00:18 digichan-devel kernel: arch_timer: cp15 timer(s) running at 100.00MHz (phys).
Nov 08 14:00:18 digichan-devel kernel: clocksource: arch_sys_counter: mask: 0x1ffffffffffffff max_cycles: 0x171024e7e0, max_idle_ns: 440795205315 ns
Nov 08 14:00:18 digichan-devel kernel: sched_clock: 57 bits at 100MHz, resolution 10ns, wraps every 4398046511100ns
Nov 08 14:00:18 digichan-devel kernel: Console: colour dummy device 80x25
Nov 08 14:00:18 digichan-devel kernel: Calibrating delay loop (skipped), value calculated using timer frequency.. 200.00 BogoMIPS (lpj=400000)
Nov 08 14:00:18 digichan-devel kernel: pid_max: default: 32768 minimum: 301
Nov 08 14:00:18 digichan-devel kernel: Mount-cache hash table entries: 16384 (order: 5, 131072 bytes, linear)
Nov 08 14:00:18 digichan-devel kernel: Mountpoint-cache hash table entries: 16384 (order: 5, 131072 bytes, linear)
Nov 08 14:00:18 digichan-devel kernel: cacheinfo: Unable to detect cache hierarchy for CPU 0
Nov 08 14:00:18 digichan-devel kernel: rcu: Hierarchical SRCU implementation.
Nov 08 14:00:18 digichan-devel kernel: rcu:         Max phase no-delay instances is 1000.
Nov 08 14:00:18 digichan-devel kernel: EFI services will not be available.
Nov 08 14:00:18 digichan-devel kernel: smp: Bringing up secondary CPUs ...
Nov 08 14:00:18 digichan-devel kernel: Detected PIPT I-cache on CPU1
Nov 08 14:00:18 digichan-devel kernel: GICv3: CPU1: found redistributor 1 region 0:0x00000000f90a0000
Nov 08 14:00:18 digichan-devel kernel: CPU1: Booted secondary processor 0x0000000001 [0x410fd083]
Nov 08 14:00:18 digichan-devel kernel: smp: Brought up 1 node, 2 CPUs
Nov 08 14:00:18 digichan-devel kernel: SMP: Total of 2 processors activated.
Nov 08 14:00:18 digichan-devel kernel: CPU features: detected: 32-bit EL0 Support
Nov 08 14:00:18 digichan-devel kernel: CPU features: detected: CRC32 instructions
Nov 08 14:00:18 digichan-devel kernel: CPU: All CPU(s) started at EL2
Nov 08 14:00:18 digichan-devel kernel: alternatives: applying system-wide alternatives
Nov 08 14:00:18 digichan-devel kernel: devtmpfs: initialized
Nov 08 14:00:18 digichan-devel kernel: clocksource: jiffies: mask: 0xffffffff max_cycles: 0xffffffff, max_idle_ns: 7645041785100000 ns
Nov 08 14:00:18 digichan-devel kernel: futex hash table entries: 512 (order: 3, 32768 bytes, linear)
Nov 08 14:00:18 digichan-devel kernel: pinctrl core: initialized pinctrl subsystem
Nov 08 14:00:18 digichan-devel kernel: DMI not present or invalid.
Nov 08 14:00:18 digichan-devel kernel: NET: Registered PF_NETLINK/PF_ROUTE protocol family
Nov 08 14:00:18 digichan-devel kernel: DMA: preallocated 1024 KiB GFP_KERNEL pool for atomic allocations
Nov 08 14:00:18 digichan-devel kernel: DMA: preallocated 1024 KiB GFP_KERNEL|GFP_DMA32 pool for atomic allocations
Nov 08 14:00:18 digichan-devel kernel: audit: initializing netlink subsys (disabled)
Nov 08 14:00:18 digichan-devel kernel: audit: type=2000 audit(0.016:1): state=initialized audit_enabled=0 res=1
Nov 08 14:00:18 digichan-devel kernel: cpuidle: using governor menu
Nov 08 14:00:18 digichan-devel kernel: hw-breakpoint: found 6 breakpoint and 4 watchpoint registers.
Nov 08 14:00:18 digichan-devel kernel: ASID allocator initialised with 65536 entries
Nov 08 14:00:18 digichan-devel kernel: Serial: AMBA PL011 UART driver
Nov 08 14:00:18 digichan-devel kernel: platform axi: Fixed dependency cycle(s) with /axi/interrupt-controller@f9000000
Nov 08 14:00:18 digichan-devel kernel: Modules: 27424 pages in range for non-PLT usage
Nov 08 14:00:18 digichan-devel kernel: Modules: 518944 pages in range for PLT usage
Nov 08 14:00:18 digichan-devel kernel: HugeTLB: registered 1.00 GiB page size, pre-allocated 0 pages
Nov 08 14:00:18 digichan-devel kernel: HugeTLB: 0 KiB vmemmap can be freed for a 1.00 GiB page
Nov 08 14:00:18 digichan-devel kernel: HugeTLB: registered 32.0 MiB page size, pre-allocated 0 pages
Nov 08 14:00:18 digichan-devel kernel: HugeTLB: 0 KiB vmemmap can be freed for a 32.0 MiB page
Nov 08 14:00:18 digichan-devel kernel: HugeTLB: registered 2.00 MiB page size, pre-allocated 0 pages
Nov 08 14:00:18 digichan-devel kernel: HugeTLB: 0 KiB vmemmap can be freed for a 2.00 MiB page
Nov 08 14:00:18 digichan-devel kernel: HugeTLB: registered 64.0 KiB page size, pre-allocated 0 pages
Nov 08 14:00:18 digichan-devel kernel: HugeTLB: 0 KiB vmemmap can be freed for a 64.0 KiB page
Nov 08 14:00:18 digichan-devel kernel: raid6: skipped pq benchmark and selected neonx8
Nov 08 14:00:18 digichan-devel kernel: raid6: using neon recovery algorithm
Nov 08 14:00:18 digichan-devel kernel: iommu: Default domain type: Translated
Nov 08 14:00:18 digichan-devel kernel: iommu: DMA domain TLB invalidation policy: strict mode
Nov 08 14:00:18 digichan-devel kernel: mc: Linux media interface: v0.10
Nov 08 14:00:18 digichan-devel kernel: videodev: Linux video capture interface: v2.00
Nov 08 14:00:18 digichan-devel kernel: pps_core: LinuxPPS API ver. 1 registered
Nov 08 14:00:18 digichan-devel kernel: pps_core: Software ver. 5.3.6 - Copyright 2005-2007 Rodolfo Giometti <giometti@linux.it>
Nov 08 14:00:18 digichan-devel kernel: PTP clock support registered
Nov 08 14:00:18 digichan-devel kernel: EDAC MC: Ver: 3.0.0
Nov 08 14:00:18 digichan-devel kernel: FPGA manager framework
Nov 08 14:00:18 digichan-devel kernel: Advanced Linux Sound Architecture Driver Initialized.
Nov 08 14:00:18 digichan-devel kernel: clocksource: Switched to clocksource arch_sys_counter
Nov 08 14:00:18 digichan-devel kernel: VFS: Disk quotas dquot_6.6.0
Nov 08 14:00:18 digichan-devel kernel: VFS: Dquot-cache hash table entries: 512 (order 0, 4096 bytes)
Nov 08 14:00:18 digichan-devel kernel: NET: Registered PF_INET protocol family
Nov 08 14:00:18 digichan-devel kernel: IP idents hash table entries: 131072 (order: 8, 1048576 bytes, linear)
Nov 08 14:00:18 digichan-devel kernel: tcp_listen_portaddr_hash hash table entries: 4096 (order: 4, 65536 bytes, linear)
Nov 08 14:00:18 digichan-devel kernel: Table-perturb hash table entries: 65536 (order: 6, 262144 bytes, linear)
Nov 08 14:00:18 digichan-devel kernel: TCP established hash table entries: 65536 (order: 7, 524288 bytes, linear)
Nov 08 14:00:18 digichan-devel kernel: TCP bind hash table entries: 65536 (order: 9, 2097152 bytes, linear)
Nov 08 14:00:18 digichan-devel kernel: TCP: Hash tables configured (established 65536 bind 65536)
Nov 08 14:00:18 digichan-devel kernel: UDP hash table entries: 4096 (order: 5, 131072 bytes, linear)
Nov 08 14:00:18 digichan-devel kernel: UDP-Lite hash table entries: 4096 (order: 5, 131072 bytes, linear)
Nov 08 14:00:18 digichan-devel kernel: NET: Registered PF_UNIX/PF_LOCAL protocol family
Nov 08 14:00:18 digichan-devel kernel: RPC: Registered named UNIX socket transport module.
Nov 08 14:00:18 digichan-devel kernel: RPC: Registered udp transport module.
Nov 08 14:00:18 digichan-devel kernel: RPC: Registered tcp transport module.
Nov 08 14:00:18 digichan-devel kernel: RPC: Registered tcp-with-tls transport module.
Nov 08 14:00:18 digichan-devel kernel: RPC: Registered tcp NFSv4.1 backchannel transport module.
Nov 08 14:00:18 digichan-devel kernel: PCI: CLS 0 bytes, default 64
Nov 08 14:00:18 digichan-devel kernel: Trying to unpack rootfs image as initramfs...
Nov 08 14:00:18 digichan-devel kernel: workingset: timestamp_bits=46 max_order=21 bucket_order=0
Nov 08 14:00:18 digichan-devel kernel: NFS: Registering the id_resolver key type
Nov 08 14:00:18 digichan-devel kernel: Key type id_resolver registered
Nov 08 14:00:18 digichan-devel kernel: Key type id_legacy registered
Nov 08 14:00:18 digichan-devel kernel: nfs4filelayout_init: NFSv4 File Layout Driver Registering...
Nov 08 14:00:18 digichan-devel kernel: nfs4flexfilelayout_init: NFSv4 Flexfile Layout Driver Registering...
Nov 08 14:00:18 digichan-devel kernel: jffs2: version 2.2. (NAND) (SUMMARY)  Â© 2001-2006 Red Hat, Inc.
Nov 08 14:00:18 digichan-devel kernel: NET: Registered PF_ALG protocol family
Nov 08 14:00:18 digichan-devel kernel: xor: measuring software checksum speed
Nov 08 14:00:18 digichan-devel kernel:    8regs           :  3879 MB/sec
Nov 08 14:00:18 digichan-devel kernel:    32regs          :  4198 MB/sec
Nov 08 14:00:18 digichan-devel kernel:    arm64_neon      :  3456 MB/sec
Nov 08 14:00:18 digichan-devel kernel: xor: using function: 32regs (4198 MB/sec)
Nov 08 14:00:18 digichan-devel kernel: io scheduler mq-deadline registered
Nov 08 14:00:18 digichan-devel kernel: io scheduler kyber registered
Nov 08 14:00:18 digichan-devel kernel: io scheduler bfq registered
Nov 08 14:00:18 digichan-devel kernel: Serial: 8250/16550 driver, 4 ports, IRQ sharing disabled
Nov 08 14:00:18 digichan-devel kernel: Serial: AMBA driver
Nov 08 14:00:18 digichan-devel kernel: brd: module loaded
Nov 08 14:00:18 digichan-devel kernel: loop: module loaded
Nov 08 14:00:18 digichan-devel kernel: mdio_bus fixed-0: using lookup tables for GPIO lookup
Nov 08 14:00:18 digichan-devel kernel: mdio_bus fixed-0: No GPIO consumer reset found
Nov 08 14:00:18 digichan-devel kernel: tun: Universal TUN/TAP device driver, 1.6
Nov 08 14:00:18 digichan-devel kernel: VFIO - User Level meta-driver version: 0.3
Nov 08 14:00:18 digichan-devel kernel: i2c_dev: i2c /dev entries driver
Nov 08 14:00:18 digichan-devel kernel: sdhci: Secure Digital Host Controller Interface driver
Nov 08 14:00:18 digichan-devel kernel: sdhci: Copyright(c) Pierre Ossman
Nov 08 14:00:18 digichan-devel kernel: sdhci-pltfm: SDHCI platform and OF driver helper
Nov 08 14:00:18 digichan-devel kernel: SMCCC: SOC_ID: ID = jep106:0049:0000 Revision = 0x00000000
Nov 08 14:00:18 digichan-devel kernel: zynqmp_firmware_probe Platform Management API v1.0
Nov 08 14:00:18 digichan-devel kernel: zynqmp_firmware_probe Trustzone version v1.0
Nov 08 14:00:18 digichan-devel kernel: xlnx_event_manager xlnx_event_manager: SGI 15 Registered over TF-A
Nov 08 14:00:18 digichan-devel kernel: xlnx_event_manager xlnx_event_manager: Xilinx Event Management driver probed
Nov 08 14:00:18 digichan-devel kernel: zynqmp-pinctrl firmware:versal-firmware:pinctrl: This is an experimental solution(hardcoded the MIO ID
                                       information) and this solution will be deprecated and use PM interface
                                       to get the MIO IDs information
Nov 08 14:00:18 digichan-devel kernel: securefw securefw: securefw probed
Nov 08 14:00:18 digichan-devel kernel: zynqmp-aes zynqmp-aes.0: will run requests pump with realtime priority
Nov 08 14:00:18 digichan-devel kernel: zynqmp_rsa zynqmp_rsa.0: RSA is not supported on the platform
Nov 08 14:00:18 digichan-devel kernel: ARM CCI_500 PMU driver probed
Nov 08 14:00:18 digichan-devel kernel: hw perfevents: enabled with armv8_pmuv3 PMU driver, 7 counters available
Nov 08 14:00:18 digichan-devel kernel: xilinx-secure-config firmware:versal-firmware:versal-sec-cfg: using DT '/firmware/versal-firmware/versal-sec-cfg' for 'wp' GPIO lookup
Nov 08 14:00:18 digichan-devel kernel: of_get_named_gpiod_flags: can't parse 'wp-gpios' property of node '/firmware/versal-firmware/versal-sec-cfg[0]'
Nov 08 14:00:18 digichan-devel kernel: of_get_named_gpiod_flags: can't parse 'wp-gpio' property of node '/firmware/versal-firmware/versal-sec-cfg[0]'
Nov 08 14:00:18 digichan-devel kernel: xilinx-secure-config firmware:versal-firmware:versal-sec-cfg: using lookup tables for GPIO lookup
Nov 08 14:00:18 digichan-devel kernel: xilinx-secure-config firmware:versal-firmware:versal-sec-cfg: No GPIO consumer wp found
Nov 08 14:00:18 digichan-devel kernel: fpga_manager fpga0: Xilinx Versal FPGA Manager registered
Nov 08 14:00:18 digichan-devel kernel: pktgen: Packet Generator for packet performance testing. Version: 2.75
Nov 08 14:00:18 digichan-devel kernel: Initializing XFRM netlink socket
Nov 08 14:00:18 digichan-devel kernel: NET: Registered PF_INET6 protocol family
Nov 08 14:00:18 digichan-devel kernel: Segment Routing with IPv6
Nov 08 14:00:18 digichan-devel kernel: In-situ OAM (IOAM) with IPv6
Nov 08 14:00:18 digichan-devel kernel: sit: IPv6, IPv4 and MPLS over IPv4 tunneling driver
Nov 08 14:00:18 digichan-devel kernel: NET: Registered PF_PACKET protocol family
Nov 08 14:00:18 digichan-devel kernel: NET: Registered PF_KEY protocol family
Nov 08 14:00:18 digichan-devel kernel: 8021q: 802.1Q VLAN Support v1.8
Nov 08 14:00:18 digichan-devel kernel: 9pnet: Installing 9P2000 support
Nov 08 14:00:18 digichan-devel kernel: Key type dns_resolver registered
Nov 08 14:00:18 digichan-devel kernel: registered taskstats version 1
Nov 08 14:00:18 digichan-devel kernel: Btrfs loaded, zoned=no, fsverity=no
Nov 08 14:00:18 digichan-devel kernel: uart-pl011 ff000000.serial: using DT '/axi/serial@ff000000' for 'rs485-term' GPIO lookup
Nov 08 14:00:18 digichan-devel kernel: of_get_named_gpiod_flags: can't parse 'rs485-term-gpios' property of node '/axi/serial@ff000000[0]'
Nov 08 14:00:18 digichan-devel kernel: of_get_named_gpiod_flags: can't parse 'rs485-term-gpio' property of node '/axi/serial@ff000000[0]'
Nov 08 14:00:18 digichan-devel kernel: uart-pl011 ff000000.serial: using lookup tables for GPIO lookup
Nov 08 14:00:18 digichan-devel kernel: uart-pl011 ff000000.serial: No GPIO consumer rs485-term found
Nov 08 14:00:18 digichan-devel kernel: uart-pl011 ff000000.serial: using DT '/axi/serial@ff000000' for 'rs485-rx-during-tx' GPIO lookup
Nov 08 14:00:18 digichan-devel kernel: of_get_named_gpiod_flags: can't parse 'rs485-rx-during-tx-gpios' property of node '/axi/serial@ff000000[0]'
Nov 08 14:00:18 digichan-devel kernel: of_get_named_gpiod_flags: can't parse 'rs485-rx-during-tx-gpio' property of node '/axi/serial@ff000000[0]'
Nov 08 14:00:18 digichan-devel kernel: uart-pl011 ff000000.serial: using lookup tables for GPIO lookup
Nov 08 14:00:18 digichan-devel kernel: uart-pl011 ff000000.serial: No GPIO consumer rs485-rx-during-tx found
Nov 08 14:00:18 digichan-devel kernel: ff000000.serial: ttyAMA0 at MMIO 0xff000000 (irq = 18, base_baud = 0) is a PL011 rev3
Nov 08 14:00:18 digichan-devel kernel: printk: console [ttyAMA0] enabled
Nov 08 14:00:18 digichan-devel kernel: uart-pl011 ff010000.serial: using DT '/axi/serial@ff010000' for 'rs485-term' GPIO lookup
Nov 08 14:00:18 digichan-devel kernel: of_get_named_gpiod_flags: can't parse 'rs485-term-gpios' property of node '/axi/serial@ff010000[0]'
Nov 08 14:00:18 digichan-devel kernel: of_get_named_gpiod_flags: can't parse 'rs485-term-gpio' property of node '/axi/serial@ff010000[0]'
Nov 08 14:00:18 digichan-devel kernel: uart-pl011 ff010000.serial: using lookup tables for GPIO lookup
Nov 08 14:00:18 digichan-devel kernel: uart-pl011 ff010000.serial: No GPIO consumer rs485-term found
Nov 08 14:00:18 digichan-devel kernel: uart-pl011 ff010000.serial: using DT '/axi/serial@ff010000' for 'rs485-rx-during-tx' GPIO lookup
Nov 08 14:00:18 digichan-devel kernel: of_get_named_gpiod_flags: can't parse 'rs485-rx-during-tx-gpios' property of node '/axi/serial@ff010000[0]'
Nov 08 14:00:18 digichan-devel kernel: of_get_named_gpiod_flags: can't parse 'rs485-rx-during-tx-gpio' property of node '/axi/serial@ff010000[0]'
Nov 08 14:00:18 digichan-devel kernel: uart-pl011 ff010000.serial: using lookup tables for GPIO lookup
Nov 08 14:00:18 digichan-devel kernel: uart-pl011 ff010000.serial: No GPIO consumer rs485-rx-during-tx found
Nov 08 14:00:18 digichan-devel kernel: ff010000.serial: ttyAMA2 at MMIO 0xff010000 (irq = 19, base_baud = 0) is a PL011 rev3
Nov 08 14:00:18 digichan-devel kernel: aie aieaperture_0_17: AI engine aperture aieaperture_0_17, id 0x18800000, cols(0, 17) aie_tile_rows(2, 2) memory_tile_rows(1, 1) is probed successfully.
Nov 08 14:00:18 digichan-devel kernel: xilinx-ai-engine 20000000000.ai_engine: Xilinx AI Engine device 20000000000.ai_engine probed. Device generation: 2. Clock frequency: 1000000000Hz.
Nov 08 14:00:18 digichan-devel kernel: of-fpga-region fpga: FPGA Region probed
Nov 08 14:00:18 digichan-devel kernel: gpiochip_find_base: found new base at 512
Nov 08 14:00:18 digichan-devel kernel: gpio gpiochip0: (versal_gpio): added GPIO chardev (254:0)
Nov 08 14:00:18 digichan-devel kernel: gpio gpiochip0: registered GPIOs 512 to 569 on versal_gpio
Nov 08 14:00:18 digichan-devel kernel: gpiochip_find_base: found new base at 570
Nov 08 14:00:18 digichan-devel kernel: gpio gpiochip1: (pmc_gpio): added GPIO chardev (254:1)
Nov 08 14:00:18 digichan-devel kernel: gpio gpiochip1: registered GPIOs 570 to 685 on pmc_gpio
Nov 08 14:00:18 digichan-devel kernel: xilinx-vdma a4050000.dma: Please ensure that IP supports buffer length > 23 bits
Nov 08 14:00:18 digichan-devel kernel: xilinx-vdma a4050000.dma: Xilinx AXI DMA Engine Driver Probed!!
Nov 08 14:00:18 digichan-devel kernel: xilinx-vdma a41e0000.dma: Xilinx AXI DMA Engine Driver Probed!!
Nov 08 14:00:18 digichan-devel kernel: of_serial a41b0000.serial: using DT '/pl-bus/serial@a41b0000' for 'rs485-term' GPIO lookup
Nov 08 14:00:18 digichan-devel kernel: of_get_named_gpiod_flags: can't parse 'rs485-term-gpios' property of node '/pl-bus/serial@a41b0000[0]'
Nov 08 14:00:18 digichan-devel kernel: of_get_named_gpiod_flags: can't parse 'rs485-term-gpio' property of node '/pl-bus/serial@a41b0000[0]'
Nov 08 14:00:18 digichan-devel kernel: of_serial a41b0000.serial: using lookup tables for GPIO lookup
Nov 08 14:00:18 digichan-devel kernel: of_serial a41b0000.serial: No GPIO consumer rs485-term found
Nov 08 14:00:18 digichan-devel kernel: of_serial a41b0000.serial: using DT '/pl-bus/serial@a41b0000' for 'rs485-rx-during-tx' GPIO lookup
Nov 08 14:00:18 digichan-devel kernel: of_get_named_gpiod_flags: can't parse 'rs485-rx-during-tx-gpios' property of node '/pl-bus/serial@a41b0000[0]'
Nov 08 14:00:18 digichan-devel kernel: of_get_named_gpiod_flags: can't parse 'rs485-rx-during-tx-gpio' property of node '/pl-bus/serial@a41b0000[0]'
Nov 08 14:00:18 digichan-devel kernel: of_serial a41b0000.serial: using lookup tables for GPIO lookup
Nov 08 14:00:18 digichan-devel kernel: of_serial a41b0000.serial: No GPIO consumer rs485-rx-during-tx found
Nov 08 14:00:18 digichan-devel kernel: a41b0000.serial: ttyS3 at MMIO 0xa41b1000 (irq = 35, base_baud = 6250000) is a 16550A
Nov 08 14:00:18 digichan-devel kernel: spi-nor spi0.0: using DT '/axi/spi@f1030000/flash@0' for 'reset' GPIO lookup
Nov 08 14:00:18 digichan-devel kernel: of_get_named_gpiod_flags: can't parse 'reset-gpios' property of node '/axi/spi@f1030000/flash@0[0]'
Nov 08 14:00:18 digichan-devel kernel: of_get_named_gpiod_flags: can't parse 'reset-gpio' property of node '/axi/spi@f1030000/flash@0[0]'
Nov 08 14:00:18 digichan-devel kernel: spi-nor spi0.0: using lookup tables for GPIO lookup
Nov 08 14:00:18 digichan-devel kernel: spi-nor spi0.0: No GPIO consumer reset found
Nov 08 14:00:18 digichan-devel kernel: spi-nor spi0.0: AVALANCHE_2x1G (262144 Kbytes)
Nov 08 14:00:18 digichan-devel kernel: 7 fixed-partitions partitions found on MTD device spi0.0
Nov 08 14:00:18 digichan-devel kernel: Creating 7 MTD partitions on "spi0.0":
Nov 08 14:00:18 digichan-devel kernel: 0x00000f800000-0x00000ff00000 : "nonvol"
Nov 08 14:00:18 digichan-devel kernel: 0x000000000000-0x000006000000 : "image0"
Nov 08 14:00:18 digichan-devel kernel: 0x000006000000-0x00000c000000 : "image1"
Nov 08 14:00:18 digichan-devel kernel: 0x000000000000-0x000007c00000 : "devel0"
Nov 08 14:00:18 digichan-devel kernel: 0x000007c00000-0x00000f800000 : "devel1"
Nov 08 14:00:18 digichan-devel kernel: 0x00000c000000-0x00000f800000 : "golden0"
Nov 08 14:00:18 digichan-devel kernel: 0x00000ff00000-0x000010000000 : "extras"
Nov 08 14:00:18 digichan-devel kernel: mdio_bus ff0c0000.ethernet-ffffffff: using DT '/axi/ethernet@ff0c0000/mdio' for 'reset' GPIO lookup
Nov 08 14:00:18 digichan-devel kernel: of_get_named_gpiod_flags: can't parse 'reset-gpios' property of node '/axi/ethernet@ff0c0000/mdio[0]'
Nov 08 14:00:18 digichan-devel kernel: of_get_named_gpiod_flags: can't parse 'reset-gpio' property of node '/axi/ethernet@ff0c0000/mdio[0]'
Nov 08 14:00:18 digichan-devel kernel: mdio_bus ff0c0000.ethernet-ffffffff: using lookup tables for GPIO lookup
Nov 08 14:00:18 digichan-devel kernel: mdio_bus ff0c0000.ethernet-ffffffff: No GPIO consumer reset found
Nov 08 14:00:18 digichan-devel kernel: Freeing initrd memory: 87316K
Nov 08 14:00:18 digichan-devel kernel: mdio_bus ff0c0000.ethernet-ffffffff:01: using DT '/axi/ethernet@ff0c0000/mdio/ethernet-phy@1' for 'reset' GPIO lookup
Nov 08 14:00:18 digichan-devel kernel: of_get_named_gpiod_flags: parsed 'reset-gpios' property of node '/axi/ethernet@ff0c0000/mdio/ethernet-phy@1[0]' - status (0)
Nov 08 14:00:18 digichan-devel kernel: gpio gpiochip1: Persistence not supported for GPIO 19
Nov 08 14:00:18 digichan-devel kernel: macb ff0c0000.ethernet eth0: Cadence GEM rev 0x0107010b at 0xff0c0000 irq 43 (02:ee:dd:cc:bb:03)
Nov 08 14:00:18 digichan-devel kernel: rtc_zynqmp f12a0000.rtc: registered as rtc0
Nov 08 14:00:18 digichan-devel kernel: rtc_zynqmp f12a0000.rtc: setting system clock to 2004-01-10T14:17:43 UTC (1073744263)
Nov 08 14:00:18 digichan-devel kernel: cdns-i2c ff030000.i2c: can't get pinctrl, bus recovery not supported
Nov 08 14:00:18 digichan-devel kernel: cdns-i2c ff030000.i2c: 100 kHz mmio ff030000 irq 46
Nov 08 14:00:18 digichan-devel kernel: cdns-i2c f1000000.i2c: can't get pinctrl, bus recovery not supported
Nov 08 14:00:18 digichan-devel kernel: cdns-i2c f1000000.i2c: 100 kHz mmio f1000000 irq 47
Nov 08 14:00:18 digichan-devel kernel: cpufreq: cpufreq_online: CPU0: Running at unlisted initial frequency: 799999 KHz, changing to: 800000 KHz
Nov 08 14:00:18 digichan-devel kernel: of_cfs_init
Nov 08 14:00:18 digichan-devel kernel: of_cfs_init: OK
Nov 08 14:00:18 digichan-devel kernel: clk: Not disabling unused clocks
Nov 08 14:00:18 digichan-devel kernel: ALSA device list:
Nov 08 14:00:18 digichan-devel kernel:   No soundcards found.
Nov 08 14:00:18 digichan-devel kernel: uart-pl011 ff000000.serial: no DMA platform data
Nov 08 14:00:18 digichan-devel kernel: Freeing unused kernel memory: 2496K
Nov 08 14:00:18 digichan-devel kernel: Run /init as init process
Nov 08 14:00:18 digichan-devel kernel:   with arguments:
Nov 08 14:00:18 digichan-devel kernel:     /init
Nov 08 14:00:18 digichan-devel kernel:   with environment:
Nov 08 14:00:18 digichan-devel kernel:     HOME=/
Nov 08 14:00:18 digichan-devel kernel:     TERM=linux
Nov 08 14:00:18 digichan-devel systemd[1]: System time before build time, advancing clock.
Nov 08 14:00:18 digichan-devel systemd[1]: systemd 251.8+ running in system mode (+PAM -AUDIT -SELINUX -APPARMOR +IMA -SMACK +SECCOMP -GCRYPT -GNUTLS -OPENSSL +ACL +BLKID -CURL -ELFUTILS -FIDO2 -IDN2 -IDN -IPTC +KMOD -LIBCRYPTSETUP +LIBFDISK -PCRE2 -PWQUALITY -P11KIT -QRENCODE -TPM2 -BZIP2 -LZ4 -XZ -ZLIB +ZSTD -BPF_FRAMEWORK -XKBCOMMON +UTMP +SYSVINIT default-hierarchy=hybrid)
Nov 08 14:00:18 digichan-devel systemd[1]: Detected architecture arm64.
Nov 08 14:00:18 digichan-devel systemd[1]: Hostname set to <digichan-devel>.
Nov 08 14:00:18 digichan-devel systemd[1]: Initializing machine ID from random generator.
Nov 08 14:00:18 digichan-devel systemd-sysv-generator[139]: SysV service '/etc/init.d/sshd' lacks a native systemd unit file. Automatically generating a unit file for compatibility. Please update package to include a native systemd unit file, in order to make it more safe and robust.
Nov 08 14:00:18 digichan-devel systemd-sysv-generator[139]: SysV service '/etc/init.d/inetd.busybox' lacks a native systemd unit file. Automatically generating a unit file for compatibility. Please update package to include a native systemd unit file, in order to make it more safe and robust.
Nov 08 14:00:18 digichan-devel systemd[1]: Queued start job for default target Multi-User System.
Nov 08 14:00:18 digichan-devel systemd[1]: Created slice Slice /system/getty.
Nov 08 14:00:18 digichan-devel systemd[1]: Created slice Slice /system/modprobe.
Nov 08 14:00:18 digichan-devel systemd[1]: Created slice Slice /system/serial-getty.
Nov 08 14:00:18 digichan-devel systemd[1]: Created slice User and Session Slice.
Nov 08 14:00:18 digichan-devel systemd[1]: Started Dispatch Password Requests to Console Directory Watch.
Nov 08 14:00:18 digichan-devel systemd[1]: Started Forward Password Requests to Wall Directory Watch.
Nov 08 14:00:18 digichan-devel systemd[1]: Reached target Path Units.
Nov 08 14:00:18 digichan-devel systemd[1]: Reached target Remote File Systems.
Nov 08 14:00:18 digichan-devel systemd[1]: Reached target Slice Units.
Nov 08 14:00:18 digichan-devel systemd[1]: Reached target Swaps.
Nov 08 14:00:18 digichan-devel systemd[1]: Listening on RPCbind Server Activation Socket.
Nov 08 14:00:18 digichan-devel systemd[1]: Reached target RPC Port Mapper.
Nov 08 14:00:18 digichan-devel systemd[1]: Listening on Syslog Socket.
Nov 08 14:00:18 digichan-devel systemd[1]: Listening on initctl Compatibility Named Pipe.
Nov 08 14:00:18 digichan-devel systemd[1]: Listening on Journal Audit Socket.
Nov 08 14:00:18 digichan-devel systemd[1]: Listening on Journal Socket (/dev/log).
Nov 08 14:00:18 digichan-devel systemd[1]: Listening on Journal Socket.
Nov 08 14:00:18 digichan-devel systemd[1]: Listening on Network Service Netlink Socket.
Nov 08 14:00:18 digichan-devel systemd[1]: Listening on udev Control Socket.
Nov 08 14:00:18 digichan-devel systemd[1]: Listening on udev Kernel Socket.
Nov 08 14:00:18 digichan-devel systemd[1]: Listening on User Database Manager Socket.
Nov 08 14:00:18 digichan-devel systemd[1]: Mounting Huge Pages File System...
Nov 08 14:00:18 digichan-devel systemd[1]: Mounting POSIX Message Queue File System...
Nov 08 14:00:18 digichan-devel systemd[1]: Mounting Kernel Debug File System...
Nov 08 14:00:18 digichan-devel systemd[1]: Kernel Trace File System was skipped because of a failed condition check (ConditionPathExists=/sys/kernel/tracing).
Nov 08 14:00:18 digichan-devel systemd[1]: Mounting Temporary Directory /tmp...
Nov 08 14:00:18 digichan-devel systemd[1]: Create List of Static Device Nodes was skipped because of a failed condition check (ConditionFileNotEmpty=/lib/modules/6.6.10-xilinx-v2024.1-g262cb1c15c90-dirty/modules.devname).
Nov 08 14:00:18 digichan-devel systemd[1]: Starting Load Kernel Module configfs...
Nov 08 14:00:18 digichan-devel systemd[1]: Starting Load Kernel Module drm...
Nov 08 14:00:18 digichan-devel systemd[1]: Starting Load Kernel Module fuse...
Nov 08 14:00:18 digichan-devel systemd[1]: Starting RPC Bind...
Nov 08 14:00:18 digichan-devel systemd[1]: File System Check on Root Device was skipped because of a failed condition check (ConditionPathIsReadWrite=!/).
Nov 08 14:00:18 digichan-devel systemd[1]: systemd-journald.service: unit configures an IP firewall, but the local system does not support BPF/cgroup firewalling.
Nov 08 14:00:18 digichan-devel systemd[1]: (This warning is only shown for the first unit using IP firewalling.)
Nov 08 14:00:18 digichan-devel systemd[1]: Starting Journal Service...
Nov 08 14:00:18 digichan-devel systemd[1]: Starting Load Kernel Modules...
Nov 08 14:00:18 digichan-devel kernel: atm_driver: loading out-of-tree module taints kernel.
Nov 08 14:00:18 digichan-devel kernel: ATM: atm_init_module
Nov 08 14:00:18 digichan-devel kernel: ATM: atm_probe
Nov 08 14:00:18 digichan-devel kernel: of_get_named_gpiod_flags: parsed 'rx-gpios' property of node '/axi/spi@ff050000[0]' - status (0)
Nov 08 14:00:18 digichan-devel systemd[1]: Starting Generate network units from Kernel command line...
Nov 08 14:00:18 digichan-devel kernel: ATM: ATM Complete
Nov 08 14:00:18 digichan-devel kernel: injector_probe called
Nov 08 14:00:18 digichan-devel kernel: injector_probe completed successfully
Nov 08 14:00:18 digichan-devel kernel: fpga_version_id: 0x01e00001
Nov 08 14:00:18 digichan-devel kernel: fpga_version_num: 0x00010215
Nov 08 14:00:18 digichan-devel kernel: fpga_build_num: 0x68bea641
Nov 08 14:00:18 digichan-devel kernel: fpga_artix7_version_num: 0x00000000
Nov 08 14:00:18 digichan-devel kernel: recorder_probe called
Nov 08 14:00:18 digichan-devel systemd[1]: Starting Remount Root and Kernel File Systems...
Nov 08 14:00:18 digichan-devel systemd-journald[149]: Journal started
Nov 08 14:00:18 digichan-devel systemd-journald[149]: Runtime Journal (/run/log/journal/7ca4b3db327a4c9c9683958bbe001304) is 8.0M, max 64.0M, 56.0M free.
Nov 08 14:00:18 digichan-devel systemd-modules-load[150]: Inserted module 'atm_driver'
Nov 08 14:00:18 digichan-devel systemd-modules-load[150]: Inserted module 'injector'
Nov 08 14:00:18 digichan-devel systemd-modules-load[150]: Inserted module 'pl_version'
Nov 08 14:00:18 digichan-devel systemd-modules-load[150]: Inserted module 'recorder'
Nov 08 14:00:18 digichan-devel kernel: recorder_probe completed successfully
Nov 08 14:00:18 digichan-devel systemd[1]: Starting Coldplug All udev Devices...
Nov 08 14:00:18 digichan-devel systemd[1]: Started RPC Bind.
Nov 08 14:00:18 digichan-devel systemd[1]: Started Journal Service.
Nov 08 14:00:18 digichan-devel systemd[1]: Mounted Huge Pages File System.
Nov 08 14:00:18 digichan-devel systemd[1]: Mounted POSIX Message Queue File System.
Nov 08 14:00:18 digichan-devel systemd[1]: Mounted Kernel Debug File System.
Nov 08 14:00:18 digichan-devel systemd[1]: Mounted Temporary Directory /tmp.
Nov 08 14:00:18 digichan-devel systemd[1]: modprobe@configfs.service: Deactivated successfully.
Nov 08 14:00:18 digichan-devel systemd[1]: Finished Load Kernel Module configfs.
Nov 08 14:00:18 digichan-devel systemd[1]: modprobe@drm.service: Deactivated successfully.
Nov 08 14:00:18 digichan-devel systemd[1]: Finished Load Kernel Module drm.
Nov 08 14:00:18 digichan-devel systemd[1]: modprobe@fuse.service: Deactivated successfully.
Nov 08 14:00:18 digichan-devel systemd[1]: Finished Load Kernel Module fuse.
Nov 08 14:00:18 digichan-devel systemd[1]: Finished Load Kernel Modules.
Nov 08 14:00:18 digichan-devel systemd[1]: Finished Generate network units from Kernel command line.
Nov 08 14:00:18 digichan-devel systemd[1]: Finished Remount Root and Kernel File Systems.
Nov 08 14:00:18 digichan-devel systemd[1]: Reached target Preparation for Network.
Nov 08 14:00:18 digichan-devel systemd[1]: FUSE Control File System was skipped because of a failed condition check (ConditionPathExists=/sys/fs/fuse/connections).
Nov 08 14:00:18 digichan-devel systemd[1]: Mounting Kernel Configuration File System...
Nov 08 14:00:18 digichan-devel systemd[1]: Rebuild Hardware Database was skipped because all trigger condition checks failed.
Nov 08 14:00:18 digichan-devel systemd[1]: Starting Flush Journal to Persistent Storage...
Nov 08 14:00:18 digichan-devel systemd-journald[149]: Runtime Journal (/run/log/journal/7ca4b3db327a4c9c9683958bbe001304) is 8.0M, max 64.0M, 56.0M free.
Nov 08 14:00:18 digichan-devel systemd-journald[149]: Received client request to flush runtime journal.
Nov 08 14:00:18 digichan-devel systemd[1]: Platform Persistent Storage Archival was skipped because of a failed condition check (ConditionDirectoryNotEmpty=/sys/fs/pstore).
Nov 08 14:00:18 digichan-devel systemd[1]: Starting Apply Kernel Variables...
Nov 08 14:00:18 digichan-devel systemd[1]: Starting Create System Users...
Nov 08 14:00:18 digichan-devel systemd[1]: Mounted Kernel Configuration File System.
Nov 08 14:00:18 digichan-devel systemd[1]: Finished Flush Journal to Persistent Storage.
Nov 08 14:00:18 digichan-devel systemd[1]: Finished Apply Kernel Variables.
Nov 08 14:00:18 digichan-devel systemd[1]: Finished Create System Users.
Nov 08 14:00:19 digichan-devel systemd[1]: Starting Create Static Device Nodes in /dev...
Nov 08 14:00:19 digichan-devel systemd[1]: Finished Create Static Device Nodes in /dev.
Nov 08 14:00:19 digichan-devel systemd[1]: Reached target Preparation for Local File Systems.
Nov 08 14:00:19 digichan-devel systemd[1]: Mounting /var/volatile...
Nov 08 14:00:19 digichan-devel systemd[1]: Starting Rule-based Manager for Device Events and Files...
Nov 08 14:00:19 digichan-devel systemd[1]: Mounted /var/volatile.
Nov 08 14:00:19 digichan-devel systemd[1]: Bind mount volatile /var/cache was skipped because of a failed condition check (ConditionPathIsReadWrite=!/var/cache).
Nov 08 14:00:19 digichan-devel systemd[1]: Bind mount volatile /var/lib was skipped because of a failed condition check (ConditionPathIsReadWrite=!/var/lib).
Nov 08 14:00:19 digichan-devel systemd[1]: Starting Load/Save Random Seed...
Nov 08 14:00:19 digichan-devel systemd-udevd[170]: Using default interface naming scheme 'v251'.
Nov 08 14:00:19 digichan-devel systemd[1]: Bind mount volatile /var/spool was skipped because of a failed condition check (ConditionPathIsReadWrite=!/var/spool).
Nov 08 14:00:19 digichan-devel systemd[1]: Bind mount volatile /srv was skipped because of a failed condition check (ConditionPathIsReadWrite=!/srv).
Nov 08 14:00:19 digichan-devel systemd[1]: Reached target Local File Systems.
Nov 08 14:00:19 digichan-devel systemd-random-seed[171]: Kernel entropy pool is not initialized yet, waiting until it is.
Nov 08 14:00:19 digichan-devel systemd[1]: Starting Rebuild Dynamic Linker Cache...
Nov 08 14:00:19 digichan-devel systemd[1]: Starting Create Volatile Files and Directories...
Nov 08 14:00:19 digichan-devel systemd[1]: Started Rule-based Manager for Device Events and Files.
Nov 08 14:00:19 digichan-devel systemd-tmpfiles[183]: /usr/lib/tmpfiles.d/legacy.conf:13: Duplicate line for path "/run/lock", ignoring.
Nov 08 14:00:19 digichan-devel systemd[1]: Starting Network Configuration...
Nov 08 14:00:19 digichan-devel systemd-tmpfiles[183]: "/var/log" already exists and is not a directory.
Nov 08 14:00:19 digichan-devel systemd[1]: Finished Coldplug All udev Devices.
Nov 08 14:00:19 digichan-devel systemd[1]: Finished Rebuild Dynamic Linker Cache.
Nov 08 14:00:19 digichan-devel systemd-tmpfiles[183]: "/var/tmp" already exists and is not a directory.
Nov 08 14:00:19 digichan-devel systemd[1]: Finished Create Volatile Files and Directories.
Nov 08 14:00:19 digichan-devel systemd[1]: Found device /dev/mtdblock0.
Nov 08 14:00:20 digichan-devel systemd-networkd[187]: lo: Link UP
Nov 08 14:00:20 digichan-devel systemd-networkd[187]: lo: Gained carrier
Nov 08 14:00:20 digichan-devel systemd-networkd[187]: Enumeration completed
Nov 08 14:00:20 digichan-devel systemd[1]: Started Network Configuration.
Nov 08 14:00:20 digichan-devel systemd-networkd[187]: eth0: found matching network '/lib/systemd/network/80-wired.network', based on potentially unpredictable interface name.
Nov 08 14:00:20 digichan-devel systemd-networkd[187]: eth0: Configuring with /lib/systemd/network/80-wired.network.
Nov 08 14:00:20 digichan-devel kernel: random: crng init done
Nov 08 14:00:20 digichan-devel systemd[1]: Finished Load/Save Random Seed.
Nov 08 14:00:20 digichan-devel kernel: macb ff0c0000.ethernet eth0: PHY [ff0c0000.ethernet-ffffffff:01] driver [Marvell 88E1111] (irq=POLL)
Nov 08 14:00:20 digichan-devel kernel: macb ff0c0000.ethernet eth0: configuring for phy/rgmii-id link mode
Nov 08 14:00:20 digichan-devel kernel: pps pps0: new PPS source ptp0
Nov 08 14:00:20 digichan-devel kernel: macb ff0c0000.ethernet: gem-ptp-timer ptp clock registered.
Nov 08 14:00:20 digichan-devel systemd-networkd[187]: eth0: Link UP
Nov 08 14:00:20 digichan-devel kernel: [drm] Probing for xlnx,zocl-versal
Nov 08 14:00:20 digichan-devel kernel: zocl-drm zyxclmm_drm: error -ENXIO: IRQ index 8 not found
Nov 08 14:00:20 digichan-devel kernel: [drm] FPGA programming device versal_fpga founded.
Nov 08 14:00:20 digichan-devel kernel: [drm] PR[0] Isolation addr 0x0
Nov 08 14:00:20 digichan-devel kernel: [drm] Initialized zocl 2.17.0 20250804 for zyxclmm_drm on minor 0
Nov 08 14:00:21 digichan-devel systemd[1]: First Boot Complete was skipped because of a failed condition check (ConditionFirstBoot=yes).
Nov 08 14:00:21 digichan-devel systemd[1]: Starting Format MRAM nonvol partition (if it hasn't already been formatted) and mount it...
Nov 08 14:00:21 digichan-devel systemd[1]: Starting Run pending postinsts...
Nov 08 14:00:21 digichan-devel run-postinsts[209]: Configuring packages on first boot....
Nov 08 14:00:21 digichan-devel run-postinsts[209]:  (This may take several minutes. Please do not power off the machine.)
Nov 08 14:00:21 digichan-devel run-postinsts[209]: Running postinst /etc/ipk-postinsts/000-zocl...
Nov 08 14:00:21 digichan-devel systemd[1]: Starting Rebuild Journal Catalog...
Nov 08 14:00:21 digichan-devel unknown: Unloading old XRT Linux kernel modules
Nov 08 14:00:21 digichan-devel systemd[1]: Commit a transient machine-id on disk was skipped because of a failed condition check (ConditionPathIsMountPoint=/etc/machine-id).
Nov 08 14:00:21 digichan-devel kernel: zocl_irq_intc ZOCL_CU_INTC.1.auto: zintc_remove: Removing zocl_irq_intc
Nov 08 14:00:21 digichan-devel systemd[1]: Starting Network Name Resolution...
Nov 08 14:00:21 digichan-devel unknown: Loading new XRT Linux kernel modules
Nov 08 14:00:21 digichan-devel kernel: [drm] Probing for xlnx,zocl-versal
Nov 08 14:00:21 digichan-devel kernel: zocl-drm zyxclmm_drm: error -ENXIO: IRQ index 8 not found
Nov 08 14:00:21 digichan-devel systemd[1]: Starting Network Time Synchronization...
Nov 08 14:00:21 digichan-devel kernel: [drm] FPGA programming device versal_fpga founded.
Nov 08 14:00:21 digichan-devel systemd[1]: Starting Wait for udev To Complete Device Initialization...
Nov 08 14:00:21 digichan-devel kernel: [drm] PR[0] Isolation addr 0x0
Nov 08 14:00:21 digichan-devel kernel: [drm] Initialized zocl 2.17.0 20250804 for zyxclmm_drm on minor 0
Nov 08 14:00:21 digichan-devel nonvol-fs.sh[206]: No valid ext2/ext3/ext4 filesystem found on /dev/mtdblock0
Nov 08 14:00:21 digichan-devel nonvol-fs.sh[206]: Formatting /dev/mtdblock0 with ext2...
Nov 08 14:00:21 digichan-devel nonvol-fs.sh[220]: mkfs.ext2: invalid block size - 512
Nov 08 14:00:21 digichan-devel systemd[1]: Starting Record System Boot/Shutdown in UTMP...
Nov 08 14:00:21 digichan-devel systemd[1]: Finished Rebuild Journal Catalog.
Nov 08 14:00:21 digichan-devel run-postinsts[209]: Running postinst /etc/ipk-postinsts/001-xrt...
Nov 08 14:00:21 digichan-devel kernel: EXT4-fs (mtdblock0): VFS: Can't find ext4 filesystem
Nov 08 14:00:21 digichan-devel nonvol-fs.sh[224]: mount: /mnt/nonvol: wrong fs type, bad option, bad superblock on /dev/mtdblock0, missing codepage or helper program, or other error.
Nov 08 14:00:21 digichan-devel nonvol-fs.sh[224]:        dmesg(1) may have more information after failed mount system call.
Nov 08 14:00:21 digichan-devel systemd[1]: nonvol-fs.service: Main process exited, code=exited, status=32/n/a
Nov 08 14:00:21 digichan-devel systemd[1]: nonvol-fs.service: Failed with result 'exit-code'.
Nov 08 14:00:21 digichan-devel systemd[1]: Failed to start Format MRAM nonvol partition (if it hasn't already been formatted) and mount it.
Nov 08 14:00:21 digichan-devel INFO: Creating ICD entry for Xilinx Platform
Nov 08 14:00:21 digichan-devel run-postinsts[232]: update-rc.d: /etc/init.d/run-postinsts exists during rc.d purge (continuing)
Nov 08 14:00:21 digichan-devel run-postinsts[232]:  Removing any system startup links for run-postinsts ...
Nov 08 14:00:21 digichan-devel run-postinsts[232]:   /etc/rcS.d/S99run-postinsts
Nov 08 14:00:21 digichan-devel systemd[1]: Starting Update is Completed...
Nov 08 14:00:21 digichan-devel systemd[1]: Finished Update is Completed.
Nov 08 14:00:21 digichan-devel udevadm[219]: systemd-udev-settle.service is deprecated. Please fix iiod.service not to pull it in.
Nov 08 14:00:21 digichan-devel systemd[1]: Finished Record System Boot/Shutdown in UTMP.
Nov 08 14:00:21 digichan-devel systemctl[235]: Synchronizing state of run-postinsts.service with SysV service script with /lib/systemd/systemd-sysv-install.
Nov 08 14:00:21 digichan-devel systemctl[235]: Executing: /lib/systemd/systemd-sysv-install disable run-postinsts
Nov 08 14:00:21 digichan-devel systemd[1]: Finished Wait for udev To Complete Device Initialization.
Nov 08 14:00:21 digichan-devel systemctl[239]: update-rc.d: /etc/init.d/run-postinsts exists during rc.d purge (continuing)
Nov 08 14:00:21 digichan-devel systemd[1]: Started Network Time Synchronization.
Nov 08 14:00:21 digichan-devel systemctl[239]:  Removing any system startup links for run-postinsts ...
Nov 08 14:00:21 digichan-devel systemd[1]: Reached target System Time Set.
Nov 08 14:00:21 digichan-devel systemd-resolved[216]: Positive Trust Anchors:
Nov 08 14:00:21 digichan-devel systemd-resolved[216]: . IN DS 20326 8 2 e06d44b80b8f1d39a95c0b0d7c65d08458e880409bbc683457104237c7f8ec8d
Nov 08 14:00:21 digichan-devel systemd-resolved[216]: Negative trust anchors: home.arpa 10.in-addr.arpa 16.172.in-addr.arpa 17.172.in-addr.arpa 18.172.in-addr.arpa 19.172.in-addr.arpa 20.172.in-addr.arpa 21.172.in-addr.arpa 22.172.in-addr.arpa 23.172.in-addr.arpa 24.172.in-addr.arpa 25.172.in-addr.arpa 26.172.in-addr.arpa 27.172.in-addr.arpa 28.172.in-addr.arpa 29.172.in-addr.arpa 30.172.in-addr.arpa 31.172.in-addr.arpa 168.192.in-addr.arpa d.f.ip6.arpa corp home internal intranet lan local private test
Nov 08 14:00:21 digichan-devel systemd-resolved[216]: Using system hostname 'digichan-devel'.
Nov 08 14:00:21 digichan-devel systemctl[235]: Removed "/etc/systemd/system/sysinit.target.wants/run-postinsts.service".
Nov 08 14:00:21 digichan-devel systemd[1]: Started Network Name Resolution.
Nov 08 14:00:21 digichan-devel systemd[1]: Finished Run pending postinsts.
Nov 08 14:00:21 digichan-devel systemd[1]: Reached target Host and Network Name Lookups.
Nov 08 14:00:21 digichan-devel systemd[1]: Reached target System Initialization.
Nov 08 14:00:21 digichan-devel systemd[1]: Started Daily Cleanup of Temporary Directories.
Nov 08 14:00:21 digichan-devel systemd[1]: Reached target Timer Units.
Nov 08 14:00:21 digichan-devel systemd[1]: Listening on Avahi mDNS/DNS-SD Stack Activation Socket.
Nov 08 14:00:21 digichan-devel systemd[1]: Listening on D-Bus System Message Bus Socket.
Nov 08 14:00:21 digichan-devel systemd[1]: Starting sshd.socket...
Nov 08 14:00:22 digichan-devel systemd[1]: Listening on sshd.socket.
Nov 08 14:00:22 digichan-devel systemd[1]: Reached target Socket Units.
Nov 08 14:00:22 digichan-devel systemd[1]: Reached target Basic System.
Nov 08 14:00:22 digichan-devel systemd[1]: System is tainted: unmerged-usr:cgroupsv1
Nov 08 14:00:22 digichan-devel systemd[1]: Starting Avahi mDNS/DNS-SD Stack...
Nov 08 14:00:22 digichan-devel avahi-daemon[241]: Found user 'avahi' (UID 995) and group 'avahi' (GID 993).
Nov 08 14:00:22 digichan-devel avahi-daemon[241]: Successfully dropped root privileges.
Nov 08 14:00:22 digichan-devel avahi-daemon[241]: avahi-daemon 0.8 starting up.
Nov 08 14:00:22 digichan-devel systemd[1]: Started Kernel Logging Service.
Nov 08 14:00:22 digichan-devel kernel[243]: klogd started: BusyBox v1.35.0 ()
Nov 08 14:00:22 digichan-devel kernel[243]: [    0.000000] Booting Linux on physical CPU 0x0000000000 [0x410fd083]
Nov 08 14:00:22 digichan-devel kernel[243]: [    0.000000] Linux version 6.6.10-xilinx-v2024.1-g262cb1c15c90-dirty (oe-user@oe-host) (aarch64-xilinx-linux-gcc (GCC) 12.2.0, GNU ld (GNU Binutils) 2.39.0.20220819) #1 SMP Sat Apr 27 05:22:24 UTC 2024
Nov 08 14:00:22 digichan-devel kernel[243]: [    0.000000] KASLR disabled due to lack of seed
Nov 08 14:00:22 digichan-devel kernel[243]: [    0.000000] Machine model: Xilinx Versal
Nov 08 14:00:22 digichan-devel kernel[243]: [    0.000000] efi: UEFI not found.
Nov 08 14:00:22 digichan-devel kernel[243]: [    0.000000] Zone ranges:
Nov 08 14:00:22 digichan-devel kernel[243]: [    0.000000]   DMA32    [mem 0x0000000000000000-0x00000000ffffffff]
Nov 08 14:00:22 digichan-devel kernel[243]: [    0.000000]   Normal   [mem 0x0000000100000000-0x000000097fffffff]
Nov 08 14:00:22 digichan-devel kernel[243]: [    0.000000] Movable zone start for each node
Nov 08 14:00:22 digichan-devel kernel[243]: [    0.000000] Early memory node ranges
Nov 08 14:00:22 digichan-devel kernel[243]: [    0.000000]   node   0: [mem 0x0000000000000000-0x000000007fffffff]
Nov 08 14:00:22 digichan-devel kernel[243]: [    0.000000]   node   0: [mem 0x0000000800000000-0x000000097fffffff]
Nov 08 14:00:22 digichan-devel kernel[243]: [    0.000000] Initmem setup node 0 [mem 0x0000000000000000-0x000000097fffffff]
Nov 08 14:00:22 digichan-devel kernel[243]: [    0.000000] cma: Reserved 256 MiB at 0x0000000064800000 on node -1
Nov 08 14:00:22 digichan-devel kernel[243]: [    0.000000] psci: probing for conduit method from DT.
Nov 08 14:00:22 digichan-devel kernel[243]: [    0.000000] psci: PSCIv1.1 detected in firmware.
Nov 08 14:00:22 digichan-devel kernel[243]: [    0.000000] psci: Using standard PSCI v0.2 function IDs
Nov 08 14:00:22 digichan-devel kernel[243]: [    0.000000] psci: MIGRATE_INFO_TYPE not supported.
Nov 08 14:00:22 digichan-devel kernel[243]: [    0.000000] psci: SMC Calling Convention v1.4
Nov 08 14:00:22 digichan-devel kernel[243]: [    0.000000] percpu: Embedded 19 pages/cpu s38888 r8192 d30744 u77824
Nov 08 14:00:22 digichan-devel kernel[243]: [    0.000000] pcpu-alloc: s38888 r8192 d30744 u77824 alloc=19*4096
Nov 08 14:00:22 digichan-devel kernel[243]: [    0.000000] pcpu-alloc: [0] 0 [0] 1
Nov 08 14:00:22 digichan-devel kernel[243]: [    0.000000] Detected PIPT I-cache on CPU0
Nov 08 14:00:22 digichan-devel kernel[243]: [    0.000000] CPU features: detected: GIC system register CPU interface
Nov 08 14:00:22 digichan-devel kernel[243]: [    0.000000] CPU features: detected: Spectre-v2
Nov 08 14:00:22 digichan-devel kernel[243]: [    0.000000] CPU features: detected: Spectre-v3a
Nov 08 14:00:22 digichan-devel kernel[243]: [    0.000000] CPU features: detected: Spectre-BHB
Nov 08 14:00:22 digichan-devel kernel[243]: [    0.000000] CPU features: detected: ARM erratum 1742098
Nov 08 14:00:22 digichan-devel kernel[243]: [    0.000000] CPU features: detected: ARM errata 1165522, 1319367, or 1530923
Nov 08 14:00:22 digichan-devel kernel[243]: [    0.000000] alternatives: applying boot alternatives
Nov 08 14:00:22 digichan-devel kernel[243]: [    0.000000] Kernel command line:  console=ttyAMA0 clk_ignore_unused root=/dev/ram0 rw
Nov 08 14:00:22 digichan-devel kernel[243]: [    0.000000] Dentry cache hash table entries: 1048576 (order: 11, 8388608 bytes, linear)
Nov 08 14:00:22 digichan-devel kernel[243]: [    0.000000] Inode-cache hash table entries: 524288 (order: 10, 4194304 bytes, linear)
Nov 08 14:00:22 digichan-devel kernel[243]: [    0.000000] Built 1 zonelists, mobility grouping on.  Total pages: 2064384
Nov 08 14:00:22 digichan-devel kernel[243]: [    0.000000] mem auto-init: stack:all(zero), heap alloc:off, heap free:off
Nov 08 14:00:22 digichan-devel kernel[243]: [    0.000000] software IO TLB: area num 2.
Nov 08 14:00:22 digichan-devel kernel[243]: [    0.000000] software IO TLB: mapped [mem 0x000000007c000000-0x0000000080000000] (64MB)
Nov 08 14:00:22 digichan-devel kernel[243]: [    0.000000] Memory: 7791276K/8388608K available (13440K kernel code, 988K rwdata, 3864K rodata, 2496K init, 429K bss, 335188K reserved, 262144K cma-reserved)
Nov 08 14:00:22 digichan-devel kernel[243]: [    0.000000] SLUB: HWalign=64, Order=0-3, MinObjects=0, CPUs=2, Nodes=1
Nov 08 14:00:22 digichan-devel kernel[243]: [    0.000000] rcu: Hierarchical RCU implementation.
Nov 08 14:00:22 digichan-devel kernel[243]: [    0.000000] rcu:         RCU event tracing is enabled.
Nov 08 14:00:22 digichan-devel kernel[243]: [    0.000000] rcu:         RCU restricting CPUs from NR_CPUS=16 to nr_cpu_ids=2.
Nov 08 14:00:22 digichan-devel kernel[243]: [    0.000000] rcu: RCU calculated value of scheduler-enlistment delay is 25 jiffies.
Nov 08 14:00:22 digichan-devel kernel[243]: [    0.000000] rcu: Adjusting geometry for rcu_fanout_leaf=16, nr_cpu_ids=2
Nov 08 14:00:22 digichan-devel kernel[243]: [    0.000000] NR_IRQS: 64, nr_irqs: 64, preallocated irqs: 0
Nov 08 14:00:22 digichan-devel kernel[243]: [    0.000000] GICv3: GIC: Using split EOI/Deactivate mode
Nov 08 14:00:22 digichan-devel kernel[243]: [    0.000000] GICv3: 160 SPIs implemented
Nov 08 14:00:22 digichan-devel kernel[243]: [    0.000000] GICv3: 0 Extended SPIs implemented
Nov 08 14:00:22 digichan-devel kernel[243]: [    0.000000] Root IRQ handler: gic_handle_irq
Nov 08 14:00:22 digichan-devel kernel[243]: [    0.000000] GICv3: GICv3 features: 16 PPIs
Nov 08 14:00:22 digichan-devel kernel[243]: [    0.000000] GICv3: CPU0: found redistributor 0 region 0:0x00000000f9080000
Nov 08 14:00:22 digichan-devel kernel[243]: [    0.000000] ITS: No ITS available, not enabling LPIs
Nov 08 14:00:22 digichan-devel kernel[243]: [    0.000000] rcu: srcu_init: Setting srcu_struct sizes based on contention.
Nov 08 14:00:22 digichan-devel kernel[243]: [    0.000000] arch_timer: cp15 timer(s) running at 100.00MHz (phys).
Nov 08 14:00:22 digichan-devel kernel[243]: [    0.000000] clocksource: arch_sys_counter: mask: 0x1ffffffffffffff max_cycles: 0x171024e7e0, max_idle_ns: 440795205315 ns
Nov 08 14:00:22 digichan-devel kernel[243]: [    0.000000] sched_clock: 57 bits at 100MHz, resolution 10ns, wraps every 4398046511100ns
Nov 08 14:00:22 digichan-devel kernel[243]: [    0.000251] Console: colour dummy device 80x25
Nov 08 14:00:22 digichan-devel kernel[243]: [    0.000285] Calibrating delay loop (skipped), value calculated using timer frequency.. 200.00 BogoMIPS (lpj=400000)
Nov 08 14:00:22 digichan-devel kernel[243]: [    0.000296] pid_max: default: 32768 minimum: 301
Nov 08 14:00:22 digichan-devel kernel[243]: [    0.000431] Mount-cache hash table entries: 16384 (order: 5, 131072 bytes, linear)
Nov 08 14:00:22 digichan-devel kernel[243]: [    0.000467] Mountpoint-cache hash table entries: 16384 (order: 5, 131072 bytes, linear)
Nov 08 14:00:22 digichan-devel kernel[243]: [    0.001213] cacheinfo: Unable to detect cache hierarchy for CPU 0
Nov 08 14:00:22 digichan-devel kernel[243]: [    0.002002] rcu: Hierarchical SRCU implementation.
Nov 08 14:00:22 digichan-devel kernel[243]: [    0.002007] rcu:         Max phase no-delay instances is 1000.
Nov 08 14:00:22 digichan-devel kernel[243]: [    0.002392] EFI services will not be available.
Nov 08 14:00:22 digichan-devel kernel[243]: [    0.002545] smp: Bringing up secondary CPUs ...
Nov 08 14:00:22 digichan-devel kernel[243]: [    0.003022] Detected PIPT I-cache on CPU1
Nov 08 14:00:22 digichan-devel kernel[243]: [    0.003081] GICv3: CPU1: found redistributor 1 region 0:0x00000000f90a0000
Nov 08 14:00:22 digichan-devel kernel[243]: [    0.003115] CPU1: Booted secondary processor 0x0000000001 [0x410fd083]
Nov 08 14:00:22 digichan-devel kernel[243]: [    0.003206] smp: Brought up 1 node, 2 CPUs
Nov 08 14:00:22 digichan-devel kernel[243]: [    0.003215] SMP: Total of 2 processors activated.
Nov 08 14:00:22 digichan-devel kernel[243]: [    0.003221] CPU features: detected: 32-bit EL0 Support
Nov 08 14:00:22 digichan-devel kernel[243]: [    0.003226] CPU features: detected: CRC32 instructions
Nov 08 14:00:22 digichan-devel kernel[243]: [    0.003300] CPU: All CPU(s) started at EL2
Nov 08 14:00:22 digichan-devel kernel[243]: [    0.003303] alternatives: applying system-wide alternatives
Nov 08 14:00:22 digichan-devel kernel[243]: [    0.004830] devtmpfs: initialized
Nov 08 14:00:22 digichan-devel kernel[243]: [    0.011461] clocksource: jiffies: mask: 0xffffffff max_cycles: 0xffffffff, max_idle_ns: 7645041785100000 ns
Nov 08 14:00:22 digichan-devel kernel[243]: [    0.011482] futex hash table entries: 512 (order: 3, 32768 bytes, linear)
Nov 08 14:00:22 digichan-devel kernel[243]: [    0.014635] pinctrl core: initialized pinctrl subsystem
Nov 08 14:00:22 digichan-devel kernel[243]: [    0.015053] DMI not present or invalid.
Nov 08 14:00:22 digichan-devel kernel[243]: [    0.015520] NET: Registered PF_NETLINK/PF_ROUTE protocol family
Nov 08 14:00:22 digichan-devel kernel[243]: [    0.016195] DMA: preallocated 1024 KiB GFP_KERNEL pool for atomic allocations
Nov 08 14:00:22 digichan-devel kernel[243]: [    0.016379] DMA: preallocated 1024 KiB GFP_KERNEL|GFP_DMA32 pool for atomic allocations
Nov 08 14:00:22 digichan-devel kernel[243]: [    0.016436] audit: initializing netlink subsys (disabled)
Nov 08 14:00:22 digichan-devel kernel[243]: [    0.016935] audit: type=2000 audit(0.016:1): state=initialized audit_enabled=0 res=1
Nov 08 14:00:22 digichan-devel kernel[243]: [    0.016957] cpuidle: using governor menu
Nov 08 14:00:22 digichan-devel kernel[243]: [    0.017056] hw-breakpoint: found 6 breakpoint and 4 watchpoint registers.
Nov 08 14:00:22 digichan-devel kernel[243]: [    0.017107] ASID allocator initialised with 65536 entries
Nov 08 14:00:22 digichan-devel systemd[1]: Started System Logging Service.
Nov 08 14:00:22 digichan-devel kernel[243]: [    0.017272] Serial: AMBA PL011 UART driver
Nov 08 14:00:22 digichan-devel kernel[243]: [    0.020642] platform axi: Fixed dependency cycle(s) with /axi/interrupt-controller@f9000000
Nov 08 14:00:22 digichan-devel kernel[243]: [    0.028469] Modules: 27424 pages in range for non-PLT usage
Nov 08 14:00:22 digichan-devel kernel[243]: [    0.028476] Modules: 518944 pages in range for PLT usage
Nov 08 14:00:22 digichan-devel kernel[243]: [    0.029081] HugeTLB: registered 1.00 GiB page size, pre-allocated 0 pages
Nov 08 14:00:22 digichan-devel kernel[243]: [    0.029089] HugeTLB: 0 KiB vmemmap can be freed for a 1.00 GiB page
Nov 08 14:00:22 digichan-devel kernel[243]: [    0.029095] HugeTLB: registered 32.0 MiB page size, pre-allocated 0 pages
Nov 08 14:00:22 digichan-devel kernel[243]: [    0.029100] HugeTLB: 0 KiB vmemmap can be freed for a 32.0 MiB page
Nov 08 14:00:22 digichan-devel kernel[243]: [    0.029105] HugeTLB: registered 2.00 MiB page size, pre-allocated 0 pages
Nov 08 14:00:22 digichan-devel kernel[243]: [    0.029109] HugeTLB: 0 KiB vmemmap can be freed for a 2.00 MiB page
Nov 08 14:00:22 digichan-devel kernel[243]: [    0.029115] HugeTLB: registered 64.0 KiB page size, pre-allocated 0 pages
Nov 08 14:00:22 digichan-devel kernel[243]: [    0.029119] HugeTLB: 0 KiB vmemmap can be freed for a 64.0 KiB page
Nov 08 14:00:22 digichan-devel kernel[243]: [    0.029686] raid6: skipped pq benchmark and selected neonx8
Nov 08 14:00:22 digichan-devel kernel[243]: [    0.029693] raid6: using neon recovery algorithm
Nov 08 14:00:22 digichan-devel kernel[243]: [    0.030215] iommu: Default domain type: Translated
Nov 08 14:00:22 digichan-devel kernel[243]: [    0.030222] iommu: DMA domain TLB invalidation policy: strict mode
Nov 08 14:00:22 digichan-devel kernel[243]: [    0.030440] mc: Linux media interface: v0.10
Nov 08 14:00:22 digichan-devel kernel[243]: [    0.030474] videodev: Linux video capture interface: v2.00
Nov 08 14:00:22 digichan-devel kernel[243]: [    0.030500] pps_core: LinuxPPS API ver. 1 registered
Nov 08 14:00:22 digichan-devel kernel[243]: [    0.030505] pps_core: Software ver. 5.3.6 - Copyright 2005-2007 Rodolfo Giometti <giometti@linux.it>
Nov 08 14:00:22 digichan-devel kernel[243]: [    0.030523] PTP clock support registered
Nov 08 14:00:22 digichan-devel kernel[243]: [    0.030552] EDAC MC: Ver: 3.0.0
Nov 08 14:00:22 digichan-devel kernel[243]: [    0.031004] FPGA manager framework
Nov 08 14:00:22 digichan-devel kernel[243]: [    0.031173] Advanced Linux Sound Architecture Driver Initialized.
Nov 08 14:00:22 digichan-devel kernel[243]: [    0.031965] clocksource: Switched to clocksource arch_sys_counter
Nov 08 14:00:22 digichan-devel kernel[243]: [    0.032210] VFS: Disk quotas dquot_6.6.0
Nov 08 14:00:22 digichan-devel kernel[243]: [    0.032241] VFS: Dquot-cache hash table entries: 512 (order 0, 4096 bytes)
Nov 08 14:00:22 digichan-devel kernel[243]: [    0.038463] NET: Registered PF_INET protocol family
Nov 08 14:00:22 digichan-devel kernel[243]: [    0.038792] IP idents hash table entries: 131072 (order: 8, 1048576 bytes, linear)
Nov 08 14:00:22 digichan-devel kernel[243]: [    0.045027] tcp_listen_portaddr_hash hash table entries: 4096 (order: 4, 65536 bytes, linear)
Nov 08 14:00:22 digichan-devel kernel[243]: [    0.045107] Table-perturb hash table entries: 65536 (order: 6, 262144 bytes, linear)
Nov 08 14:00:22 digichan-devel kernel[243]: [    0.045124] TCP established hash table entries: 65536 (order: 7, 524288 bytes, linear)
Nov 08 14:00:22 digichan-devel kernel[243]: [    0.045641] TCP bind hash table entries: 65536 (order: 9, 2097152 bytes, linear)
Nov 08 14:00:22 digichan-devel kernel[243]: [    0.047553] TCP: Hash tables configured (established 65536 bind 65536)
Nov 08 14:00:22 digichan-devel kernel[243]: [    0.047654] UDP hash table entries: 4096 (order: 5, 131072 bytes, linear)
Nov 08 14:00:22 digichan-devel kernel[243]: [    0.047856] UDP-Lite hash table entries: 4096 (order: 5, 131072 bytes, linear)
Nov 08 14:00:22 digichan-devel kernel[243]: [    0.048203] NET: Registered PF_UNIX/PF_LOCAL protocol family
Nov 08 14:00:22 digichan-devel kernel[243]: [    0.048609] RPC: Registered named UNIX socket transport module.
Nov 08 14:00:22 digichan-devel kernel[243]: [    0.048616] RPC: Registered udp transport module.
Nov 08 14:00:22 digichan-devel kernel[243]: [    0.048620] RPC: Registered tcp transport module.
Nov 08 14:00:22 digichan-devel kernel[243]: [    0.048624] RPC: Registered tcp-with-tls transport module.
Nov 08 14:00:22 digichan-devel kernel[243]: [    0.048628] RPC: Registered tcp NFSv4.1 backchannel transport module.
Nov 08 14:00:22 digichan-devel kernel[243]: [    0.048642] PCI: CLS 0 bytes, default 64
Nov 08 14:00:22 digichan-devel kernel[243]: [    0.048852] Trying to unpack rootfs image as initramfs...
Nov 08 14:00:22 digichan-devel kernel[243]: [    0.060378] workingset: timestamp_bits=46 max_order=21 bucket_order=0
Nov 08 14:00:22 digichan-devel kernel[243]: [    0.065758] NFS: Registering the id_resolver key type
Nov 08 14:00:22 digichan-devel kernel[243]: [    0.065787] Key type id_resolver registered
Nov 08 14:00:22 digichan-devel kernel[243]: [    0.065791] Key type id_legacy registered
Nov 08 14:00:22 digichan-devel kernel[243]: [    0.065811] nfs4filelayout_init: NFSv4 File Layout Driver Registering...
Nov 08 14:00:22 digichan-devel kernel[243]: [    0.065817] nfs4flexfilelayout_init: NFSv4 Flexfile Layout Driver Registering...
Nov 08 14:00:22 digichan-devel kernel[243]: [    0.066078] jffs2: version 2.2. (NAND) (SUMMARY)  Â© 2001-2006 Red Hat, Inc.
Nov 08 14:00:22 digichan-devel kernel[243]: [    0.068891] NET: Registered PF_ALG protocol family
Nov 08 14:00:22 digichan-devel kernel[243]: [    0.068904] xor: measuring software checksum speed
Nov 08 14:00:22 digichan-devel kernel[243]: [    0.071446]    8regs           :  3879 MB/sec
Nov 08 14:00:22 digichan-devel kernel[243]: [    0.073820]    32regs          :  4198 MB/sec
Nov 08 14:00:22 digichan-devel kernel[243]: [    0.076677]    arm64_neon      :  3456 MB/sec
Nov 08 14:00:22 digichan-devel kernel[243]: [    0.076682] xor: using function: 32regs (4198 MB/sec)
Nov 08 14:00:22 digichan-devel kernel[243]: [    0.076718] io scheduler mq-deadline registered
Nov 08 14:00:22 digichan-devel kernel[243]: [    0.076725] io scheduler kyber registered
Nov 08 14:00:22 digichan-devel kernel[243]: [    0.076760] io scheduler bfq registered
Nov 08 14:00:22 digichan-devel kernel[243]: [    0.132010] Serial: 8250/16550 driver, 4 ports, IRQ sharing disabled
Nov 08 14:00:22 digichan-devel kernel[243]: [    0.133627] Serial: AMBA driver
Nov 08 14:00:22 digichan-devel kernel[243]: [    0.140722] brd: module loaded
Nov 08 14:00:22 digichan-devel kernel[243]: [    0.144398] loop: module loaded
Nov 08 14:00:22 digichan-devel kernel[243]: [    0.147000] mdio_bus fixed-0: using lookup tables for GPIO lookup
Nov 08 14:00:22 digichan-devel kernel[243]: [    0.147011] mdio_bus fixed-0: No GPIO consumer reset found
Nov 08 14:00:22 digichan-devel kernel[243]: [    0.148880] tun: Universal TUN/TAP device driver, 1.6
Nov 08 14:00:22 digichan-devel kernel[243]: [    0.150231] VFIO - User Level meta-driver version: 0.3
Nov 08 14:00:22 digichan-devel kernel[243]: [    0.150444] i2c_dev: i2c /dev entries driver
Nov 08 14:00:22 digichan-devel kernel[243]: [    0.153933] sdhci: Secure Digital Host Controller Interface driver
Nov 08 14:00:22 digichan-devel kernel[243]: [    0.153939] sdhci: Copyright(c) Pierre Ossman
Nov 08 14:00:22 digichan-devel kernel[243]: [    0.153948] sdhci-pltfm: SDHCI platform and OF driver helper
Nov 08 14:00:22 digichan-devel kernel[243]: [    0.154252] SMCCC: SOC_ID: ID = jep106:0049:0000 Revision = 0x00000000
Nov 08 14:00:22 digichan-devel kernel[243]: [    0.154356] zynqmp_firmware_probe Platform Management API v1.0
Nov 08 14:00:22 digichan-devel kernel[243]: [    0.154416] zynqmp_firmware_probe Trustzone version v1.0
Nov 08 14:00:22 digichan-devel kernel[243]: [    0.155698] xlnx_event_manager xlnx_event_manager: SGI 15 Registered over TF-A
Nov 08 14:00:22 digichan-devel kernel[243]: [    0.155709] xlnx_event_manager xlnx_event_manager: Xilinx Event Management driver probed
Nov 08 14:00:22 digichan-devel kernel[243]: [    0.208872] zynqmp-pinctrl firmware:versal-firmware:pinctrl: This is an experimental solution(hardcoded the MIO ID
Nov 08 14:00:22 digichan-devel kernel[243]: [    0.208872] information) and this solution will be deprecated and use PM interface
Nov 08 14:00:22 digichan-devel kernel[243]: [    0.208872] to get the MIO IDs information
Nov 08 14:00:22 digichan-devel kernel[243]: [    0.227891] securefw securefw: securefw probed
Nov 08 14:00:22 digichan-devel kernel[243]: [    0.228260] zynqmp-aes zynqmp-aes.0: will run requests pump with realtime priority
Nov 08 14:00:22 digichan-devel kernel[243]: [    0.228690] zynqmp_rsa zynqmp_rsa.0: RSA is not supported on the platform
Nov 08 14:00:22 digichan-devel kernel[243]: [    0.232026] ARM CCI_500 PMU driver probed
Nov 08 14:00:22 digichan-devel kernel[243]: [    0.233105] hw perfevents: enabled with armv8_pmuv3 PMU driver, 7 counters available
Nov 08 14:00:22 digichan-devel kernel[243]: [    0.233657] xilinx-secure-config firmware:versal-firmware:versal-sec-cfg: using DT '/firmware/versal-firmware/versal-sec-cfg' for 'wp' GPIO lookup
Nov 08 14:00:22 digichan-devel kernel[243]: [    0.233684] of_get_named_gpiod_flags: can't parse 'wp-gpios' property of node '/firmware/versal-firmware/versal-sec-cfg[0]'
Nov 08 14:00:22 digichan-devel kernel[243]: [    0.233706] of_get_named_gpiod_flags: can't parse 'wp-gpio' property of node '/firmware/versal-firmware/versal-sec-cfg[0]'
Nov 08 14:00:22 digichan-devel kernel[243]: [    0.233724] xilinx-secure-config firmware:versal-firmware:versal-sec-cfg: using lookup tables for GPIO lookup
Nov 08 14:00:22 digichan-devel kernel[243]: [    0.233731] xilinx-secure-config firmware:versal-firmware:versal-sec-cfg: No GPIO consumer wp found
Nov 08 14:00:22 digichan-devel kernel[243]: [    0.234164] fpga_manager fpga0: Xilinx Versal FPGA Manager registered
Nov 08 14:00:22 digichan-devel kernel[243]: [    0.234934] pktgen: Packet Generator for packet performance testing. Version: 2.75
Nov 08 14:00:22 digichan-devel kernel[243]: [    0.241633] Initializing XFRM netlink socket
Nov 08 14:00:22 digichan-devel kernel[243]: [    0.241688] NET: Registered PF_INET6 protocol family
Nov 08 14:00:22 digichan-devel kernel[243]: [    0.242405] Segment Routing with IPv6
Nov 08 14:00:22 digichan-devel kernel[243]: [    0.242442] In-situ OAM (IOAM) with IPv6
Nov 08 14:00:22 digichan-devel kernel[243]: [    0.242550] sit: IPv6, IPv4 and MPLS over IPv4 tunneling driver
Nov 08 14:00:22 digichan-devel kernel[243]: [    0.242996] NET: Registered PF_PACKET protocol family
Nov 08 14:00:22 digichan-devel kernel[243]: [    0.243008] NET: Registered PF_KEY protocol family
Nov 08 14:00:22 digichan-devel kernel[243]: [    0.243061] 8021q: 802.1Q VLAN Support v1.8
Nov 08 14:00:22 digichan-devel kernel[243]: [    0.243287] 9pnet: Installing 9P2000 support
Nov 08 14:00:22 digichan-devel kernel[243]: [    0.243319] Key type dns_resolver registered
Nov 08 14:00:22 digichan-devel kernel[243]: [    0.249380] registered taskstats version 1
Nov 08 14:00:22 digichan-devel kernel[243]: [    0.259024] Btrfs loaded, zoned=no, fsverity=no
Nov 08 14:00:22 digichan-devel kernel[243]: [    0.327597] uart-pl011 ff000000.serial: using DT '/axi/serial@ff000000' for 'rs485-term' GPIO lookup
Nov 08 14:00:22 digichan-devel kernel[243]: [    0.327627] of_get_named_gpiod_flags: can't parse 'rs485-term-gpios' property of node '/axi/serial@ff000000[0]'
Nov 08 14:00:22 digichan-devel kernel[243]: [    0.327647] of_get_named_gpiod_flags: can't parse 'rs485-term-gpio' property of node '/axi/serial@ff000000[0]'
Nov 08 14:00:22 digichan-devel kernel[243]: [    0.327661] uart-pl011 ff000000.serial: using lookup tables for GPIO lookup
Nov 08 14:00:22 digichan-devel kernel[243]: [    0.327668] uart-pl011 ff000000.serial: No GPIO consumer rs485-term found
Nov 08 14:00:22 digichan-devel kernel[243]: [    0.327674] uart-pl011 ff000000.serial: using DT '/axi/serial@ff000000' for 'rs485-rx-during-tx' GPIO lookup
Nov 08 14:00:22 digichan-devel kernel[243]: [    0.327690] of_get_named_gpiod_flags: can't parse 'rs485-rx-during-tx-gpios' property of node '/axi/serial@ff000000[0]'
Nov 08 14:00:22 digichan-devel kernel[243]: [    0.327708] of_get_named_gpiod_flags: can't parse 'rs485-rx-during-tx-gpio' property of node '/axi/serial@ff000000[0]'
Nov 08 14:00:22 digichan-devel kernel[243]: [    0.327721] uart-pl011 ff000000.serial: using lookup tables for GPIO lookup
Nov 08 14:00:22 digichan-devel kernel[243]: [    0.327727] uart-pl011 ff000000.serial: No GPIO consumer rs485-rx-during-tx found
Nov 08 14:00:22 digichan-devel kernel[243]: [    0.327900] ff000000.serial: ttyAMA0 at MMIO 0xff000000 (irq = 18, base_baud = 0) is a PL011 rev3
Nov 08 14:00:22 digichan-devel kernel[243]: [    0.327925] printk: console [ttyAMA0] enabled
Nov 08 14:00:22 digichan-devel kernel[243]: [    1.411508] uart-pl011 ff010000.serial: using DT '/axi/serial@ff010000' for 'rs485-term' GPIO lookup
Nov 08 14:00:22 digichan-devel kernel[243]: [    1.411540] of_get_named_gpiod_flags: can't parse 'rs485-term-gpios' property of node '/axi/serial@ff010000[0]'
Nov 08 14:00:22 digichan-devel kernel[243]: [    1.411559] of_get_named_gpiod_flags: can't parse 'rs485-term-gpio' property of node '/axi/serial@ff010000[0]'
Nov 08 14:00:22 digichan-devel kernel[243]: [    1.411574] uart-pl011 ff010000.serial: using lookup tables for GPIO lookup
Nov 08 14:00:22 digichan-devel kernel[243]: [    1.411581] uart-pl011 ff010000.serial: No GPIO consumer rs485-term found
Nov 08 14:00:22 digichan-devel kernel[243]: [    1.411587] uart-pl011 ff010000.serial: using DT '/axi/serial@ff010000' for 'rs485-rx-during-tx' GPIO lookup
Nov 08 14:00:22 digichan-devel kernel[243]: [    1.411604] of_get_named_gpiod_flags: can't parse 'rs485-rx-during-tx-gpios' property of node '/axi/serial@ff010000[0]'
Nov 08 14:00:22 digichan-devel kernel[243]: [    1.411621] of_get_named_gpiod_flags: can't parse 'rs485-rx-during-tx-gpio' property of node '/axi/serial@ff010000[0]'
Nov 08 14:00:22 digichan-devel kernel[243]: [    1.411635] uart-pl011 ff010000.serial: using lookup tables for GPIO lookup
Nov 08 14:00:22 digichan-devel kernel[243]: [    1.411640] uart-pl011 ff010000.serial: No GPIO consumer rs485-rx-during-tx found
Nov 08 14:00:22 digichan-devel kernel[243]: [    1.411788] ff010000.serial: ttyAMA2 at MMIO 0xff010000 (irq = 19, base_baud = 0) is a PL011 rev3
Nov 08 14:00:22 digichan-devel kernel[243]: [    1.422130] aie aieaperture_0_17: AI engine aperture aieaperture_0_17, id 0x18800000, cols(0, 17) aie_tile_rows(2, 2) memory_tile_rows(1, 1) is probed successfully.
Nov 08 14:00:22 digichan-devel kernel[243]: [    1.436871] xilinx-ai-engine 20000000000.ai_engine: Xilinx AI Engine device 20000000000.ai_engine probed. Device generation: 2. Clock frequency: 1000000000Hz.
Nov 08 14:00:22 digichan-devel kernel[243]: [    1.451332] of-fpga-region fpga: FPGA Region probed
Nov 08 14:00:22 digichan-devel kernel[243]: [    1.456498] gpiochip_find_base: found new base at 512
Nov 08 14:00:22 digichan-devel kernel[243]: [    1.456749] gpio gpiochip0: (versal_gpio): added GPIO chardev (254:0)
Nov 08 14:00:22 digichan-devel kernel[243]: [    1.456805] gpio gpiochip0: registered GPIOs 512 to 569 on versal_gpio
Nov 08 14:00:22 digichan-devel kernel[243]: [    1.457124] gpiochip_find_base: found new base at 570
Nov 08 14:00:22 digichan-devel kernel[243]: [    1.457334] gpio gpiochip1: (pmc_gpio): added GPIO chardev (254:1)
Nov 08 14:00:22 digichan-devel kernel[243]: [    1.457383] gpio gpiochip1: registered GPIOs 570 to 685 on pmc_gpio
Nov 08 14:00:22 digichan-devel kernel[243]: [    1.457634] xilinx-vdma a4050000.dma: Please ensure that IP supports buffer length > 23 bits
Nov 08 14:00:22 digichan-devel kernel[243]: [    1.466371] xilinx-vdma a4050000.dma: Xilinx AXI DMA Engine Driver Probed!!
Nov 08 14:00:22 digichan-devel kernel[243]: [    1.473894] xilinx-vdma a41e0000.dma: Xilinx AXI DMA Engine Driver Probed!!
Nov 08 14:00:22 digichan-devel kernel[243]: [    1.484323] of_serial a41b0000.serial: using DT '/pl-bus/serial@a41b0000' for 'rs485-term' GPIO lookup
Nov 08 14:00:22 digichan-devel kernel[243]: [    1.484359] of_get_named_gpiod_flags: can't parse 'rs485-term-gpios' property of node '/pl-bus/serial@a41b0000[0]'
Nov 08 14:00:22 digichan-devel kernel[243]: [    1.484381] of_get_named_gpiod_flags: can't parse 'rs485-term-gpio' property of node '/pl-bus/serial@a41b0000[0]'
Nov 08 14:00:22 digichan-devel kernel[243]: [    1.484396] of_serial a41b0000.serial: using lookup tables for GPIO lookup
Nov 08 14:00:22 digichan-devel kernel[243]: [    1.484403] of_serial a41b0000.serial: No GPIO consumer rs485-term found
Nov 08 14:00:22 digichan-devel kernel[243]: [    1.484410] of_serial a41b0000.serial: using DT '/pl-bus/serial@a41b0000' for 'rs485-rx-during-tx' GPIO lookup
Nov 08 14:00:22 digichan-devel kernel[243]: [    1.484427] of_get_named_gpiod_flags: can't parse 'rs485-rx-during-tx-gpios' property of node '/pl-bus/serial@a41b0000[0]'
Nov 08 14:00:22 digichan-devel kernel[243]: [    1.484445] of_get_named_gpiod_flags: can't parse 'rs485-rx-during-tx-gpio' property of node '/pl-bus/serial@a41b0000[0]'
Nov 08 14:00:22 digichan-devel kernel[243]: [    1.484458] of_serial a41b0000.serial: using lookup tables for GPIO lookup
Nov 08 14:00:22 digichan-devel kernel[243]: [    1.484464] of_serial a41b0000.serial: No GPIO consumer rs485-rx-during-tx found
Nov 08 14:00:22 digichan-devel kernel[243]: [    1.484637] a41b0000.serial: ttyS3 at MMIO 0xa41b1000 (irq = 35, base_baud = 6250000) is a 16550A
Nov 08 14:00:22 digichan-devel kernel[243]: [    1.500256] spi-nor spi0.0: using DT '/axi/spi@f1030000/flash@0' for 'reset' GPIO lookup
Nov 08 14:00:22 digichan-devel kernel[243]: [    1.500290] of_get_named_gpiod_flags: can't parse 'reset-gpios' property of node '/axi/spi@f1030000/flash@0[0]'
Nov 08 14:00:22 digichan-devel kernel[243]: [    1.500314] of_get_named_gpiod_flags: can't parse 'reset-gpio' property of node '/axi/spi@f1030000/flash@0[0]'
Nov 08 14:00:22 digichan-devel kernel[243]: [    1.500333] spi-nor spi0.0: using lookup tables for GPIO lookup
Nov 08 14:00:22 digichan-devel kernel[243]: [    1.500340] spi-nor spi0.0: No GPIO consumer reset found
Nov 08 14:00:22 digichan-devel kernel[243]: [    1.500556] spi-nor spi0.0: AVALANCHE_2x1G (262144 Kbytes)
Nov 08 14:00:22 digichan-devel kernel[243]: [    1.506163] 7 fixed-partitions partitions found on MTD device spi0.0
Nov 08 14:00:22 digichan-devel kernel[243]: [    1.512542] Creating 7 MTD partitions on "spi0.0":
Nov 08 14:00:22 digichan-devel kernel[243]: [    1.517337] 0x00000f800000-0x00000ff00000 : "nonvol"
Nov 08 14:00:22 digichan-devel kernel[243]: [    1.523362] 0x000000000000-0x000006000000 : "image0"
Nov 08 14:00:22 digichan-devel kernel[243]: [    1.529326] 0x000006000000-0x00000c000000 : "image1"
Nov 08 14:00:22 digichan-devel kernel[243]: [    1.535242] 0x000000000000-0x000007c00000 : "devel0"
Nov 08 14:00:22 digichan-devel kernel[243]: [    1.541157] 0x000007c00000-0x00000f800000 : "devel1"
Nov 08 14:00:22 digichan-devel kernel[243]: [    1.547073] 0x00000c000000-0x00000f800000 : "golden0"
Nov 08 14:00:22 digichan-devel kernel[243]: [    1.553098] 0x00000ff00000-0x000010000000 : "extras"
Nov 08 14:00:22 digichan-devel kernel[243]: [    1.560623] mdio_bus ff0c0000.ethernet-ffffffff: using DT '/axi/ethernet@ff0c0000/mdio' for 'reset' GPIO lookup
Nov 08 14:00:22 digichan-devel kernel[243]: [    1.560657] of_get_named_gpiod_flags: can't parse 'reset-gpios' property of node '/axi/ethernet@ff0c0000/mdio[0]'
Nov 08 14:00:22 digichan-devel kernel[243]: [    1.560681] of_get_named_gpiod_flags: can't parse 'reset-gpio' property of node '/axi/ethernet@ff0c0000/mdio[0]'
Nov 08 14:00:22 digichan-devel kernel[243]: [    1.560701] mdio_bus ff0c0000.ethernet-ffffffff: using lookup tables for GPIO lookup
Nov 08 14:00:22 digichan-devel kernel[243]: [    1.560708] mdio_bus ff0c0000.ethernet-ffffffff: No GPIO consumer reset found
Nov 08 14:00:22 digichan-devel kernel[243]: [    4.783306] Freeing initrd memory: 87316K
Nov 08 14:00:22 digichan-devel kernel[243]: [    4.791446] mdio_bus ff0c0000.ethernet-ffffffff:01: using DT '/axi/ethernet@ff0c0000/mdio/ethernet-phy@1' for 'reset' GPIO lookup
Nov 08 14:00:22 digichan-devel kernel[243]: [    4.791505] of_get_named_gpiod_flags: parsed 'reset-gpios' property of node '/axi/ethernet@ff0c0000/mdio/ethernet-phy@1[0]' - status (0)
Nov 08 14:00:22 digichan-devel kernel[243]: [    4.791582] gpio gpiochip1: Persistence not supported for GPIO 19
Nov 08 14:00:22 digichan-devel kernel[243]: [    4.848616] macb ff0c0000.ethernet eth0: Cadence GEM rev 0x0107010b at 0xff0c0000 irq 43 (02:ee:dd:cc:bb:03)
Nov 08 14:00:22 digichan-devel kernel[243]: [    4.860517] rtc_zynqmp f12a0000.rtc: registered as rtc0
Nov 08 14:00:22 digichan-devel kernel[243]: [    4.865778] rtc_zynqmp f12a0000.rtc: setting system clock to 2004-01-10T14:17:43 UTC (1073744263)
Nov 08 14:00:22 digichan-devel kernel[243]: [    4.874882] cdns-i2c ff030000.i2c: can't get pinctrl, bus recovery not supported
Nov 08 14:00:22 digichan-devel kernel[243]: [    4.882667] cdns-i2c ff030000.i2c: 100 kHz mmio ff030000 irq 46
Nov 08 14:00:22 digichan-devel kernel[243]: [    4.888821] cdns-i2c f1000000.i2c: can't get pinctrl, bus recovery not supported
Nov 08 14:00:22 digichan-devel kernel[243]: [    4.896748] cdns-i2c f1000000.i2c: 100 kHz mmio f1000000 irq 47
Nov 08 14:00:22 digichan-devel kernel[243]: [    4.903201] cpufreq: cpufreq_online: CPU0: Running at unlisted initial frequency: 799999 KHz, changing to: 800000 KHz
Nov 08 14:00:22 digichan-devel kernel[243]: [    4.917271] of_cfs_init
Nov 08 14:00:22 digichan-devel kernel[243]: [    4.919783] of_cfs_init: OK
Nov 08 14:00:22 digichan-devel kernel[243]: [    4.922669] clk: Not disabling unused clocks
Nov 08 14:00:22 digichan-devel kernel[243]: [    4.927343] ALSA device list:
Nov 08 14:00:22 digichan-devel kernel[243]: [    4.930313]   No soundcards found.
Nov 08 14:00:22 digichan-devel kernel[243]: [    4.934105] uart-pl011 ff000000.serial: no DMA platform data
Nov 08 14:00:22 digichan-devel kernel[243]: [    4.940809] Freeing unused kernel memory: 2496K
Nov 08 14:00:22 digichan-devel kernel[243]: [    4.945463] Run /init as init process
Nov 08 14:00:22 digichan-devel kernel[243]: [    4.949144]   with arguments:
Nov 08 14:00:22 digichan-devel kernel[243]: [    4.949148]     /init
Nov 08 14:00:22 digichan-devel kernel[243]: [    4.949152]   with environment:
Nov 08 14:00:22 digichan-devel kernel[243]: [    4.949156]     HOME=/
Nov 08 14:00:22 digichan-devel kernel[243]: [    4.949160]     TERM=linux
Nov 08 14:00:22 digichan-devel kernel[243]: [    4.963550] systemd[1]: System time before build time, advancing clock.
Nov 08 14:00:22 digichan-devel kernel[243]: [    4.975509] systemd[1]: systemd 251.8+ running in system mode (+PAM -AUDIT -SELINUX -APPARMOR +IMA -SMACK +SECCOMP -GCRYPT -GNUTLS -OPENSSL +ACL +BLKID -CURL -ELFUTILS -FIDO2 -IDN2 -IDN -IPTC +KMOD -LIBCRYPTSETUP +LIBFDISK -PCRE2 -PWQUALITY -P11KIT -QRENCODE -TPM2 -BZIP2 -LZ4 -XZ -ZLIB +ZSTD -BPF_FRAMEWORK -XKBCOMMON +UTMP +SYSVINIT default-hierarchy=hybrid)
Nov 08 14:00:22 digichan-devel kernel[243]: [    5.007474] systemd[1]: Detected architecture arm64.
Nov 08 14:00:22 digichan-devel kernel[243]: [    5.064203] systemd[1]: Hostname set to <digichan-devel>.
Nov 08 14:00:22 digichan-devel kernel[243]: [    5.069803] systemd[1]: Initializing machine ID from random generator.
Nov 08 14:00:22 digichan-devel kernel[243]: [    5.156061] systemd-sysv-generator[139]: SysV service '/etc/init.d/sshd' lacks a native systemd unit file. Automatically generating a unit file for compatibility. Please update package to include a native systemd unit file, in order to make it more safe and robust.
Nov 08 14:00:22 digichan-devel kernel[243]: [    5.181383] systemd-sysv-generator[139]: SysV service '/etc/init.d/inetd.busybox' lacks a native systemd unit file. Automatically generating a unit file for compatibility. Please update package to include a native systemd unit file, in order to make it more safe and robust.
Nov 08 14:00:22 digichan-devel kernel[243]: [    5.393572] systemd[1]: Queued start job for default target Multi-User System.
Nov 08 14:00:22 digichan-devel kernel[243]: [    5.446226] systemd[1]: Created slice Slice /system/getty.
Nov 08 14:00:22 digichan-devel kernel[243]: [    5.469819] systemd[1]: Created slice Slice /system/modprobe.
Nov 08 14:00:22 digichan-devel kernel[243]: [    5.493708] systemd[1]: Created slice Slice /system/serial-getty.
Nov 08 14:00:22 digichan-devel kernel[243]: [    5.517330] systemd[1]: Created slice User and Session Slice.
Nov 08 14:00:22 digichan-devel kernel[243]: [    5.536332] systemd[1]: Started Dispatch Password Requests to Console Directory Watch.
Nov 08 14:00:22 digichan-devel kernel[243]: [    5.560497] systemd[1]: Started Forward Password Requests to Wall Directory Watch.
Nov 08 14:00:22 digichan-devel kernel[243]: [    5.584603] systemd[1]: Reached target Path Units.
Nov 08 14:00:22 digichan-devel kernel[243]: [    5.604376] systemd[1]: Reached target Remote File Systems.
Nov 08 14:00:22 digichan-devel kernel[243]: [    5.624332] systemd[1]: Reached target Slice Units.
Nov 08 14:00:22 digichan-devel kernel[243]: [    5.644542] systemd[1]: Reached target Swaps.
Nov 08 14:00:22 digichan-devel kernel[243]: [    5.666197] systemd[1]: Listening on RPCbind Server Activation Socket.
Nov 08 14:00:22 digichan-devel kernel[243]: [    5.688464] systemd[1]: Reached target RPC Port Mapper.
Nov 08 14:00:22 digichan-devel kernel[243]: [    5.709852] systemd[1]: Listening on Syslog Socket.
Nov 08 14:00:22 digichan-devel kernel[243]: [    5.729223] systemd[1]: Listening on initctl Compatibility Named Pipe.
Nov 08 14:00:22 digichan-devel kernel[243]: [    5.754179] systemd[1]: Listening on Journal Audit Socket.
Nov 08 14:00:22 digichan-devel kernel[243]: [    5.777613] systemd[1]: Listening on Journal Socket (/dev/log).
Nov 08 14:00:22 digichan-devel kernel[243]: [    5.801881] systemd[1]: Listening on Journal Socket.
Nov 08 14:00:22 digichan-devel kernel[243]: [    5.822319] systemd[1]: Listening on Network Service Netlink Socket.
Nov 08 14:00:22 digichan-devel kernel[243]: [    5.845898] systemd[1]: Listening on udev Control Socket.
Nov 08 14:00:22 digichan-devel kernel[243]: [    5.869472] systemd[1]: Listening on udev Kernel Socket.
Nov 08 14:00:22 digichan-devel kernel[243]: [    5.893607] systemd[1]: Listening on User Database Manager Socket.
Nov 08 14:00:22 digichan-devel kernel[243]: [    5.944641] systemd[1]: Mounting Huge Pages File System...
Nov 08 14:00:22 digichan-devel kernel[243]: [    5.974704] systemd[1]: Mounting POSIX Message Queue File System...
Nov 08 14:00:22 digichan-devel kernel[243]: [    6.004496] systemd[1]: Mounting Kernel Debug File System...
Nov 08 14:00:22 digichan-devel kernel[243]: [    6.024819] systemd[1]: Kernel Trace File System was skipped because of a failed condition check (ConditionPathExists=/sys/kernel/tracing).
Nov 08 14:00:22 digichan-devel kernel[243]: [    6.056450] systemd[1]: Mounting Temporary Directory /tmp...
Nov 08 14:00:22 digichan-devel kernel[243]: [    6.077446] systemd[1]: Create List of Static Device Nodes was skipped because of a failed condition check (ConditionFileNotEmpty=/lib/modules/6.6.10-xilinx-v2024.1-g262cb1c15c90-dirty/modules.devname).
Nov 08 14:00:22 digichan-devel kernel[243]: [    6.128910] systemd[1]: Starting Load Kernel Module configfs...
Nov 08 14:00:22 digichan-devel kernel[243]: [    6.156653] systemd[1]: Starting Load Kernel Module drm...
Nov 08 14:00:22 digichan-devel kernel[243]: [    6.181779] systemd[1]: Starting Load Kernel Module fuse...
Nov 08 14:00:22 digichan-devel kernel[243]: [    6.233007] systemd[1]: Starting RPC Bind...
Nov 08 14:00:22 digichan-devel kernel[243]: [    6.248591] systemd[1]: File System Check on Root Device was skipped because of a failed condition check (ConditionPathIsReadWrite=!/).
Nov 08 14:00:22 digichan-devel kernel[243]: [    6.261839] systemd[1]: systemd-journald.service: unit configures an IP firewall, but the local system does not support BPF/cgroup firewalling.
Nov 08 14:00:22 digichan-devel kernel[243]: [    6.274745] systemd[1]: (This warning is only shown for the first unit using IP firewalling.)
Nov 08 14:00:22 digichan-devel kernel[243]: [    6.304580] systemd[1]: Starting Journal Service...
Nov 08 14:00:22 digichan-devel kernel[243]: [    6.332466] systemd[1]: Starting Load Kernel Modules...
Nov 08 14:00:22 digichan-devel kernel[243]: [    6.348768] atm_driver: loading out-of-tree module taints kernel.
Nov 08 14:00:22 digichan-devel kernel[243]: [    6.355239] ATM: atm_init_module
Nov 08 14:00:22 digichan-devel kernel[243]: [    6.358751] ATM: atm_probe
Nov 08 14:00:22 digichan-devel kernel[243]: [    6.361633] of_get_named_gpiod_flags: parsed 'rx-gpios' property of node '/axi/spi@ff050000[0]' - status (0)
Nov 08 14:00:22 digichan-devel kernel[243]: [    6.365676] systemd[1]: Starting Generate network units from Kernel command line...
Nov 08 14:00:22 digichan-devel kernel[243]: [    6.373756] ATM: ATM Complete
Nov 08 14:00:22 digichan-devel kernel[243]: [    6.378408] injector_probe called
Nov 08 14:00:22 digichan-devel kernel[243]: [    6.379849] injector_probe completed successfully
Nov 08 14:00:22 digichan-devel kernel[243]: [    6.385038] fpga_version_id: 0x01e00001
Nov 08 14:00:22 digichan-devel kernel[243]: [    6.398159] fpga_version_num: 0x00010215
Nov 08 14:00:22 digichan-devel kernel[243]: [    6.403636] fpga_build_num: 0x68bea641
Nov 08 14:00:22 digichan-devel kernel[243]: [    6.407390] fpga_artix7_version_num: 0x00000000
Nov 08 14:00:22 digichan-devel kernel[243]: [    6.417556] recorder_probe called
Nov 08 14:00:22 digichan-devel kernel[243]: [    6.432291] systemd[1]: Starting Remount Root and Kernel File Systems...
Nov 08 14:00:22 digichan-devel kernel[243]: [    6.439986] recorder_probe completed successfully
Nov 08 14:00:22 digichan-devel kernel[243]: [    6.492727] systemd[1]: Starting Coldplug All udev Devices...
Nov 08 14:00:22 digichan-devel kernel[243]: [    6.521313] systemd[1]: Started RPC Bind.
Nov 08 14:00:22 digichan-devel kernel[243]: [    6.540591] systemd[1]: Started Journal Service.
Nov 08 14:00:22 digichan-devel kernel[243]: [    6.828565] systemd-journald[149]: Received client request to flush runtime journal.
Nov 08 14:00:22 digichan-devel kernel[243]: [    8.303999] random: crng init done
Nov 08 14:00:22 digichan-devel kernel[243]: [    8.424144] macb ff0c0000.ethernet eth0: PHY [ff0c0000.ethernet-ffffffff:01] driver [Marvell 88E1111] (irq=POLL)
Nov 08 14:00:22 digichan-devel kernel[243]: [    8.434396] macb ff0c0000.ethernet eth0: configuring for phy/rgmii-id link mode
Nov 08 14:00:22 digichan-devel kernel[243]: [    8.457656] pps pps0: new PPS source ptp0
Nov 08 14:00:22 digichan-devel kernel[243]: [    8.479446] macb ff0c0000.ethernet: gem-ptp-timer ptp clock registered.
Nov 08 14:00:22 digichan-devel kernel[243]: [    8.632947] [drm] Probing for xlnx,zocl-versal
Nov 08 14:00:22 digichan-devel kernel[243]: [    8.637721] zocl-drm zyxclmm_drm: error -ENXIO: IRQ index 8 not found
Nov 08 14:00:22 digichan-devel kernel[243]: [    8.644665] [drm] FPGA programming device versal_fpga founded.
Nov 08 14:00:22 digichan-devel kernel[243]: [    8.689941] [drm] PR[0] Isolation addr 0x0
Nov 08 14:00:22 digichan-devel kernel[243]: [    8.692498] [drm] Initialized zocl 2.17.0 20250804 for zyxclmm_drm on minor 0
Nov 08 14:00:22 digichan-devel kernel[243]: [    9.338884] Unloading old XRT Linux kernel modules
Nov 08 14:00:22 digichan-devel kernel[243]: [    9.349625] zocl_irq_intc ZOCL_CU_INTC.1.auto: zintc_remove: Removing zocl_irq_intc
Nov 08 14:00:22 digichan-devel kernel[243]: [    9.377517] Loading new XRT Linux kernel modules
Nov 08 14:00:22 digichan-devel kernel[243]: [    9.391346] [drm] Probing for xlnx,zocl-versal
Nov 08 14:00:22 digichan-devel kernel[243]: [    9.396048] zocl-drm zyxclmm_drm: error -ENXIO: IRQ index 8 not found
Nov 08 14:00:22 digichan-devel kernel[243]: [    9.403112] [drm] FPGA programming device versal_fpga founded.
Nov 08 14:00:22 digichan-devel kernel[243]: [    9.421158] [drm] PR[0] Isolation addr 0x0
Nov 08 14:00:22 digichan-devel kernel[243]: [    9.434695] [drm] Initialized zocl 2.17.0 20250804 for zyxclmm_drm on minor 0
Nov 08 14:00:22 digichan-devel kernel[243]: [    9.502550] EXT4-fs (mtdblock0): VFS: Can't find ext4 filesystem
Nov 08 14:00:22 digichan-devel kernel[243]: [    9.544684] INFO: Creating ICD entry for Xilinx Platform
Nov 08 14:00:22 digichan-devel systemd[1]: Starting D-Bus System Message Bus...
Nov 08 14:00:22 digichan-devel systemd[1]: Starting Ramon Space DigiChan Status Service...
Nov 08 14:00:22 digichan-devel wait-for-pattern.sh[246]: Waiting for pattern in file: pattern='.', file='/run/ramon-space-init.status', timeout=150s
Nov 08 14:00:22 digichan-devel avahi-daemon[241]: Successfully called chroot().
Nov 08 14:00:22 digichan-devel avahi-daemon[241]: Successfully dropped remaining capabilities.
Nov 08 14:00:22 digichan-devel avahi-daemon[241]: No service file found in /etc/avahi/services.
Nov 08 14:00:22 digichan-devel avahi-daemon[241]: Joining mDNS multicast group on interface lo.IPv6 with address ::1.
Nov 08 14:00:22 digichan-devel avahi-daemon[241]: New relevant interface lo.IPv6 for mDNS.
Nov 08 14:00:22 digichan-devel avahi-daemon[241]: Joining mDNS multicast group on interface lo.IPv4 with address 127.0.0.1.
Nov 08 14:00:22 digichan-devel avahi-daemon[241]: New relevant interface lo.IPv4 for mDNS.
Nov 08 14:00:22 digichan-devel avahi-daemon[241]: Network interface enumeration completed.
Nov 08 14:00:22 digichan-devel avahi-daemon[241]: Registering new address record for ::1 on lo.*.
Nov 08 14:00:22 digichan-devel avahi-daemon[241]: Registering new address record for 127.0.0.1 on lo.IPv4.
Nov 08 14:00:22 digichan-devel systemd[1]: Starting inetd.busybox.service...
Nov 08 14:00:22 digichan-devel inetd.busybox[249]: Starting internet superserver: inetd.
Nov 08 14:00:22 digichan-devel systemd[1]: Starting Ramon Space JESD Link Monitor...
Nov 08 14:00:22 digichan-devel wait-for-pattern.sh[254]: Waiting for pattern in file: pattern='READY', file='/run/ramon-space-init.status', timeout=150s
Nov 08 14:00:22 digichan-devel systemd[1]: Starting Ramon Space Initialization...
Nov 08 14:00:22 digichan-devel kernel: gpio gpiochip1: Persistence not supported for GPIO 24
Nov 08 14:00:22 digichan-devel kernel[243]: [   10.286126] gpio gpiochip1: Persistence not supported for GPIO 24
Nov 08 14:00:22 digichan-devel ramon-space-init-digichan.sh[258]: egse_connected=0
Nov 08 14:00:22 digichan-devel systemd[1]: Starting Set IP Address via selectipaddr.sh...
Nov 08 14:00:22 digichan-devel ramon-space-init-digichan.sh[264]: [POWER UP] Initializing system components...
Nov 08 14:00:22 digichan-devel kernel: gpio gpiochip1: Persistence not supported for GPIO 15
Nov 08 14:00:22 digichan-devel kernel: gpio gpiochip1: registered chardev handle for line 15
Nov 08 14:00:22 digichan-devel kernel: gpio gpiochip1: Persistence not supported for GPIO 14
Nov 08 14:00:22 digichan-devel kernel: gpio gpiochip1: registered chardev handle for line 14
Nov 08 14:00:22 digichan-devel kernel: gpio gpiochip1: Persistence not supported for GPIO 13
Nov 08 14:00:22 digichan-devel kernel: gpio gpiochip1: registered chardev handle for line 13
Nov 08 14:00:22 digichan-devel kernel: gpio gpiochip1: registered chardev handle for 3 lines
Nov 08 14:00:22 digichan-devel kernel[243]: [   10.314673] gpio gpiochip1: Persistence not supported for GPIO 15
Nov 08 14:00:22 digichan-devel ramon-space-init-digichan.sh[266]: MIO19=0x0000034c
Nov 08 14:00:22 digichan-devel kernel[243]: [   10.314696] gpio gpiochip1: registered chardev handle for line 15
Nov 08 14:00:22 digichan-devel selectipaddr.sh[262]: Note: Force Recovery Mode = 0
Nov 08 14:00:22 digichan-devel kernel[243]: [   10.314706] gpio gpiochip1: Persistence not supported for GPIO 14
Nov 08 14:00:22 digichan-devel systemd[1]: Starting User Login Management...
Nov 08 14:00:22 digichan-devel kernel[243]: [   10.314715] gpio gpiochip1: registered chardev handle for line 14
Nov 08 14:00:22 digichan-devel kernel[243]: [   10.314723] gpio gpiochip1: Persistence not supported for GPIO 13
Nov 08 14:00:22 digichan-devel kernel[243]: [   10.314731] gpio gpiochip1: registered chardev handle for line 13
Nov 08 14:00:22 digichan-devel kernel[243]: [   10.314748] gpio gpiochip1: registered chardev handle for 3 lines
Nov 08 14:00:22 digichan-devel systemd[1]: Starting OpenSSH Key Generation...
Nov 08 14:00:22 digichan-devel selectipaddr.sh[262]: Note: IP=10.1.1.2/24, GATEWAY=0.0.0.0
Nov 08 14:00:22 digichan-devel avahi-daemon[241]: Joining mDNS multicast group on interface eth0.IPv4 with address 10.1.1.2.
Nov 08 14:00:22 digichan-devel avahi-daemon[241]: New relevant interface eth0.IPv4 for mDNS.
Nov 08 14:00:22 digichan-devel avahi-daemon[241]: Registering new address record for 10.1.1.2 on eth0.IPv4.
Nov 08 14:00:22 digichan-devel systemd[1]: Started D-Bus System Message Bus.
Nov 08 14:00:22 digichan-devel sshd_check_keys[283]:   generating ssh RSA host key...
Nov 08 14:00:22 digichan-devel systemd[1]: Started inetd.busybox.service.
Nov 08 14:00:22 digichan-devel systemd[1]: Finished Set IP Address via selectipaddr.sh.
Nov 08 14:00:22 digichan-devel systemd[1]: Reached target Network.
Nov 08 14:00:22 digichan-devel ramon-space-init-digichan.sh[292]: gpio_psu_0=0x20000000
Nov 08 14:00:22 digichan-devel systemd[1]: Started Channelizer Manager Service.
Nov 08 14:00:22 digichan-devel channelizer-manager[294]: INFO: Channelizer Manager - Starting... (build info) Sep 22 2025 14:41:48
Nov 08 14:00:22 digichan-devel channelizer-manager[294]: TRACE: PPSHandler: thread running...
Nov 08 14:00:22 digichan-devel channelizer-manager[294]: TRACE: PPSHandler: entering main loop...
Nov 08 14:00:22 digichan-devel channelizer-manager[294]: TRACE: PPSStateMachine: State Change Initiate -> WaitForIdle
Nov 08 14:00:22 digichan-devel channelizer-manager[294]: TRACE: PPSHandler: change from state Initiate to state WaitForIdle
Nov 08 14:00:22 digichan-devel systemd[1]: Starting Configuration Manager Service...
Nov 08 14:00:22 digichan-devel channelizer-manager[294]: TRACE: PPSStateMachine: State Change WaitForIdle -> WaitForSignalDetect
Nov 08 14:00:22 digichan-devel channelizer-manager[294]: TRACE: PPSHandler: change from state WaitForIdle to state WaitForSignalDetect
Nov 08 14:00:22 digichan-devel systemd[1]: Started Equalizer Daemon Service.
Nov 08 14:00:22 digichan-devel kernel: zocl-drm zyxclmm_drm: zocl_create_client: created KDS client for pid(297), ret: 0
Nov 08 14:00:22 digichan-devel kernel[243]: [   10.548740] zocl-drm zyxclmm_drm: zocl_create_client: created KDS client for pid(297), ret: 0
Nov 08 14:00:22 digichan-devel kernel: zocl-drm zyxclmm_drm: zocl_destroy_client: client exits pid(297)
Nov 08 14:00:22 digichan-devel kernel: zocl-drm zyxclmm_drm: zocl_create_client: created KDS client for pid(297), ret: 0
Nov 08 14:00:22 digichan-devel ramon-space-init-digichan.sh[299]: gpio_psu_0=0x22000000
Nov 08 14:00:22 digichan-devel kernel[243]: [   10.561736] zocl-drm zyxclmm_drm: zocl_destroy_client: client exits pid(297)
Nov 08 14:00:22 digichan-devel systemd[1]: Started IIO Daemon.
Nov 08 14:00:22 digichan-devel kernel[243]: [   10.569302] zocl-drm zyxclmm_drm: zocl_create_client: created KDS client for pid(297), ret: 0
Nov 08 14:00:22 digichan-devel systemd-logind[270]: New seat seat0.
Nov 08 14:00:22 digichan-devel kernel: zocl-drm zyxclmm_drm: zocl_destroy_client: client exits pid(297)
Nov 08 14:00:22 digichan-devel kernel: zocl-drm zyxclmm_drm: zocl_create_client: created KDS client for pid(297), ret: 0
Nov 08 14:00:22 digichan-devel kernel[243]: [   10.585163] zocl-drm zyxclmm_drm: zocl_destroy_client: client exits pid(297)
Nov 08 14:00:22 digichan-devel kernel[243]: [   10.595831] zocl-drm zyxclmm_drm: zocl_create_client: created KDS client for pid(297), ret: 0
Nov 08 14:00:22 digichan-devel systemd[1]: Started MCU Comms Service.
Nov 08 14:00:22 digichan-devel mcu-comms[304]: INFO: MCUComms - Starting... (build info) Sep  9 2025 08:42:29
Nov 08 14:00:22 digichan-devel systemd[1]: Starting Permit User Sessions...
Nov 08 14:00:22 digichan-devel mcu-comms[304]: TRACE: DBusManager::MyZmqSocket::InitZMQSockets()
Nov 08 14:00:22 digichan-devel mcu-comms[304]: TRACE: DBusMessage::DBusMessage()
Nov 08 14:00:22 digichan-devel mcu-comms[304]: TRACE: ATMMessageWrite::openAtm() - Opening /dev/atm0 device
Nov 08 14:00:22 digichan-devel mcu-comms[304]: TRACE: ATMMessageRead::openAtm() - Opening /dev/atm0 device
Nov 08 14:00:22 digichan-devel mcu-comms[304]: TRACE: ATMManager::MyZmqSocket::InitZMQSockets()
Nov 08 14:00:22 digichan-devel systemd[1]: Finished Permit User Sessions.
Nov 08 14:00:22 digichan-devel ramon-space-init-digichan.sh[317]: gpio_psu_0=0x2a200000
Nov 08 14:00:22 digichan-devel systemd[1]: Started Avahi mDNS/DNS-SD Stack.
Nov 08 14:00:22 digichan-devel systemd[1]: Started Configuration Manager Service.
Nov 08 14:00:22 digichan-devel systemd[1]: Started User Login Management.
Nov 08 14:00:22 digichan-devel systemd[1]: Starting RAMON Space Channel Configuration Service...
Nov 08 14:00:22 digichan-devel systemd[1]: Started Getty on tty1.
Nov 08 14:00:22 digichan-devel ramon-space-init-digichan.sh[321]: gpio_psu_0=0x3a380000
Nov 08 14:00:22 digichan-devel systemd[1]: Started Serial Getty on ttyAMA0.
Nov 08 14:00:22 digichan-devel systemd[1]: Reached target Login Prompts.
Nov 08 14:00:22 digichan-devel ramon-space-init-digichan.sh[324]: gpio_psu_0=0x3e380006
Nov 08 14:00:23 digichan-devel ramon-space-init-digichan.sh[326]: Resetting LMK CLU...
Nov 08 14:00:23 digichan-devel ramon-space-init-digichan.sh[339]: regman: Reading from register 0a4010b48 (resulted value: 0x00000000).
Nov 08 14:00:23 digichan-devel ramon-space-init-digichan.sh[339]: regman: Writing to register 0xa4010b48 with value 0x00000100.
