Nov 08 14:00:18 digichan-devel kernel: Booting Linux on physical CPU 0x0000000000 [0x410fd083]
Nov 08 14:00:18 digichan-devel kernel: Linux version 6.6.10-xilinx-v2024.1-g262cb1c15c90-dirty (oe-user@oe-host) (aarch64-xilinx-linux-gcc (GCC) 12.2.0, GNU ld (GNU Binutils) 2.39.0.20220819) #1 SMP Sat Apr 27 05:22:24 UTC 2024
Nov 08 14:00:18 digichan-devel kernel: KASLR disabled due to lack of seed
Nov 08 14:00:18 digichan-devel kernel: Machine model: Xilinx Versal
Nov 08 14:00:18 digichan-devel kernel: efi: UEFI not found.
Nov 08 14:00:18 digichan-devel kernel: Zone ranges:
Nov 08 14:00:18 digichan-devel kernel:   DMA32    [mem 0x0000000000000000-0x00000000ffffffff]
Nov 08 14:00:18 digichan-devel kernel:   Normal   [mem 0x0000000100000000-0x000000097fffffff]
Nov 08 14:00:18 digichan-devel kernel: Movable zone start for each node
Nov 08 14:00:18 digichan-devel kernel: Early memory node ranges
Nov 08 14:00:18 digichan-devel kernel:   node   0: [mem 0x0000000000000000-0x000000007fffffff]
Nov 08 14:00:18 digichan-devel kernel:   node   0: [mem 0x0000000800000000-0x000000097fffffff]
Nov 08 14:00:18 digichan-devel kernel: Initmem setup node 0 [mem 0x0000000000000000-0x000000097fffffff]
Nov 08 14:00:18 digichan-devel kernel: cma: Reserved 256 MiB at 0x0000000064800000 on node -1
Nov 08 14:00:18 digichan-devel kernel: psci: probing for conduit method from DT.
Nov 08 14:00:18 digichan-devel kernel: psci: PSCIv1.1 detected in firmware.
Nov 08 14:00:18 digichan-devel kernel: psci: Using standard PSCI v0.2 function IDs
Nov 08 14:00:18 digichan-devel kernel: psci: MIGRATE_INFO_TYPE not supported.
Nov 08 14:00:18 digichan-devel kernel: psci: SMC Calling Convention v1.4
Nov 08 14:00:18 digichan-devel kernel: percpu: Embedded 19 pages/cpu s38888 r8192 d30744 u77824
Nov 08 14:00:18 digichan-devel kernel: pcpu-alloc: s38888 r8192 d30744 u77824 alloc=19*4096
Nov 08 14:00:18 digichan-devel kernel: pcpu-alloc: [0] 0 [0] 1 
Nov 08 14:00:18 digichan-devel kernel: Detected PIPT I-cache on CPU0
Nov 08 14:00:18 digichan-devel kernel: CPU features: detected: GIC system register CPU interface
Nov 08 14:00:18 digichan-devel kernel: CPU features: detected: Spectre-v2
Nov 08 14:00:18 digichan-devel kernel: CPU features: detected: Spectre-v3a
Nov 08 14:00:18 digichan-devel kernel: CPU features: detected: Spectre-BHB
Nov 08 14:00:18 digichan-devel kernel: CPU features: detected: ARM erratum 1742098
Nov 08 14:00:18 digichan-devel kernel: CPU features: detected: ARM errata 1165522, 1319367, or 1530923
Nov 08 14:00:18 digichan-devel kernel: alternatives: applying boot alternatives
Nov 08 14:00:18 digichan-devel kernel: Kernel command line:  console=ttyAMA0 clk_ignore_unused root=/dev/ram0 rw
Nov 08 14:00:18 digichan-devel kernel: Dentry cache hash table entries: 1048576 (order: 11, 8388608 bytes, linear)
Nov 08 14:00:18 digichan-devel kernel: Inode-cache hash table entries: 524288 (order: 10, 4194304 bytes, linear)
Nov 08 14:00:18 digichan-devel kernel: Built 1 zonelists, mobility grouping on.  Total pages: 2064384
Nov 08 14:00:18 digichan-devel kernel: mem auto-init: stack:all(zero), heap alloc:off, heap free:off
Nov 08 14:00:18 digichan-devel kernel: software IO TLB: area num 2.
Nov 08 14:00:18 digichan-devel kernel: software IO TLB: mapped [mem 0x000000007c000000-0x0000000080000000] (64MB)
Nov 08 14:00:18 digichan-devel kernel: Memory: 7791276K/8388608K available (13440K kernel code, 988K rwdata, 3864K rodata, 2496K init, 429K bss, 335188K reserved, 262144K cma-reserved)
Nov 08 14:00:18 digichan-devel kernel: SLUB: HWalign=64, Order=0-3, MinObjects=0, CPUs=2, Nodes=1
Nov 08 14:00:18 digichan-devel kernel: rcu: Hierarchical RCU implementation.
Nov 08 14:00:18 digichan-devel kernel: rcu:         RCU event tracing is enabled.
Nov 08 14:00:18 digichan-devel kernel: rcu:         RCU restricting CPUs from NR_CPUS=16 to nr_cpu_ids=2.
Nov 08 14:00:18 digichan-devel kernel: rcu: RCU calculated value of scheduler-enlistment delay is 25 jiffies.
Nov 08 14:00:18 digichan-devel kernel: rcu: Adjusting geometry for rcu_fanout_leaf=16, nr_cpu_ids=2
Nov 08 14:00:18 digichan-devel kernel: NR_IRQS: 64, nr_irqs: 64, preallocated irqs: 0
Nov 08 14:00:18 digichan-devel kernel: GICv3: GIC: Using split EOI/Deactivate mode
Nov 08 14:00:18 digichan-devel kernel: GICv3: 160 SPIs implemented
Nov 08 14:00:18 digichan-devel kernel: GICv3: 0 Extended SPIs implemented
Nov 08 14:00:18 digichan-devel kernel: Root IRQ handler: gic_handle_irq
Nov 08 14:00:18 digichan-devel kernel: GICv3: GICv3 features: 16 PPIs
Nov 08 14:00:18 digichan-devel kernel: GICv3: CPU0: found redistributor 0 region 0:0x00000000f9080000
Nov 08 14:00:18 digichan-devel kernel: ITS: No ITS available, not enabling LPIs
Nov 08 14:00:18 digichan-devel kernel: rcu: srcu_init: Setting srcu_struct sizes based on contention.
Nov 08 14:00:18 digichan-devel kernel: arch_timer: cp15 timer(s) running at 100.00MHz (phys).
Nov 08 14:00:18 digichan-devel kernel: clocksource: arch_sys_counter: mask: 0x1ffffffffffffff max_cycles: 0x171024e7e0, max_idle_ns: 440795205315 ns
Nov 08 14:00:18 digichan-devel kernel: sched_clock: 57 bits at 100MHz, resolution 10ns, wraps every 4398046511100ns
Nov 08 14:00:18 digichan-devel kernel: Console: colour dummy device 80x25
Nov 08 14:00:18 digichan-devel kernel: Calibrating delay loop (skipped), value calculated using timer frequency.. 200.00 BogoMIPS (lpj=400000)
Nov 08 14:00:18 digichan-devel kernel: pid_max: default: 32768 minimum: 301
Nov 08 14:00:18 digichan-devel kernel: Mount-cache hash table entries: 16384 (order: 5, 131072 bytes, linear)
Nov 08 14:00:18 digichan-devel kernel: Mountpoint-cache hash table entries: 16384 (order: 5, 131072 bytes, linear)
Nov 08 14:00:18 digichan-devel kernel: cacheinfo: Unable to detect cache hierarchy for CPU 0
Nov 08 14:00:18 digichan-devel kernel: rcu: Hierarchical SRCU implementation.
Nov 08 14:00:18 digichan-devel kernel: rcu:         Max phase no-delay instances is 1000.
Nov 08 14:00:18 digichan-devel kernel: EFI services will not be available.
Nov 08 14:00:18 digichan-devel kernel: smp: Bringing up secondary CPUs ...
Nov 08 14:00:18 digichan-devel kernel: Detected PIPT I-cache on CPU1
Nov 08 14:00:18 digichan-devel kernel: GICv3: CPU1: found redistributor 1 region 0:0x00000000f90a0000
Nov 08 14:00:18 digichan-devel kernel: CPU1: Booted secondary processor 0x0000000001 [0x410fd083]
Nov 08 14:00:18 digichan-devel kernel: smp: Brought up 1 node, 2 CPUs
Nov 08 14:00:18 digichan-devel kernel: SMP: Total of 2 processors activated.
Nov 08 14:00:18 digichan-devel kernel: CPU features: detected: 32-bit EL0 Support
Nov 08 14:00:18 digichan-devel kernel: CPU features: detected: CRC32 instructions
Nov 08 14:00:18 digichan-devel kernel: CPU: All CPU(s) started at EL2
Nov 08 14:00:18 digichan-devel kernel: alternatives: applying system-wide alternatives
Nov 08 14:00:18 digichan-devel kernel: devtmpfs: initialized
Nov 08 14:00:18 digichan-devel kernel: clocksource: jiffies: mask: 0xffffffff max_cycles: 0xffffffff, max_idle_ns: 7645041785100000 ns
Nov 08 14:00:18 digichan-devel kernel: futex hash table entries: 512 (order: 3, 32768 bytes, linear)
Nov 08 14:00:18 digichan-devel kernel: pinctrl core: initialized pinctrl subsystem
Nov 08 14:00:18 digichan-devel kernel: DMI not present or invalid.
Nov 08 14:00:18 digichan-devel kernel: NET: Registered PF_NETLINK/PF_ROUTE protocol family
Nov 08 14:00:18 digichan-devel kernel: DMA: preallocated 1024 KiB GFP_KERNEL pool for atomic allocations
Nov 08 14:00:18 digichan-devel kernel: DMA: preallocated 1024 KiB GFP_KERNEL|GFP_DMA32 pool for atomic allocations
Nov 08 14:00:18 digichan-devel kernel: audit: initializing netlink subsys (disabled)
Nov 08 14:00:18 digichan-devel kernel: audit: type=2000 audit(0.016:1): state=initialized audit_enabled=0 res=1
Nov 08 14:00:18 digichan-devel kernel: cpuidle: using governor menu
Nov 08 14:00:18 digichan-devel kernel: hw-breakpoint: found 6 breakpoint and 4 watchpoint registers.
Nov 08 14:00:18 digichan-devel kernel: ASID allocator initialised with 65536 entries
Nov 08 14:00:18 digichan-devel kernel: Serial: AMBA PL011 UART driver
Nov 08 14:00:18 digichan-devel kernel: platform axi: Fixed dependency cycle(s) with /axi/interrupt-controller@f9000000
Nov 08 14:00:18 digichan-devel kernel: Modules: 27424 pages in range for non-PLT usage
Nov 08 14:00:18 digichan-devel kernel: Modules: 518944 pages in range for PLT usage
Nov 08 14:00:18 digichan-devel kernel: HugeTLB: registered 1.00 GiB page size, pre-allocated 0 pages
Nov 08 14:00:18 digichan-devel kernel: HugeTLB: 0 KiB vmemmap can be freed for a 1.00 GiB page
Nov 08 14:00:18 digichan-devel kernel: HugeTLB: registered 32.0 MiB page size, pre-allocated 0 pages
Nov 08 14:00:18 digichan-devel kernel: HugeTLB: 0 KiB vmemmap can be freed for a 32.0 MiB page
Nov 08 14:00:18 digichan-devel kernel: HugeTLB: registered 2.00 MiB page size, pre-allocated 0 pages
Nov 08 14:00:18 digichan-devel kernel: HugeTLB: 0 KiB vmemmap can be freed for a 2.00 MiB page
Nov 08 14:00:18 digichan-devel kernel: HugeTLB: registered 64.0 KiB page size, pre-allocated 0 pages
Nov 08 14:00:18 digichan-devel kernel: HugeTLB: 0 KiB vmemmap can be freed for a 64.0 KiB page
Nov 08 14:00:18 digichan-devel kernel: raid6: skipped pq benchmark and selected neonx8
Nov 08 14:00:18 digichan-devel kernel: raid6: using neon recovery algorithm
Nov 08 14:00:18 digichan-devel kernel: iommu: Default domain type: Translated
Nov 08 14:00:18 digichan-devel kernel: iommu: DMA domain TLB invalidation policy: strict mode
Nov 08 14:00:18 digichan-devel kernel: mc: Linux media interface: v0.10
Nov 08 14:00:18 digichan-devel kernel: videodev: Linux video capture interface: v2.00
Nov 08 14:00:18 digichan-devel kernel: pps_core: LinuxPPS API ver. 1 registered
Nov 08 14:00:18 digichan-devel kernel: pps_core: Software ver. 5.3.6 - Copyright 2005-2007 Rodolfo Giometti <giometti@linux.it>
Nov 08 14:00:18 digichan-devel kernel: PTP clock support registered
Nov 08 14:00:18 digichan-devel kernel: EDAC MC: Ver: 3.0.0
Nov 08 14:00:18 digichan-devel kernel: FPGA manager framework
Nov 08 14:00:18 digichan-devel kernel: Advanced Linux Sound Architecture Driver Initialized.
Nov 08 14:00:18 digichan-devel kernel: clocksource: Switched to clocksource arch_sys_counter
Nov 08 14:00:18 digichan-devel kernel: VFS: Disk quotas dquot_6.6.0
Nov 08 14:00:18 digichan-devel kernel: VFS: Dquot-cache hash table entries: 512 (order 0, 4096 bytes)
Nov 08 14:00:18 digichan-devel kernel: NET: Registered PF_INET protocol family
Nov 08 14:00:18 digichan-devel kernel: IP idents hash table entries: 131072 (order: 8, 1048576 bytes, linear)
Nov 08 14:00:18 digichan-devel kernel: tcp_listen_portaddr_hash hash table entries: 4096 (order: 4, 65536 bytes, linear)
Nov 08 14:00:18 digichan-devel kernel: Table-perturb hash table entries: 65536 (order: 6, 262144 bytes, linear)
Nov 08 14:00:18 digichan-devel kernel: TCP established hash table entries: 65536 (order: 7, 524288 bytes, linear)
Nov 08 14:00:18 digichan-devel kernel: TCP bind hash table entries: 65536 (order: 9, 2097152 bytes, linear)
Nov 08 14:00:18 digichan-devel kernel: TCP: Hash tables configured (established 65536 bind 65536)
Nov 08 14:00:18 digichan-devel kernel: UDP hash table entries: 4096 (order: 5, 131072 bytes, linear)
Nov 08 14:00:18 digichan-devel kernel: UDP-Lite hash table entries: 4096 (order: 5, 131072 bytes, linear)
Nov 08 14:00:18 digichan-devel kernel: NET: Registered PF_UNIX/PF_LOCAL protocol family
Nov 08 14:00:18 digichan-devel kernel: RPC: Registered named UNIX socket transport module.
Nov 08 14:00:18 digichan-devel kernel: RPC: Registered udp transport module.
Nov 08 14:00:18 digichan-devel kernel: RPC: Registered tcp transport module.
Nov 08 14:00:18 digichan-devel kernel: RPC: Registered tcp-with-tls transport module.
Nov 08 14:00:18 digichan-devel kernel: RPC: Registered tcp NFSv4.1 backchannel transport module.
Nov 08 14:00:18 digichan-devel kernel: PCI: CLS 0 bytes, default 64
Nov 08 14:00:18 digichan-devel kernel: Trying to unpack rootfs image as initramfs...
Nov 08 14:00:18 digichan-devel kernel: workingset: timestamp_bits=46 max_order=21 bucket_order=0
Nov 08 14:00:18 digichan-devel kernel: NFS: Registering the id_resolver key type
Nov 08 14:00:18 digichan-devel kernel: Key type id_resolver registered
Nov 08 14:00:18 digichan-devel kernel: Key type id_legacy registered
Nov 08 14:00:18 digichan-devel kernel: nfs4filelayout_init: NFSv4 File Layout Driver Registering...
Nov 08 14:00:18 digichan-devel kernel: nfs4flexfilelayout_init: NFSv4 Flexfile Layout Driver Registering...
Nov 08 14:00:18 digichan-devel kernel: jffs2: version 2.2. (NAND) (SUMMARY)  Â© 2001-2006 Red Hat, Inc.
Nov 08 14:00:18 digichan-devel kernel: NET: Registered PF_ALG protocol family
Nov 08 14:00:18 digichan-devel kernel: xor: measuring software checksum speed
Nov 08 14:00:18 digichan-devel kernel:    8regs           :  3878 MB/sec
Nov 08 14:00:18 digichan-devel kernel:    32regs          :  4196 MB/sec
Nov 08 14:00:18 digichan-devel kernel:    arm64_neon      :  3457 MB/sec
Nov 08 14:00:18 digichan-devel kernel: xor: using function: 32regs (4196 MB/sec)
Nov 08 14:00:18 digichan-devel kernel: io scheduler mq-deadline registered
Nov 08 14:00:18 digichan-devel kernel: io scheduler kyber registered
Nov 08 14:00:18 digichan-devel kernel: io scheduler bfq registered
Nov 08 14:00:18 digichan-devel kernel: Serial: 8250/16550 driver, 4 ports, IRQ sharing disabled
Nov 08 14:00:18 digichan-devel kernel: Serial: AMBA driver
Nov 08 14:00:18 digichan-devel kernel: brd: module loaded
Nov 08 14:00:18 digichan-devel kernel: loop: module loaded
Nov 08 14:00:18 digichan-devel kernel: mdio_bus fixed-0: using lookup tables for GPIO lookup
Nov 08 14:00:18 digichan-devel kernel: mdio_bus fixed-0: No GPIO consumer reset found
Nov 08 14:00:18 digichan-devel kernel: tun: Universal TUN/TAP device driver, 1.6
Nov 08 14:00:18 digichan-devel kernel: VFIO - User Level meta-driver version: 0.3
Nov 08 14:00:18 digichan-devel kernel: i2c_dev: i2c /dev entries driver
Nov 08 14:00:18 digichan-devel kernel: sdhci: Secure Digital Host Controller Interface driver
Nov 08 14:00:18 digichan-devel kernel: sdhci: Copyright(c) Pierre Ossman
Nov 08 14:00:18 digichan-devel kernel: sdhci-pltfm: SDHCI platform and OF driver helper
Nov 08 14:00:18 digichan-devel kernel: SMCCC: SOC_ID: ID = jep106:0049:0000 Revision = 0x00000000
Nov 08 14:00:18 digichan-devel kernel: zynqmp_firmware_probe Platform Management API v1.0
Nov 08 14:00:18 digichan-devel kernel: zynqmp_firmware_probe Trustzone version v1.0
Nov 08 14:00:18 digichan-devel kernel: xlnx_event_manager xlnx_event_manager: SGI 15 Registered over TF-A
Nov 08 14:00:18 digichan-devel kernel: xlnx_event_manager xlnx_event_manager: Xilinx Event Management driver probed
Nov 08 14:00:18 digichan-devel kernel: zynqmp-pinctrl firmware:versal-firmware:pinctrl: This is an experimental solution(hardcoded the MIO ID
                                       information) and this solution will be deprecated and use PM interface
                                       to get the MIO IDs information
Nov 08 14:00:18 digichan-devel kernel: securefw securefw: securefw probed
Nov 08 14:00:18 digichan-devel kernel: zynqmp-aes zynqmp-aes.0: will run requests pump with realtime priority
Nov 08 14:00:18 digichan-devel kernel: zynqmp_rsa zynqmp_rsa.0: RSA is not supported on the platform
Nov 08 14:00:18 digichan-devel kernel: ARM CCI_500 PMU driver probed
Nov 08 14:00:18 digichan-devel kernel: hw perfevents: enabled with armv8_pmuv3 PMU driver, 7 counters available
Nov 08 14:00:18 digichan-devel kernel: xilinx-secure-config firmware:versal-firmware:versal-sec-cfg: using DT '/firmware/versal-firmware/versal-sec-cfg' for 'wp' GPIO lookup
Nov 08 14:00:18 digichan-devel kernel: of_get_named_gpiod_flags: can't parse 'wp-gpios' property of node '/firmware/versal-firmware/versal-sec-cfg[0]'
Nov 08 14:00:18 digichan-devel kernel: of_get_named_gpiod_flags: can't parse 'wp-gpio' property of node '/firmware/versal-firmware/versal-sec-cfg[0]'
Nov 08 14:00:18 digichan-devel kernel: xilinx-secure-config firmware:versal-firmware:versal-sec-cfg: using lookup tables for GPIO lookup
Nov 08 14:00:18 digichan-devel kernel: xilinx-secure-config firmware:versal-firmware:versal-sec-cfg: No GPIO consumer wp found
Nov 08 14:00:18 digichan-devel kernel: fpga_manager fpga0: Xilinx Versal FPGA Manager registered
Nov 08 14:00:18 digichan-devel kernel: pktgen: Packet Generator for packet performance testing. Version: 2.75
Nov 08 14:00:18 digichan-devel kernel: Initializing XFRM netlink socket
Nov 08 14:00:18 digichan-devel kernel: NET: Registered PF_INET6 protocol family
Nov 08 14:00:18 digichan-devel kernel: Segment Routing with IPv6
Nov 08 14:00:18 digichan-devel kernel: In-situ OAM (IOAM) with IPv6
Nov 08 14:00:18 digichan-devel kernel: sit: IPv6, IPv4 and MPLS over IPv4 tunneling driver
Nov 08 14:00:18 digichan-devel kernel: NET: Registered PF_PACKET protocol family
Nov 08 14:00:18 digichan-devel kernel: NET: Registered PF_KEY protocol family
Nov 08 14:00:18 digichan-devel kernel: 8021q: 802.1Q VLAN Support v1.8
Nov 08 14:00:18 digichan-devel kernel: 9pnet: Installing 9P2000 support
Nov 08 14:00:18 digichan-devel kernel: Key type dns_resolver registered
Nov 08 14:00:18 digichan-devel kernel: registered taskstats version 1
Nov 08 14:00:18 digichan-devel kernel: Btrfs loaded, zoned=no, fsverity=no
Nov 08 14:00:18 digichan-devel kernel: uart-pl011 ff000000.serial: using DT '/axi/serial@ff000000' for 'rs485-term' GPIO lookup
Nov 08 14:00:18 digichan-devel kernel: of_get_named_gpiod_flags: can't parse 'rs485-term-gpios' property of node '/axi/serial@ff000000[0]'
Nov 08 14:00:18 digichan-devel kernel: of_get_named_gpiod_flags: can't parse 'rs485-term-gpio' property of node '/axi/serial@ff000000[0]'
Nov 08 14:00:18 digichan-devel kernel: uart-pl011 ff000000.serial: using lookup tables for GPIO lookup
Nov 08 14:00:18 digichan-devel kernel: uart-pl011 ff000000.serial: No GPIO consumer rs485-term found
Nov 08 14:00:18 digichan-devel kernel: uart-pl011 ff000000.serial: using DT '/axi/serial@ff000000' for 'rs485-rx-during-tx' GPIO lookup
Nov 08 14:00:18 digichan-devel kernel: of_get_named_gpiod_flags: can't parse 'rs485-rx-during-tx-gpios' property of node '/axi/serial@ff000000[0]'
Nov 08 14:00:18 digichan-devel kernel: of_get_named_gpiod_flags: can't parse 'rs485-rx-during-tx-gpio' property of node '/axi/serial@ff000000[0]'
Nov 08 14:00:18 digichan-devel kernel: uart-pl011 ff000000.serial: using lookup tables for GPIO lookup
Nov 08 14:00:18 digichan-devel kernel: uart-pl011 ff000000.serial: No GPIO consumer rs485-rx-during-tx found
Nov 08 14:00:18 digichan-devel kernel: ff000000.serial: ttyAMA0 at MMIO 0xff000000 (irq = 18, base_baud = 0) is a PL011 rev3
Nov 08 14:00:18 digichan-devel kernel: printk: console [ttyAMA0] enabled
Nov 08 14:00:18 digichan-devel kernel: uart-pl011 ff010000.serial: using DT '/axi/serial@ff010000' for 'rs485-term' GPIO lookup
Nov 08 14:00:18 digichan-devel kernel: of_get_named_gpiod_flags: can't parse 'rs485-term-gpios' property of node '/axi/serial@ff010000[0]'
Nov 08 14:00:18 digichan-devel kernel: of_get_named_gpiod_flags: can't parse 'rs485-term-gpio' property of node '/axi/serial@ff010000[0]'
Nov 08 14:00:18 digichan-devel kernel: uart-pl011 ff010000.serial: using lookup tables for GPIO lookup
Nov 08 14:00:18 digichan-devel kernel: uart-pl011 ff010000.serial: No GPIO consumer rs485-term found
Nov 08 14:00:18 digichan-devel kernel: uart-pl011 ff010000.serial: using DT '/axi/serial@ff010000' for 'rs485-rx-during-tx' GPIO lookup
Nov 08 14:00:18 digichan-devel kernel: of_get_named_gpiod_flags: can't parse 'rs485-rx-during-tx-gpios' property of node '/axi/serial@ff010000[0]'
Nov 08 14:00:18 digichan-devel kernel: of_get_named_gpiod_flags: can't parse 'rs485-rx-during-tx-gpio' property of node '/axi/serial@ff010000[0]'
Nov 08 14:00:18 digichan-devel kernel: uart-pl011 ff010000.serial: using lookup tables for GPIO lookup
Nov 08 14:00:18 digichan-devel kernel: uart-pl011 ff010000.serial: No GPIO consumer rs485-rx-during-tx found
Nov 08 14:00:18 digichan-devel kernel: ff010000.serial: ttyAMA2 at MMIO 0xff010000 (irq = 19, base_baud = 0) is a PL011 rev3
Nov 08 14:00:18 digichan-devel kernel: aie aieaperture_0_17: AI engine aperture aieaperture_0_17, id 0x18800000, cols(0, 17) aie_tile_rows(2, 2) memory_tile_rows(1, 1) is probed successfully.
Nov 08 14:00:18 digichan-devel kernel: xilinx-ai-engine 20000000000.ai_engine: Xilinx AI Engine device 20000000000.ai_engine probed. Device generation: 2. Clock frequency: 1000000000Hz.
Nov 08 14:00:18 digichan-devel kernel: of-fpga-region fpga: FPGA Region probed
Nov 08 14:00:18 digichan-devel kernel: gpiochip_find_base: found new base at 512
Nov 08 14:00:18 digichan-devel kernel: gpio gpiochip0: (versal_gpio): added GPIO chardev (254:0)
Nov 08 14:00:18 digichan-devel kernel: gpio gpiochip0: registered GPIOs 512 to 569 on versal_gpio
Nov 08 14:00:18 digichan-devel kernel: gpiochip_find_base: found new base at 570
Nov 08 14:00:18 digichan-devel kernel: gpio gpiochip1: (pmc_gpio): added GPIO chardev (254:1)
Nov 08 14:00:18 digichan-devel kernel: gpio gpiochip1: registered GPIOs 570 to 685 on pmc_gpio
Nov 08 14:00:18 digichan-devel kernel: xilinx-vdma a4050000.dma: Please ensure that IP supports buffer length > 23 bits
Nov 08 14:00:18 digichan-devel kernel: xilinx-vdma a4050000.dma: Xilinx AXI DMA Engine Driver Probed!!
Nov 08 14:00:18 digichan-devel kernel: xilinx-vdma a41e0000.dma: Xilinx AXI DMA Engine Driver Probed!!
Nov 08 14:00:18 digichan-devel kernel: of_serial a41b0000.serial: using DT '/pl-bus/serial@a41b0000' for 'rs485-term' GPIO lookup
Nov 08 14:00:18 digichan-devel kernel: of_get_named_gpiod_flags: can't parse 'rs485-term-gpios' property of node '/pl-bus/serial@a41b0000[0]'
Nov 08 14:00:18 digichan-devel kernel: of_get_named_gpiod_flags: can't parse 'rs485-term-gpio' property of node '/pl-bus/serial@a41b0000[0]'
Nov 08 14:00:18 digichan-devel kernel: of_serial a41b0000.serial: using lookup tables for GPIO lookup
Nov 08 14:00:18 digichan-devel kernel: of_serial a41b0000.serial: No GPIO consumer rs485-term found
Nov 08 14:00:18 digichan-devel kernel: of_serial a41b0000.serial: using DT '/pl-bus/serial@a41b0000' for 'rs485-rx-during-tx' GPIO lookup
Nov 08 14:00:18 digichan-devel kernel: of_get_named_gpiod_flags: can't parse 'rs485-rx-during-tx-gpios' property of node '/pl-bus/serial@a41b0000[0]'
Nov 08 14:00:18 digichan-devel kernel: of_get_named_gpiod_flags: can't parse 'rs485-rx-during-tx-gpio' property of node '/pl-bus/serial@a41b0000[0]'
Nov 08 14:00:18 digichan-devel kernel: of_serial a41b0000.serial: using lookup tables for GPIO lookup
Nov 08 14:00:18 digichan-devel kernel: of_serial a41b0000.serial: No GPIO consumer rs485-rx-during-tx found
Nov 08 14:00:18 digichan-devel kernel: a41b0000.serial: ttyS3 at MMIO 0xa41b1000 (irq = 35, base_baud = 6250000) is a 16550A
Nov 08 14:00:18 digichan-devel kernel: spi-nor spi0.0: using DT '/axi/spi@f1030000/flash@0' for 'reset' GPIO lookup
Nov 08 14:00:18 digichan-devel kernel: of_get_named_gpiod_flags: can't parse 'reset-gpios' property of node '/axi/spi@f1030000/flash@0[0]'
Nov 08 14:00:18 digichan-devel kernel: of_get_named_gpiod_flags: can't parse 'reset-gpio' property of node '/axi/spi@f1030000/flash@0[0]'
Nov 08 14:00:18 digichan-devel kernel: spi-nor spi0.0: using lookup tables for GPIO lookup
Nov 08 14:00:18 digichan-devel kernel: spi-nor spi0.0: No GPIO consumer reset found
Nov 08 14:00:18 digichan-devel kernel: spi-nor spi0.0: AVALANCHE_2x1G (262144 Kbytes)
Nov 08 14:00:18 digichan-devel kernel: 7 fixed-partitions partitions found on MTD device spi0.0
Nov 08 14:00:18 digichan-devel kernel: Creating 7 MTD partitions on "spi0.0":
Nov 08 14:00:18 digichan-devel kernel: 0x00000f800000-0x00000ff00000 : "nonvol"
Nov 08 14:00:18 digichan-devel kernel: 0x000000000000-0x000006000000 : "image0"
Nov 08 14:00:18 digichan-devel kernel: 0x000006000000-0x00000c000000 : "image1"
Nov 08 14:00:18 digichan-devel kernel: 0x000000000000-0x000007c00000 : "devel0"
Nov 08 14:00:18 digichan-devel kernel: 0x000007c00000-0x00000f800000 : "devel1"
Nov 08 14:00:18 digichan-devel kernel: 0x00000c000000-0x00000f800000 : "golden0"
Nov 08 14:00:18 digichan-devel kernel: 0x00000ff00000-0x000010000000 : "extras"
Nov 08 14:00:18 digichan-devel kernel: mdio_bus ff0c0000.ethernet-ffffffff: using DT '/axi/ethernet@ff0c0000/mdio' for 'reset' GPIO lookup
Nov 08 14:00:18 digichan-devel kernel: of_get_named_gpiod_flags: can't parse 'reset-gpios' property of node '/axi/ethernet@ff0c0000/mdio[0]'
Nov 08 14:00:18 digichan-devel kernel: of_get_named_gpiod_flags: can't parse 'reset-gpio' property of node '/axi/ethernet@ff0c0000/mdio[0]'
Nov 08 14:00:18 digichan-devel kernel: mdio_bus ff0c0000.ethernet-ffffffff: using lookup tables for GPIO lookup
Nov 08 14:00:18 digichan-devel kernel: mdio_bus ff0c0000.ethernet-ffffffff: No GPIO consumer reset found
Nov 08 14:00:18 digichan-devel kernel: Freeing initrd memory: 87316K
Nov 08 14:00:18 digichan-devel kernel: mdio_bus ff0c0000.ethernet-ffffffff:01: using DT '/axi/ethernet@ff0c0000/mdio/ethernet-phy@1' for 'reset' GPIO lookup
Nov 08 14:00:18 digichan-devel kernel: of_get_named_gpiod_flags: parsed 'reset-gpios' property of node '/axi/ethernet@ff0c0000/mdio/ethernet-phy@1[0]' - status (0)
Nov 08 14:00:18 digichan-devel kernel: gpio gpiochip1: Persistence not supported for GPIO 19
Nov 08 14:00:18 digichan-devel kernel: macb ff0c0000.ethernet eth0: Cadence GEM rev 0x0107010b at 0xff0c0000 irq 43 (02:ee:dd:cc:bb:03)
Nov 08 14:00:18 digichan-devel kernel: rtc_zynqmp f12a0000.rtc: registered as rtc0
Nov 08 14:00:18 digichan-devel kernel: rtc_zynqmp f12a0000.rtc: setting system clock to 2004-01-10T14:17:43 UTC (1073744263)
Nov 08 14:00:18 digichan-devel kernel: cdns-i2c ff030000.i2c: can't get pinctrl, bus recovery not supported
Nov 08 14:00:18 digichan-devel kernel: cdns-i2c ff030000.i2c: 100 kHz mmio ff030000 irq 46
Nov 08 14:00:18 digichan-devel kernel: cdns-i2c f1000000.i2c: can't get pinctrl, bus recovery not supported
Nov 08 14:00:18 digichan-devel kernel: cdns-i2c f1000000.i2c: 100 kHz mmio f1000000 irq 47
Nov 08 14:00:18 digichan-devel kernel: cpufreq: cpufreq_online: CPU0: Running at unlisted initial frequency: 799999 KHz, changing to: 800000 KHz
Nov 08 14:00:18 digichan-devel kernel: of_cfs_init
Nov 08 14:00:18 digichan-devel kernel: of_cfs_init: OK
Nov 08 14:00:18 digichan-devel kernel: clk: Not disabling unused clocks
Nov 08 14:00:18 digichan-devel kernel: ALSA device list:
Nov 08 14:00:18 digichan-devel kernel:   No soundcards found.
Nov 08 14:00:18 digichan-devel kernel: uart-pl011 ff000000.serial: no DMA platform data
Nov 08 14:00:18 digichan-devel kernel: Freeing unused kernel memory: 2496K
Nov 08 14:00:18 digichan-devel kernel: Run /init as init process
Nov 08 14:00:18 digichan-devel kernel:   with arguments:
Nov 08 14:00:18 digichan-devel kernel:     /init
Nov 08 14:00:18 digichan-devel kernel:   with environment:
Nov 08 14:00:18 digichan-devel kernel:     HOME=/
Nov 08 14:00:18 digichan-devel kernel:     TERM=linux
Nov 08 14:00:18 digichan-devel systemd[1]: System time before build time, advancing clock.
Nov 08 14:00:18 digichan-devel systemd[1]: systemd 251.8+ running in system mode (+PAM -AUDIT -SELINUX -APPARMOR +IMA -SMACK +SECCOMP -GCRYPT -GNUTLS -OPENSSL +ACL +BLKID -CURL -ELFUTILS -FIDO2 -IDN2 -IDN -IPTC +KMOD -LIBCRYPTSETUP +LIBFDISK -PCRE2 -PWQUALITY -P11KIT -QRENCODE -TPM2 -BZIP2 -LZ4 -XZ -ZLIB +ZSTD -BPF_FRAMEWORK -XKBCOMMON +UTMP +SYSVINIT default-hierarchy=hybrid)
Nov 08 14:00:18 digichan-devel systemd[1]: Detected architecture arm64.
Nov 08 14:00:18 digichan-devel systemd[1]: Hostname set to <digichan-devel>.
Nov 08 14:00:18 digichan-devel systemd[1]: Initializing machine ID from random generator.
Nov 08 14:00:18 digichan-devel systemd-sysv-generator[139]: SysV service '/etc/init.d/sshd' lacks a native systemd unit file. Automatically generating a unit file for compatibility. Please update package to include a native systemd unit file, in order to make it more safe and robust.
Nov 08 14:00:18 digichan-devel systemd-sysv-generator[139]: SysV service '/etc/init.d/inetd.busybox' lacks a native systemd unit file. Automatically generating a unit file for compatibility. Please update package to include a native systemd unit file, in order to make it more safe and robust.
Nov 08 14:00:18 digichan-devel systemd[1]: Queued start job for default target Multi-User System.
Nov 08 14:00:18 digichan-devel systemd[1]: Created slice Slice /system/getty.
Nov 08 14:00:18 digichan-devel systemd[1]: Created slice Slice /system/modprobe.
Nov 08 14:00:18 digichan-devel systemd[1]: Created slice Slice /system/serial-getty.
Nov 08 14:00:18 digichan-devel systemd[1]: Created slice User and Session Slice.
Nov 08 14:00:18 digichan-devel systemd[1]: Started Dispatch Password Requests to Console Directory Watch.
Nov 08 14:00:18 digichan-devel systemd[1]: Started Forward Password Requests to Wall Directory Watch.
Nov 08 14:00:18 digichan-devel systemd[1]: Reached target Path Units.
Nov 08 14:00:18 digichan-devel systemd[1]: Reached target Remote File Systems.
Nov 08 14:00:18 digichan-devel systemd[1]: Reached target Slice Units.
Nov 08 14:00:18 digichan-devel systemd[1]: Reached target Swaps.
Nov 08 14:00:18 digichan-devel systemd[1]: Listening on RPCbind Server Activation Socket.
Nov 08 14:00:18 digichan-devel systemd[1]: Reached target RPC Port Mapper.
Nov 08 14:00:18 digichan-devel systemd[1]: Listening on Syslog Socket.
Nov 08 14:00:18 digichan-devel systemd[1]: Listening on initctl Compatibility Named Pipe.
Nov 08 14:00:18 digichan-devel systemd[1]: Listening on Journal Audit Socket.
Nov 08 14:00:18 digichan-devel systemd[1]: Listening on Journal Socket (/dev/log).
Nov 08 14:00:18 digichan-devel systemd[1]: Listening on Journal Socket.
Nov 08 14:00:18 digichan-devel systemd[1]: Listening on Network Service Netlink Socket.
Nov 08 14:00:18 digichan-devel systemd[1]: Listening on udev Control Socket.
Nov 08 14:00:18 digichan-devel systemd[1]: Listening on udev Kernel Socket.
Nov 08 14:00:18 digichan-devel systemd[1]: Listening on User Database Manager Socket.
Nov 08 14:00:18 digichan-devel systemd[1]: Mounting Huge Pages File System...
Nov 08 14:00:18 digichan-devel systemd[1]: Mounting POSIX Message Queue File System...
Nov 08 14:00:18 digichan-devel systemd[1]: Mounting Kernel Debug File System...
Nov 08 14:00:18 digichan-devel systemd[1]: Kernel Trace File System was skipped because of a failed condition check (ConditionPathExists=/sys/kernel/tracing).
Nov 08 14:00:18 digichan-devel systemd[1]: Mounting Temporary Directory /tmp...
Nov 08 14:00:18 digichan-devel systemd[1]: Create List of Static Device Nodes was skipped because of a failed condition check (ConditionFileNotEmpty=/lib/modules/6.6.10-xilinx-v2024.1-g262cb1c15c90-dirty/modules.devname).
Nov 08 14:00:18 digichan-devel systemd[1]: Starting Load Kernel Module configfs...
Nov 08 14:00:18 digichan-devel systemd[1]: Starting Load Kernel Module drm...
Nov 08 14:00:18 digichan-devel systemd[1]: Starting Load Kernel Module fuse...
Nov 08 14:00:18 digichan-devel systemd[1]: Starting RPC Bind...
Nov 08 14:00:18 digichan-devel systemd[1]: File System Check on Root Device was skipped because of a failed condition check (ConditionPathIsReadWrite=!/).
Nov 08 14:00:18 digichan-devel systemd[1]: systemd-journald.service: unit configures an IP firewall, but the local system does not support BPF/cgroup firewalling.
Nov 08 14:00:18 digichan-devel systemd[1]: (This warning is only shown for the first unit using IP firewalling.)
Nov 08 14:00:18 digichan-devel systemd[1]: Starting Journal Service...
Nov 08 14:00:18 digichan-devel systemd[1]: Starting Load Kernel Modules...
Nov 08 14:00:18 digichan-devel kernel: atm_driver: loading out-of-tree module taints kernel.
Nov 08 14:00:18 digichan-devel kernel: ATM: atm_init_module
Nov 08 14:00:18 digichan-devel kernel: ATM: atm_probe
Nov 08 14:00:18 digichan-devel kernel: of_get_named_gpiod_flags: parsed 'rx-gpios' property of node '/axi/spi@ff050000[0]' - status (0)
Nov 08 14:00:18 digichan-devel kernel: ATM: ATM Complete
Nov 08 14:00:18 digichan-devel kernel: injector_probe called
Nov 08 14:00:18 digichan-devel kernel: injector_probe completed successfully
Nov 08 14:00:18 digichan-devel kernel: fpga_version_id: 0x01e00001
Nov 08 14:00:18 digichan-devel kernel: fpga_version_num: 0x00010215
Nov 08 14:00:18 digichan-devel kernel: fpga_build_num: 0x68bea641
Nov 08 14:00:18 digichan-devel kernel: fpga_artix7_version_num: 0x00000000
Nov 08 14:00:18 digichan-devel systemd[1]: Starting Generate network units from Kernel command line...
Nov 08 14:00:18 digichan-devel kernel: recorder_probe called
Nov 08 14:00:18 digichan-devel systemd-journald[149]: Journal started
Nov 08 14:00:18 digichan-devel systemd-journald[149]: Runtime Journal (/run/log/journal/0521a83736c34572af6eb833abecd07c) is 8.0M, max 64.0M, 56.0M free.
Nov 08 14:00:18 digichan-devel systemd-modules-load[150]: Inserted module 'atm_driver'
Nov 08 14:00:18 digichan-devel systemd-modules-load[150]: Inserted module 'injector'
Nov 08 14:00:18 digichan-devel systemd-modules-load[150]: Inserted module 'pl_version'
Nov 08 14:00:18 digichan-devel systemd-modules-load[150]: Inserted module 'recorder'
Nov 08 14:00:18 digichan-devel kernel: recorder_probe completed successfully
Nov 08 14:00:18 digichan-devel systemd[1]: Starting Remount Root and Kernel File Systems...
Nov 08 14:00:18 digichan-devel systemd[1]: Starting Coldplug All udev Devices...
Nov 08 14:00:18 digichan-devel systemd[1]: Started RPC Bind.
Nov 08 14:00:18 digichan-devel systemd[1]: Started Journal Service.
Nov 08 14:00:18 digichan-devel systemd[1]: Mounted Huge Pages File System.
Nov 08 14:00:18 digichan-devel systemd[1]: Mounted POSIX Message Queue File System.
Nov 08 14:00:18 digichan-devel systemd[1]: Mounted Kernel Debug File System.
Nov 08 14:00:18 digichan-devel systemd[1]: Mounted Temporary Directory /tmp.
Nov 08 14:00:18 digichan-devel systemd[1]: modprobe@configfs.service: Deactivated successfully.
Nov 08 14:00:18 digichan-devel systemd[1]: Finished Load Kernel Module configfs.
Nov 08 14:00:18 digichan-devel systemd[1]: modprobe@drm.service: Deactivated successfully.
Nov 08 14:00:18 digichan-devel systemd[1]: Finished Load Kernel Module drm.
Nov 08 14:00:18 digichan-devel systemd[1]: modprobe@fuse.service: Deactivated successfully.
Nov 08 14:00:18 digichan-devel systemd[1]: Finished Load Kernel Module fuse.
Nov 08 14:00:18 digichan-devel systemd[1]: Finished Load Kernel Modules.
Nov 08 14:00:18 digichan-devel systemd[1]: Finished Generate network units from Kernel command line.
Nov 08 14:00:18 digichan-devel systemd[1]: Finished Remount Root and Kernel File Systems.
Nov 08 14:00:18 digichan-devel systemd[1]: Reached target Preparation for Network.
Nov 08 14:00:18 digichan-devel systemd[1]: FUSE Control File System was skipped because of a failed condition check (ConditionPathExists=/sys/fs/fuse/connections).
Nov 08 14:00:18 digichan-devel systemd[1]: Mounting Kernel Configuration File System...
Nov 08 14:00:18 digichan-devel systemd[1]: Rebuild Hardware Database was skipped because all trigger condition checks failed.
Nov 08 14:00:18 digichan-devel systemd[1]: Starting Flush Journal to Persistent Storage...
Nov 08 14:00:18 digichan-devel systemd-journald[149]: Runtime Journal (/run/log/journal/0521a83736c34572af6eb833abecd07c) is 8.0M, max 64.0M, 56.0M free.
Nov 08 14:00:18 digichan-devel systemd-journald[149]: Received client request to flush runtime journal.
Nov 08 14:00:18 digichan-devel systemd[1]: Platform Persistent Storage Archival was skipped because of a failed condition check (ConditionDirectoryNotEmpty=/sys/fs/pstore).
Nov 08 14:00:18 digichan-devel systemd[1]: Starting Apply Kernel Variables...
Nov 08 14:00:18 digichan-devel systemd[1]: Starting Create System Users...
Nov 08 14:00:18 digichan-devel systemd[1]: Mounted Kernel Configuration File System.
Nov 08 14:00:18 digichan-devel systemd[1]: Finished Flush Journal to Persistent Storage.
Nov 08 14:00:18 digichan-devel systemd[1]: Finished Apply Kernel Variables.
Nov 08 14:00:18 digichan-devel systemd[1]: Finished Create System Users.
Nov 08 14:00:18 digichan-devel systemd[1]: Starting Create Static Device Nodes in /dev...
Nov 08 14:00:19 digichan-devel systemd[1]: Finished Create Static Device Nodes in /dev.
Nov 08 14:00:19 digichan-devel systemd[1]: Reached target Preparation for Local File Systems.
Nov 08 14:00:19 digichan-devel systemd[1]: Mounting /var/volatile...
Nov 08 14:00:19 digichan-devel systemd[1]: Starting Rule-based Manager for Device Events and Files...
Nov 08 14:00:19 digichan-devel systemd[1]: Mounted /var/volatile.
Nov 08 14:00:19 digichan-devel systemd[1]: Bind mount volatile /var/cache was skipped because of a failed condition check (ConditionPathIsReadWrite=!/var/cache).
Nov 08 14:00:19 digichan-devel systemd[1]: Bind mount volatile /var/lib was skipped because of a failed condition check (ConditionPathIsReadWrite=!/var/lib).
Nov 08 14:00:19 digichan-devel systemd[1]: Starting Load/Save Random Seed...
Nov 08 14:00:19 digichan-devel systemd-udevd[169]: Using default interface naming scheme 'v251'.
Nov 08 14:00:19 digichan-devel systemd[1]: Bind mount volatile /var/spool was skipped because of a failed condition check (ConditionPathIsReadWrite=!/var/spool).
Nov 08 14:00:19 digichan-devel systemd[1]: Bind mount volatile /srv was skipped because of a failed condition check (ConditionPathIsReadWrite=!/srv).
Nov 08 14:00:19 digichan-devel systemd[1]: Reached target Local File Systems.
Nov 08 14:00:19 digichan-devel systemd-random-seed[170]: Kernel entropy pool is not initialized yet, waiting until it is.
Nov 08 14:00:19 digichan-devel systemd[1]: Starting Rebuild Dynamic Linker Cache...
Nov 08 14:00:19 digichan-devel systemd[1]: Starting Create Volatile Files and Directories...
Nov 08 14:00:19 digichan-devel systemd[1]: Started Rule-based Manager for Device Events and Files.
Nov 08 14:00:19 digichan-devel systemd-tmpfiles[182]: /usr/lib/tmpfiles.d/legacy.conf:13: Duplicate line for path "/run/lock", ignoring.
Nov 08 14:00:19 digichan-devel systemd[1]: Starting Network Configuration...
Nov 08 14:00:19 digichan-devel systemd[1]: Finished Rebuild Dynamic Linker Cache.
Nov 08 14:00:19 digichan-devel systemd-tmpfiles[182]: "/var/log" already exists and is not a directory.
Nov 08 14:00:19 digichan-devel systemd-tmpfiles[182]: "/var/tmp" already exists and is not a directory.
Nov 08 14:00:19 digichan-devel systemd[1]: Finished Coldplug All udev Devices.
Nov 08 14:00:19 digichan-devel systemd[1]: Finished Create Volatile Files and Directories.
Nov 08 14:00:19 digichan-devel systemd[1]: Found device /dev/mtdblock0.
Nov 08 14:00:20 digichan-devel systemd-networkd[186]: lo: Link UP
Nov 08 14:00:20 digichan-devel systemd-networkd[186]: lo: Gained carrier
Nov 08 14:00:20 digichan-devel systemd-networkd[186]: Enumeration completed
Nov 08 14:00:20 digichan-devel systemd[1]: Started Network Configuration.
Nov 08 14:00:20 digichan-devel systemd-networkd[186]: eth0: found matching network '/lib/systemd/network/80-wired.network', based on potentially unpredictable interface name.
Nov 08 14:00:20 digichan-devel systemd-networkd[186]: eth0: Configuring with /lib/systemd/network/80-wired.network.
Nov 08 14:00:20 digichan-devel kernel: random: crng init done
Nov 08 14:00:20 digichan-devel systemd[1]: Finished Load/Save Random Seed.
Nov 08 14:00:20 digichan-devel kernel: macb ff0c0000.ethernet eth0: PHY [ff0c0000.ethernet-ffffffff:01] driver [Marvell 88E1111] (irq=POLL)
Nov 08 14:00:20 digichan-devel kernel: macb ff0c0000.ethernet eth0: configuring for phy/rgmii-id link mode
Nov 08 14:00:20 digichan-devel kernel: pps pps0: new PPS source ptp0
Nov 08 14:00:20 digichan-devel kernel: macb ff0c0000.ethernet: gem-ptp-timer ptp clock registered.
Nov 08 14:00:20 digichan-devel systemd-networkd[186]: eth0: Link UP
Nov 08 14:00:20 digichan-devel kernel: [drm] Probing for xlnx,zocl-versal
Nov 08 14:00:20 digichan-devel kernel: zocl-drm zyxclmm_drm: error -ENXIO: IRQ index 8 not found
Nov 08 14:00:20 digichan-devel kernel: [drm] FPGA programming device versal_fpga founded.
Nov 08 14:00:20 digichan-devel kernel: [drm] PR[0] Isolation addr 0x0
Nov 08 14:00:20 digichan-devel kernel: [drm] Initialized zocl 2.17.0 20250804 for zyxclmm_drm on minor 0
Nov 08 14:00:21 digichan-devel systemd[1]: First Boot Complete was skipped because of a failed condition check (ConditionFirstBoot=yes).
Nov 08 14:00:21 digichan-devel systemd[1]: Starting Format MRAM nonvol partition (if it hasn't already been formatted) and mount it...
Nov 08 14:00:21 digichan-devel systemd[1]: Starting Run pending postinsts...
Nov 08 14:00:21 digichan-devel run-postinsts[208]: Configuring packages on first boot....
Nov 08 14:00:21 digichan-devel run-postinsts[208]:  (This may take several minutes. Please do not power off the machine.)
Nov 08 14:00:21 digichan-devel run-postinsts[208]: Running postinst /etc/ipk-postinsts/000-zocl...
Nov 08 14:00:21 digichan-devel systemd[1]: Starting Rebuild Journal Catalog...
Nov 08 14:00:21 digichan-devel unknown: Unloading old XRT Linux kernel modules
Nov 08 14:00:21 digichan-devel systemd[1]: Commit a transient machine-id on disk was skipped because of a failed condition check (ConditionPathIsMountPoint=/etc/machine-id).
Nov 08 14:00:21 digichan-devel kernel: zocl_irq_intc ZOCL_CU_INTC.1.auto: zintc_remove: Removing zocl_irq_intc
Nov 08 14:00:21 digichan-devel systemd[1]: Starting Network Name Resolution...
Nov 08 14:00:21 digichan-devel unknown: Loading new XRT Linux kernel modules
Nov 08 14:00:21 digichan-devel kernel: [drm] Probing for xlnx,zocl-versal
Nov 08 14:00:21 digichan-devel kernel: zocl-drm zyxclmm_drm: error -ENXIO: IRQ index 8 not found
Nov 08 14:00:21 digichan-devel kernel: [drm] FPGA programming device versal_fpga founded.
Nov 08 14:00:21 digichan-devel kernel: [drm] PR[0] Isolation addr 0x0
Nov 08 14:00:21 digichan-devel kernel: [drm] Initialized zocl 2.17.0 20250804 for zyxclmm_drm on minor 0
Nov 08 14:00:21 digichan-devel systemd[1]: Starting Network Time Synchronization...
Nov 08 14:00:21 digichan-devel nonvol-fs.sh[205]: No valid ext2/ext3/ext4 filesystem found on /dev/mtdblock0
Nov 08 14:00:21 digichan-devel nonvol-fs.sh[205]: Formatting /dev/mtdblock0 with ext2...
Nov 08 14:00:21 digichan-devel nonvol-fs.sh[218]: mkfs.ext2: invalid block size - 512
Nov 08 14:00:21 digichan-devel systemd[1]: Starting Wait for udev To Complete Device Initialization...
Nov 08 14:00:21 digichan-devel run-postinsts[208]: Running postinst /etc/ipk-postinsts/001-xrt...
Nov 08 14:00:21 digichan-devel kernel: EXT4-fs (mtdblock0): VFS: Can't find ext4 filesystem
Nov 08 14:00:21 digichan-devel nonvol-fs.sh[222]: mount: /mnt/nonvol: wrong fs type, bad option, bad superblock on /dev/mtdblock0, missing codepage or helper program, or other error.
Nov 08 14:00:21 digichan-devel nonvol-fs.sh[222]:        dmesg(1) may have more information after failed mount system call.
Nov 08 14:00:21 digichan-devel systemd[1]: Starting Record System Boot/Shutdown in UTMP...
Nov 08 14:00:21 digichan-devel systemd[1]: nonvol-fs.service: Main process exited, code=exited, status=32/n/a
Nov 08 14:00:21 digichan-devel systemd[1]: nonvol-fs.service: Failed with result 'exit-code'.
Nov 08 14:00:21 digichan-devel systemd[1]: Failed to start Format MRAM nonvol partition (if it hasn't already been formatted) and mount it.
Nov 08 14:00:21 digichan-devel INFO: Creating ICD entry for Xilinx Platform
Nov 08 14:00:21 digichan-devel systemd[1]: Finished Rebuild Journal Catalog.
Nov 08 14:00:21 digichan-devel run-postinsts[231]: update-rc.d: /etc/init.d/run-postinsts exists during rc.d purge (continuing)
Nov 08 14:00:21 digichan-devel run-postinsts[231]:  Removing any system startup links for run-postinsts ...
Nov 08 14:00:21 digichan-devel run-postinsts[231]:   /etc/rcS.d/S99run-postinsts
Nov 08 14:00:21 digichan-devel systemd[1]: Finished Record System Boot/Shutdown in UTMP.
Nov 08 14:00:21 digichan-devel systemctl[233]: Synchronizing state of run-postinsts.service with SysV service script with /lib/systemd/systemd-sysv-install.
Nov 08 14:00:21 digichan-devel systemctl[233]: Executing: /lib/systemd/systemd-sysv-install disable run-postinsts
Nov 08 14:00:21 digichan-devel udevadm[221]: systemd-udev-settle.service is deprecated. Please fix iiod.service not to pull it in.
Nov 08 14:00:21 digichan-devel systemd[1]: Finished Wait for udev To Complete Device Initialization.
Nov 08 14:00:21 digichan-devel systemctl[236]: update-rc.d: /etc/init.d/run-postinsts exists during rc.d purge (continuing)
Nov 08 14:00:21 digichan-devel systemctl[236]:  Removing any system startup links for run-postinsts ...
Nov 08 14:00:21 digichan-devel systemd[1]: Starting Update is Completed...
Nov 08 14:00:21 digichan-devel systemd[1]: Started Network Time Synchronization.
Nov 08 14:00:21 digichan-devel systemd-resolved[215]: Positive Trust Anchors:
Nov 08 14:00:21 digichan-devel systemd[1]: Finished Update is Completed.
Nov 08 14:00:21 digichan-devel systemd-resolved[215]: . IN DS 20326 8 2 e06d44b80b8f1d39a95c0b0d7c65d08458e880409bbc683457104237c7f8ec8d
Nov 08 14:00:21 digichan-devel systemd-resolved[215]: Negative trust anchors: home.arpa 10.in-addr.arpa 16.172.in-addr.arpa 17.172.in-addr.arpa 18.172.in-addr.arpa 19.172.in-addr.arpa 20.172.in-addr.arpa 21.172.in-addr.arpa 22.172.in-addr.arpa 23.172.in-addr.arpa 24.172.in-addr.arpa 25.172.in-addr.arpa 26.172.in-addr.arpa 27.172.in-addr.arpa 28.172.in-addr.arpa 29.172.in-addr.arpa 30.172.in-addr.arpa 31.172.in-addr.arpa 168.192.in-addr.arpa d.f.ip6.arpa corp home internal intranet lan local private test
Nov 08 14:00:21 digichan-devel systemd-resolved[215]: Using system hostname 'digichan-devel'.
Nov 08 14:00:21 digichan-devel systemd[1]: Started Network Name Resolution.
Nov 08 14:00:21 digichan-devel systemd[1]: Reached target Host and Network Name Lookups.
Nov 08 14:00:21 digichan-devel systemd[1]: Reached target System Time Set.
Nov 08 14:00:21 digichan-devel systemctl[233]: Removed "/etc/systemd/system/sysinit.target.wants/run-postinsts.service".
Nov 08 14:00:21 digichan-devel systemd[1]: Finished Run pending postinsts.
Nov 08 14:00:21 digichan-devel systemd[1]: Reached target System Initialization.
Nov 08 14:00:21 digichan-devel systemd[1]: Started Daily Cleanup of Temporary Directories.
Nov 08 14:00:21 digichan-devel systemd[1]: Reached target Timer Units.
Nov 08 14:00:21 digichan-devel systemd[1]: Listening on Avahi mDNS/DNS-SD Stack Activation Socket.
Nov 08 14:00:21 digichan-devel systemd[1]: Listening on D-Bus System Message Bus Socket.
Nov 08 14:00:21 digichan-devel systemd[1]: Starting sshd.socket...
Nov 08 14:00:22 digichan-devel systemd[1]: Listening on sshd.socket.
Nov 08 14:00:22 digichan-devel systemd[1]: Reached target Socket Units.
Nov 08 14:00:22 digichan-devel systemd[1]: Reached target Basic System.
Nov 08 14:00:22 digichan-devel systemd[1]: System is tainted: unmerged-usr:cgroupsv1
Nov 08 14:00:22 digichan-devel systemd[1]: Starting Avahi mDNS/DNS-SD Stack...
Nov 08 14:00:22 digichan-devel avahi-daemon[239]: Found user 'avahi' (UID 995) and group 'avahi' (GID 993).
Nov 08 14:00:22 digichan-devel avahi-daemon[239]: Successfully dropped root privileges.
Nov 08 14:00:22 digichan-devel avahi-daemon[239]: avahi-daemon 0.8 starting up.
Nov 08 14:00:22 digichan-devel systemd[1]: Started Kernel Logging Service.
Nov 08 14:00:22 digichan-devel kernel[241]: klogd started: BusyBox v1.35.0 ()
Nov 08 14:00:22 digichan-devel kernel[241]: [    0.000000] Booting Linux on physical CPU 0x0000000000 [0x410fd083]
Nov 08 14:00:22 digichan-devel kernel[241]: [    0.000000] Linux version 6.6.10-xilinx-v2024.1-g262cb1c15c90-dirty (oe-user@oe-host) (aarch64-xilinx-linux-gcc (GCC) 12.2.0, GNU ld (GNU Binutils) 2.39.0.20220819) #1 SMP Sat Apr 27 05:22:24 UTC 2024
Nov 08 14:00:22 digichan-devel kernel[241]: [    0.000000] KASLR disabled due to lack of seed
Nov 08 14:00:22 digichan-devel kernel[241]: [    0.000000] Machine model: Xilinx Versal
Nov 08 14:00:22 digichan-devel kernel[241]: [    0.000000] efi: UEFI not found.
Nov 08 14:00:22 digichan-devel kernel[241]: [    0.000000] Zone ranges:
Nov 08 14:00:22 digichan-devel kernel[241]: [    0.000000]   DMA32    [mem 0x0000000000000000-0x00000000ffffffff]
Nov 08 14:00:22 digichan-devel kernel[241]: [    0.000000]   Normal   [mem 0x0000000100000000-0x000000097fffffff]
Nov 08 14:00:22 digichan-devel kernel[241]: [    0.000000] Movable zone start for each node
Nov 08 14:00:22 digichan-devel kernel[241]: [    0.000000] Early memory node ranges
Nov 08 14:00:22 digichan-devel kernel[241]: [    0.000000]   node   0: [mem 0x0000000000000000-0x000000007fffffff]
Nov 08 14:00:22 digichan-devel kernel[241]: [    0.000000]   node   0: [mem 0x0000000800000000-0x000000097fffffff]
Nov 08 14:00:22 digichan-devel kernel[241]: [    0.000000] Initmem setup node 0 [mem 0x0000000000000000-0x000000097fffffff]
Nov 08 14:00:22 digichan-devel kernel[241]: [    0.000000] cma: Reserved 256 MiB at 0x0000000064800000 on node -1
Nov 08 14:00:22 digichan-devel kernel[241]: [    0.000000] psci: probing for conduit method from DT.
Nov 08 14:00:22 digichan-devel kernel[241]: [    0.000000] psci: PSCIv1.1 detected in firmware.
Nov 08 14:00:22 digichan-devel kernel[241]: [    0.000000] psci: Using standard PSCI v0.2 function IDs
Nov 08 14:00:22 digichan-devel kernel[241]: [    0.000000] psci: MIGRATE_INFO_TYPE not supported.
Nov 08 14:00:22 digichan-devel kernel[241]: [    0.000000] psci: SMC Calling Convention v1.4
Nov 08 14:00:22 digichan-devel kernel[241]: [    0.000000] percpu: Embedded 19 pages/cpu s38888 r8192 d30744 u77824
Nov 08 14:00:22 digichan-devel kernel[241]: [    0.000000] pcpu-alloc: s38888 r8192 d30744 u77824 alloc=19*4096
Nov 08 14:00:22 digichan-devel kernel[241]: [    0.000000] pcpu-alloc: [0] 0 [0] 1
Nov 08 14:00:22 digichan-devel kernel[241]: [    0.000000] Detected PIPT I-cache on CPU0
Nov 08 14:00:22 digichan-devel kernel[241]: [    0.000000] CPU features: detected: GIC system register CPU interface
Nov 08 14:00:22 digichan-devel kernel[241]: [    0.000000] CPU features: detected: Spectre-v2
Nov 08 14:00:22 digichan-devel kernel[241]: [    0.000000] CPU features: detected: Spectre-v3a
Nov 08 14:00:22 digichan-devel kernel[241]: [    0.000000] CPU features: detected: Spectre-BHB
Nov 08 14:00:22 digichan-devel kernel[241]: [    0.000000] CPU features: detected: ARM erratum 1742098
Nov 08 14:00:22 digichan-devel kernel[241]: [    0.000000] CPU features: detected: ARM errata 1165522, 1319367, or 1530923
Nov 08 14:00:22 digichan-devel kernel[241]: [    0.000000] alternatives: applying boot alternatives
Nov 08 14:00:22 digichan-devel kernel[241]: [    0.000000] Kernel command line:  console=ttyAMA0 clk_ignore_unused root=/dev/ram0 rw
Nov 08 14:00:22 digichan-devel kernel[241]: [    0.000000] Dentry cache hash table entries: 1048576 (order: 11, 8388608 bytes, linear)
Nov 08 14:00:22 digichan-devel kernel[241]: [    0.000000] Inode-cache hash table entries: 524288 (order: 10, 4194304 bytes, linear)
Nov 08 14:00:22 digichan-devel kernel[241]: [    0.000000] Built 1 zonelists, mobility grouping on.  Total pages: 2064384
Nov 08 14:00:22 digichan-devel kernel[241]: [    0.000000] mem auto-init: stack:all(zero), heap alloc:off, heap free:off
Nov 08 14:00:22 digichan-devel kernel[241]: [    0.000000] software IO TLB: area num 2.
Nov 08 14:00:22 digichan-devel kernel[241]: [    0.000000] software IO TLB: mapped [mem 0x000000007c000000-0x0000000080000000] (64MB)
Nov 08 14:00:22 digichan-devel kernel[241]: [    0.000000] Memory: 7791276K/8388608K available (13440K kernel code, 988K rwdata, 3864K rodata, 2496K init, 429K bss, 335188K reserved, 262144K cma-reserved)
Nov 08 14:00:22 digichan-devel kernel[241]: [    0.000000] SLUB: HWalign=64, Order=0-3, MinObjects=0, CPUs=2, Nodes=1
Nov 08 14:00:22 digichan-devel kernel[241]: [    0.000000] rcu: Hierarchical RCU implementation.
Nov 08 14:00:22 digichan-devel kernel[241]: [    0.000000] rcu:         RCU event tracing is enabled.
Nov 08 14:00:22 digichan-devel kernel[241]: [    0.000000] rcu:         RCU restricting CPUs from NR_CPUS=16 to nr_cpu_ids=2.
Nov 08 14:00:22 digichan-devel kernel[241]: [    0.000000] rcu: RCU calculated value of scheduler-enlistment delay is 25 jiffies.
Nov 08 14:00:22 digichan-devel kernel[241]: [    0.000000] rcu: Adjusting geometry for rcu_fanout_leaf=16, nr_cpu_ids=2
Nov 08 14:00:22 digichan-devel kernel[241]: [    0.000000] NR_IRQS: 64, nr_irqs: 64, preallocated irqs: 0
Nov 08 14:00:22 digichan-devel kernel[241]: [    0.000000] GICv3: GIC: Using split EOI/Deactivate mode
Nov 08 14:00:22 digichan-devel kernel[241]: [    0.000000] GICv3: 160 SPIs implemented
Nov 08 14:00:22 digichan-devel kernel[241]: [    0.000000] GICv3: 0 Extended SPIs implemented
Nov 08 14:00:22 digichan-devel kernel[241]: [    0.000000] Root IRQ handler: gic_handle_irq
Nov 08 14:00:22 digichan-devel kernel[241]: [    0.000000] GICv3: GICv3 features: 16 PPIs
Nov 08 14:00:22 digichan-devel kernel[241]: [    0.000000] GICv3: CPU0: found redistributor 0 region 0:0x00000000f9080000
Nov 08 14:00:22 digichan-devel kernel[241]: [    0.000000] ITS: No ITS available, not enabling LPIs
Nov 08 14:00:22 digichan-devel kernel[241]: [    0.000000] rcu: srcu_init: Setting srcu_struct sizes based on contention.
Nov 08 14:00:22 digichan-devel kernel[241]: [    0.000000] arch_timer: cp15 timer(s) running at 100.00MHz (phys).
Nov 08 14:00:22 digichan-devel kernel[241]: [    0.000000] clocksource: arch_sys_counter: mask: 0x1ffffffffffffff max_cycles: 0x171024e7e0, max_idle_ns: 440795205315 ns
Nov 08 14:00:22 digichan-devel kernel[241]: [    0.000000] sched_clock: 57 bits at 100MHz, resolution 10ns, wraps every 4398046511100ns
Nov 08 14:00:22 digichan-devel kernel[241]: [    0.000251] Console: colour dummy device 80x25
Nov 08 14:00:22 digichan-devel kernel[241]: [    0.000284] Calibrating delay loop (skipped), value calculated using timer frequency.. 200.00 BogoMIPS (lpj=400000)
Nov 08 14:00:22 digichan-devel systemd[1]: Started System Logging Service.
Nov 08 14:00:22 digichan-devel kernel[241]: [    0.000296] pid_max: default: 32768 minimum: 301
Nov 08 14:00:22 digichan-devel kernel[241]: [    0.000428] Mount-cache hash table entries: 16384 (order: 5, 131072 bytes, linear)
Nov 08 14:00:22 digichan-devel kernel[241]: [    0.000464] Mountpoint-cache hash table entries: 16384 (order: 5, 131072 bytes, linear)
Nov 08 14:00:22 digichan-devel kernel[241]: [    0.001205] cacheinfo: Unable to detect cache hierarchy for CPU 0
Nov 08 14:00:22 digichan-devel kernel[241]: [    0.001992] rcu: Hierarchical SRCU implementation.
Nov 08 14:00:22 digichan-devel kernel[241]: [    0.001997] rcu:         Max phase no-delay instances is 1000.
Nov 08 14:00:22 digichan-devel kernel[241]: [    0.002378] EFI services will not be available.
Nov 08 14:00:22 digichan-devel kernel[241]: [    0.002533] smp: Bringing up secondary CPUs ...
Nov 08 14:00:22 digichan-devel kernel[241]: [    0.003014] Detected PIPT I-cache on CPU1
Nov 08 14:00:22 digichan-devel kernel[241]: [    0.003071] GICv3: CPU1: found redistributor 1 region 0:0x00000000f90a0000
Nov 08 14:00:22 digichan-devel kernel[241]: [    0.003104] CPU1: Booted secondary processor 0x0000000001 [0x410fd083]
Nov 08 14:00:22 digichan-devel kernel[241]: [    0.003195] smp: Brought up 1 node, 2 CPUs
Nov 08 14:00:22 digichan-devel kernel[241]: [    0.003203] SMP: Total of 2 processors activated.
Nov 08 14:00:22 digichan-devel kernel[241]: [    0.003209] CPU features: detected: 32-bit EL0 Support
Nov 08 14:00:22 digichan-devel kernel[241]: [    0.003214] CPU features: detected: CRC32 instructions
Nov 08 14:00:22 digichan-devel kernel[241]: [    0.003286] CPU: All CPU(s) started at EL2
Nov 08 14:00:22 digichan-devel kernel[241]: [    0.003289] alternatives: applying system-wide alternatives
Nov 08 14:00:22 digichan-devel kernel[241]: [    0.004820] devtmpfs: initialized
Nov 08 14:00:22 digichan-devel kernel[241]: [    0.011446] clocksource: jiffies: mask: 0xffffffff max_cycles: 0xffffffff, max_idle_ns: 7645041785100000 ns
Nov 08 14:00:22 digichan-devel kernel[241]: [    0.011467] futex hash table entries: 512 (order: 3, 32768 bytes, linear)
Nov 08 14:00:22 digichan-devel kernel[241]: [    0.014617] pinctrl core: initialized pinctrl subsystem
Nov 08 14:00:22 digichan-devel kernel[241]: [    0.015032] DMI not present or invalid.
Nov 08 14:00:22 digichan-devel kernel[241]: [    0.015501] NET: Registered PF_NETLINK/PF_ROUTE protocol family
Nov 08 14:00:22 digichan-devel kernel[241]: [    0.016177] DMA: preallocated 1024 KiB GFP_KERNEL pool for atomic allocations
Nov 08 14:00:22 digichan-devel kernel[241]: [    0.016358] DMA: preallocated 1024 KiB GFP_KERNEL|GFP_DMA32 pool for atomic allocations
Nov 08 14:00:22 digichan-devel kernel[241]: [    0.016418] audit: initializing netlink subsys (disabled)
Nov 08 14:00:22 digichan-devel kernel[241]: [    0.016916] audit: type=2000 audit(0.016:1): state=initialized audit_enabled=0 res=1
Nov 08 14:00:22 digichan-devel kernel[241]: [    0.016939] cpuidle: using governor menu
Nov 08 14:00:22 digichan-devel kernel[241]: [    0.017038] hw-breakpoint: found 6 breakpoint and 4 watchpoint registers.
Nov 08 14:00:22 digichan-devel kernel[241]: [    0.017088] ASID allocator initialised with 65536 entries
Nov 08 14:00:22 digichan-devel kernel[241]: [    0.017255] Serial: AMBA PL011 UART driver
Nov 08 14:00:22 digichan-devel kernel[241]: [    0.020635] platform axi: Fixed dependency cycle(s) with /axi/interrupt-controller@f9000000
Nov 08 14:00:22 digichan-devel kernel[241]: [    0.028485] Modules: 27424 pages in range for non-PLT usage
Nov 08 14:00:22 digichan-devel kernel[241]: [    0.028493] Modules: 518944 pages in range for PLT usage
Nov 08 14:00:22 digichan-devel kernel[241]: [    0.029101] HugeTLB: registered 1.00 GiB page size, pre-allocated 0 pages
Nov 08 14:00:22 digichan-devel kernel[241]: [    0.029108] HugeTLB: 0 KiB vmemmap can be freed for a 1.00 GiB page
Nov 08 14:00:22 digichan-devel kernel[241]: [    0.029115] HugeTLB: registered 32.0 MiB page size, pre-allocated 0 pages
Nov 08 14:00:22 digichan-devel kernel[241]: [    0.029120] HugeTLB: 0 KiB vmemmap can be freed for a 32.0 MiB page
Nov 08 14:00:22 digichan-devel kernel[241]: [    0.029125] HugeTLB: registered 2.00 MiB page size, pre-allocated 0 pages
Nov 08 14:00:22 digichan-devel kernel[241]: [    0.029129] HugeTLB: 0 KiB vmemmap can be freed for a 2.00 MiB page
Nov 08 14:00:22 digichan-devel kernel[241]: [    0.029135] HugeTLB: registered 64.0 KiB page size, pre-allocated 0 pages
Nov 08 14:00:22 digichan-devel kernel[241]: [    0.029139] HugeTLB: 0 KiB vmemmap can be freed for a 64.0 KiB page
Nov 08 14:00:22 digichan-devel kernel[241]: [    0.029702] raid6: skipped pq benchmark and selected neonx8
Nov 08 14:00:22 digichan-devel kernel[241]: [    0.029709] raid6: using neon recovery algorithm
Nov 08 14:00:22 digichan-devel kernel[241]: [    0.030231] iommu: Default domain type: Translated
Nov 08 14:00:22 digichan-devel kernel[241]: [    0.030238] iommu: DMA domain TLB invalidation policy: strict mode
Nov 08 14:00:22 digichan-devel kernel[241]: [    0.030460] mc: Linux media interface: v0.10
Nov 08 14:00:22 digichan-devel kernel[241]: [    0.030494] videodev: Linux video capture interface: v2.00
Nov 08 14:00:22 digichan-devel kernel[241]: [    0.030521] pps_core: LinuxPPS API ver. 1 registered
Nov 08 14:00:22 digichan-devel kernel[241]: [    0.030525] pps_core: Software ver. 5.3.6 - Copyright 2005-2007 Rodolfo Giometti <giometti@linux.it>
Nov 08 14:00:22 digichan-devel kernel[241]: [    0.030543] PTP clock support registered
Nov 08 14:00:22 digichan-devel kernel[241]: [    0.030572] EDAC MC: Ver: 3.0.0
Nov 08 14:00:22 digichan-devel kernel[241]: [    0.031022] FPGA manager framework
Nov 08 14:00:22 digichan-devel kernel[241]: [    0.031191] Advanced Linux Sound Architecture Driver Initialized.
Nov 08 14:00:22 digichan-devel kernel[241]: [    0.031980] clocksource: Switched to clocksource arch_sys_counter
Nov 08 14:00:22 digichan-devel kernel[241]: [    0.032216] VFS: Disk quotas dquot_6.6.0
Nov 08 14:00:22 digichan-devel kernel[241]: [    0.032245] VFS: Dquot-cache hash table entries: 512 (order 0, 4096 bytes)
Nov 08 14:00:22 digichan-devel kernel[241]: [    0.038439] NET: Registered PF_INET protocol family
Nov 08 14:00:22 digichan-devel kernel[241]: [    0.038770] IP idents hash table entries: 131072 (order: 8, 1048576 bytes, linear)
Nov 08 14:00:22 digichan-devel kernel[241]: [    0.045007] tcp_listen_portaddr_hash hash table entries: 4096 (order: 4, 65536 bytes, linear)
Nov 08 14:00:22 digichan-devel kernel[241]: [    0.045084] Table-perturb hash table entries: 65536 (order: 6, 262144 bytes, linear)
Nov 08 14:00:22 digichan-devel kernel[241]: [    0.045101] TCP established hash table entries: 65536 (order: 7, 524288 bytes, linear)
Nov 08 14:00:22 digichan-devel kernel[241]: [    0.045618] TCP bind hash table entries: 65536 (order: 9, 2097152 bytes, linear)
Nov 08 14:00:22 digichan-devel kernel[241]: [    0.047529] TCP: Hash tables configured (established 65536 bind 65536)
Nov 08 14:00:22 digichan-devel kernel[241]: [    0.047632] UDP hash table entries: 4096 (order: 5, 131072 bytes, linear)
Nov 08 14:00:22 digichan-devel kernel[241]: [    0.047835] UDP-Lite hash table entries: 4096 (order: 5, 131072 bytes, linear)
Nov 08 14:00:22 digichan-devel kernel[241]: [    0.048186] NET: Registered PF_UNIX/PF_LOCAL protocol family
Nov 08 14:00:22 digichan-devel kernel[241]: [    0.048593] RPC: Registered named UNIX socket transport module.
Nov 08 14:00:22 digichan-devel kernel[241]: [    0.048600] RPC: Registered udp transport module.
Nov 08 14:00:22 digichan-devel kernel[241]: [    0.048604] RPC: Registered tcp transport module.
Nov 08 14:00:22 digichan-devel kernel[241]: [    0.048608] RPC: Registered tcp-with-tls transport module.
Nov 08 14:00:22 digichan-devel kernel[241]: [    0.048612] RPC: Registered tcp NFSv4.1 backchannel transport module.
Nov 08 14:00:22 digichan-devel kernel[241]: [    0.048626] PCI: CLS 0 bytes, default 64
Nov 08 14:00:22 digichan-devel kernel[241]: [    0.048833] Trying to unpack rootfs image as initramfs...
Nov 08 14:00:22 digichan-devel kernel[241]: [    0.062417] workingset: timestamp_bits=46 max_order=21 bucket_order=0
Nov 08 14:00:22 digichan-devel kernel[241]: [    0.065752] NFS: Registering the id_resolver key type
Nov 08 14:00:22 digichan-devel kernel[241]: [    0.065787] Key type id_resolver registered
Nov 08 14:00:22 digichan-devel kernel[241]: [    0.065792] Key type id_legacy registered
Nov 08 14:00:22 digichan-devel kernel[241]: [    0.065812] nfs4filelayout_init: NFSv4 File Layout Driver Registering...
Nov 08 14:00:22 digichan-devel kernel[241]: [    0.065818] nfs4flexfilelayout_init: NFSv4 Flexfile Layout Driver Registering...
Nov 08 14:00:22 digichan-devel kernel[241]: [    0.066079] jffs2: version 2.2. (NAND) (SUMMARY)  Â© 2001-2006 Red Hat, Inc.
Nov 08 14:00:22 digichan-devel kernel[241]: [    0.068222] NET: Registered PF_ALG protocol family
Nov 08 14:00:22 digichan-devel kernel[241]: [    0.068236] xor: measuring software checksum speed
Nov 08 14:00:22 digichan-devel kernel[241]: [    0.070779]    8regs           :  3878 MB/sec
Nov 08 14:00:22 digichan-devel kernel[241]: [    0.073150]    32regs          :  4196 MB/sec
Nov 08 14:00:22 digichan-devel kernel[241]: [    0.076006]    arm64_neon      :  3457 MB/sec
Nov 08 14:00:22 digichan-devel kernel[241]: [    0.076012] xor: using function: 32regs (4196 MB/sec)
Nov 08 14:00:22 digichan-devel kernel[241]: [    0.076046] io scheduler mq-deadline registered
Nov 08 14:00:22 digichan-devel kernel[241]: [    0.076053] io scheduler kyber registered
Nov 08 14:00:22 digichan-devel kernel[241]: [    0.076088] io scheduler bfq registered
Nov 08 14:00:22 digichan-devel kernel[241]: [    0.123984] Serial: 8250/16550 driver, 4 ports, IRQ sharing disabled
Nov 08 14:00:22 digichan-devel kernel[241]: [    0.125596] Serial: AMBA driver
Nov 08 14:00:22 digichan-devel kernel[241]: [    0.132916] brd: module loaded
Nov 08 14:00:22 digichan-devel kernel[241]: [    0.136625] loop: module loaded
Nov 08 14:00:22 digichan-devel kernel[241]: [    0.139241] mdio_bus fixed-0: using lookup tables for GPIO lookup
Nov 08 14:00:22 digichan-devel kernel[241]: [    0.139253] mdio_bus fixed-0: No GPIO consumer reset found
Nov 08 14:00:22 digichan-devel kernel[241]: [    0.141125] tun: Universal TUN/TAP device driver, 1.6
Nov 08 14:00:22 digichan-devel kernel[241]: [    0.142495] VFIO - User Level meta-driver version: 0.3
Nov 08 14:00:22 digichan-devel kernel[241]: [    0.142710] i2c_dev: i2c /dev entries driver
Nov 08 14:00:22 digichan-devel kernel[241]: [    0.146202] sdhci: Secure Digital Host Controller Interface driver
Nov 08 14:00:22 digichan-devel kernel[241]: [    0.146209] sdhci: Copyright(c) Pierre Ossman
Nov 08 14:00:22 digichan-devel kernel[241]: [    0.146218] sdhci-pltfm: SDHCI platform and OF driver helper
Nov 08 14:00:22 digichan-devel kernel[241]: [    0.146523] SMCCC: SOC_ID: ID = jep106:0049:0000 Revision = 0x00000000
Nov 08 14:00:22 digichan-devel kernel[241]: [    0.146624] zynqmp_firmware_probe Platform Management API v1.0
Nov 08 14:00:22 digichan-devel kernel[241]: [    0.146683] zynqmp_firmware_probe Trustzone version v1.0
Nov 08 14:00:22 digichan-devel kernel[241]: [    0.147435] xlnx_event_manager xlnx_event_manager: SGI 15 Registered over TF-A
Nov 08 14:00:22 digichan-devel kernel[241]: [    0.147445] xlnx_event_manager xlnx_event_manager: Xilinx Event Management driver probed
Nov 08 14:00:22 digichan-devel kernel[241]: [    0.201119] zynqmp-pinctrl firmware:versal-firmware:pinctrl: This is an experimental solution(hardcoded the MIO ID
Nov 08 14:00:22 digichan-devel kernel[241]: [    0.201119] information) and this solution will be deprecated and use PM interface
Nov 08 14:00:22 digichan-devel kernel[241]: [    0.201119] to get the MIO IDs information
Nov 08 14:00:22 digichan-devel kernel[241]: [    0.220110] securefw securefw: securefw probed
Nov 08 14:00:22 digichan-devel kernel[241]: [    0.220434] zynqmp-aes zynqmp-aes.0: will run requests pump with realtime priority
Nov 08 14:00:22 digichan-devel kernel[241]: [    0.220871] zynqmp_rsa zynqmp_rsa.0: RSA is not supported on the platform
Nov 08 14:00:22 digichan-devel kernel[241]: [    0.224218] ARM CCI_500 PMU driver probed
Nov 08 14:00:22 digichan-devel kernel[241]: [    0.224959] hw perfevents: enabled with armv8_pmuv3 PMU driver, 7 counters available
Nov 08 14:00:22 digichan-devel kernel[241]: [    0.225510] xilinx-secure-config firmware:versal-firmware:versal-sec-cfg: using DT '/firmware/versal-firmware/versal-sec-cfg' for 'wp' GPIO lookup
Nov 08 14:00:22 digichan-devel kernel[241]: [    0.225536] of_get_named_gpiod_flags: can't parse 'wp-gpios' property of node '/firmware/versal-firmware/versal-sec-cfg[0]'
Nov 08 14:00:22 digichan-devel kernel[241]: [    0.225558] of_get_named_gpiod_flags: can't parse 'wp-gpio' property of node '/firmware/versal-firmware/versal-sec-cfg[0]'
Nov 08 14:00:22 digichan-devel kernel[241]: [    0.225576] xilinx-secure-config firmware:versal-firmware:versal-sec-cfg: using lookup tables for GPIO lookup
Nov 08 14:00:22 digichan-devel kernel[241]: [    0.225583] xilinx-secure-config firmware:versal-firmware:versal-sec-cfg: No GPIO consumer wp found
Nov 08 14:00:22 digichan-devel kernel[241]: [    0.226019] fpga_manager fpga0: Xilinx Versal FPGA Manager registered
Nov 08 14:00:22 digichan-devel kernel[241]: [    0.226781] pktgen: Packet Generator for packet performance testing. Version: 2.75
Nov 08 14:00:22 digichan-devel kernel[241]: [    0.233534] Initializing XFRM netlink socket
Nov 08 14:00:22 digichan-devel kernel[241]: [    0.233589] NET: Registered PF_INET6 protocol family
Nov 08 14:00:22 digichan-devel kernel[241]: [    0.234299] Segment Routing with IPv6
Nov 08 14:00:22 digichan-devel kernel[241]: [    0.234336] In-situ OAM (IOAM) with IPv6
Nov 08 14:00:22 digichan-devel kernel[241]: [    0.234442] sit: IPv6, IPv4 and MPLS over IPv4 tunneling driver
Nov 08 14:00:22 digichan-devel kernel[241]: [    0.234888] NET: Registered PF_PACKET protocol family
Nov 08 14:00:22 digichan-devel kernel[241]: [    0.234899] NET: Registered PF_KEY protocol family
Nov 08 14:00:22 digichan-devel kernel[241]: [    0.234952] 8021q: 802.1Q VLAN Support v1.8
Nov 08 14:00:22 digichan-devel kernel[241]: [    0.235180] 9pnet: Installing 9P2000 support
Nov 08 14:00:22 digichan-devel kernel[241]: [    0.235214] Key type dns_resolver registered
Nov 08 14:00:22 digichan-devel kernel[241]: [    0.241245] registered taskstats version 1
Nov 08 14:00:22 digichan-devel kernel[241]: [    0.250840] Btrfs loaded, zoned=no, fsverity=no
Nov 08 14:00:22 digichan-devel kernel[241]: [    0.319373] uart-pl011 ff000000.serial: using DT '/axi/serial@ff000000' for 'rs485-term' GPIO lookup
Nov 08 14:00:22 digichan-devel kernel[241]: [    0.319403] of_get_named_gpiod_flags: can't parse 'rs485-term-gpios' property of node '/axi/serial@ff000000[0]'
Nov 08 14:00:22 digichan-devel kernel[241]: [    0.319422] of_get_named_gpiod_flags: can't parse 'rs485-term-gpio' property of node '/axi/serial@ff000000[0]'
Nov 08 14:00:22 digichan-devel kernel[241]: [    0.319436] uart-pl011 ff000000.serial: using lookup tables for GPIO lookup
Nov 08 14:00:22 digichan-devel kernel[241]: [    0.319443] uart-pl011 ff000000.serial: No GPIO consumer rs485-term found
Nov 08 14:00:22 digichan-devel kernel[241]: [    0.319449] uart-pl011 ff000000.serial: using DT '/axi/serial@ff000000' for 'rs485-rx-during-tx' GPIO lookup
Nov 08 14:00:22 digichan-devel kernel[241]: [    0.319466] of_get_named_gpiod_flags: can't parse 'rs485-rx-during-tx-gpios' property of node '/axi/serial@ff000000[0]'
Nov 08 14:00:22 digichan-devel kernel[241]: [    0.319482] of_get_named_gpiod_flags: can't parse 'rs485-rx-during-tx-gpio' property of node '/axi/serial@ff000000[0]'
Nov 08 14:00:22 digichan-devel kernel[241]: [    0.319495] uart-pl011 ff000000.serial: using lookup tables for GPIO lookup
Nov 08 14:00:22 digichan-devel kernel[241]: [    0.319501] uart-pl011 ff000000.serial: No GPIO consumer rs485-rx-during-tx found
Nov 08 14:00:22 digichan-devel kernel[241]: [    0.319681] ff000000.serial: ttyAMA0 at MMIO 0xff000000 (irq = 18, base_baud = 0) is a PL011 rev3
Nov 08 14:00:22 digichan-devel kernel[241]: [    0.319706] printk: console [ttyAMA0] enabled
Nov 08 14:00:22 digichan-devel kernel[241]: [    1.403263] uart-pl011 ff010000.serial: using DT '/axi/serial@ff010000' for 'rs485-term' GPIO lookup
Nov 08 14:00:22 digichan-devel kernel[241]: [    1.403294] of_get_named_gpiod_flags: can't parse 'rs485-term-gpios' property of node '/axi/serial@ff010000[0]'
Nov 08 14:00:22 digichan-devel kernel[241]: [    1.403313] of_get_named_gpiod_flags: can't parse 'rs485-term-gpio' property of node '/axi/serial@ff010000[0]'
Nov 08 14:00:22 digichan-devel kernel[241]: [    1.403327] uart-pl011 ff010000.serial: using lookup tables for GPIO lookup
Nov 08 14:00:22 digichan-devel kernel[241]: [    1.403334] uart-pl011 ff010000.serial: No GPIO consumer rs485-term found
Nov 08 14:00:22 digichan-devel kernel[241]: [    1.403342] uart-pl011 ff010000.serial: using DT '/axi/serial@ff010000' for 'rs485-rx-during-tx' GPIO lookup
Nov 08 14:00:22 digichan-devel kernel[241]: [    1.403358] of_get_named_gpiod_flags: can't parse 'rs485-rx-during-tx-gpios' property of node '/axi/serial@ff010000[0]'
Nov 08 14:00:22 digichan-devel kernel[241]: [    1.403375] of_get_named_gpiod_flags: can't parse 'rs485-rx-during-tx-gpio' property of node '/axi/serial@ff010000[0]'
Nov 08 14:00:22 digichan-devel kernel[241]: [    1.403389] uart-pl011 ff010000.serial: using lookup tables for GPIO lookup
Nov 08 14:00:22 digichan-devel kernel[241]: [    1.403394] uart-pl011 ff010000.serial: No GPIO consumer rs485-rx-during-tx found
Nov 08 14:00:22 digichan-devel kernel[241]: [    1.403542] ff010000.serial: ttyAMA2 at MMIO 0xff010000 (irq = 19, base_baud = 0) is a PL011 rev3
Nov 08 14:00:22 digichan-devel kernel[241]: [    1.413877] aie aieaperture_0_17: AI engine aperture aieaperture_0_17, id 0x18800000, cols(0, 17) aie_tile_rows(2, 2) memory_tile_rows(1, 1) is probed successfully.
Nov 08 14:00:22 digichan-devel kernel[241]: [    1.428611] xilinx-ai-engine 20000000000.ai_engine: Xilinx AI Engine device 20000000000.ai_engine probed. Device generation: 2. Clock frequency: 1000000000Hz.
Nov 08 14:00:22 digichan-devel kernel[241]: [    1.443069] of-fpga-region fpga: FPGA Region probed
Nov 08 14:00:22 digichan-devel kernel[241]: [    1.448258] gpiochip_find_base: found new base at 512
Nov 08 14:00:22 digichan-devel kernel[241]: [    1.448497] gpio gpiochip0: (versal_gpio): added GPIO chardev (254:0)
Nov 08 14:00:22 digichan-devel kernel[241]: [    1.448553] gpio gpiochip0: registered GPIOs 512 to 569 on versal_gpio
Nov 08 14:00:22 digichan-devel kernel[241]: [    1.448870] gpiochip_find_base: found new base at 570
Nov 08 14:00:22 digichan-devel kernel[241]: [    1.449080] gpio gpiochip1: (pmc_gpio): added GPIO chardev (254:1)
Nov 08 14:00:22 digichan-devel kernel[241]: [    1.449131] gpio gpiochip1: registered GPIOs 570 to 685 on pmc_gpio
Nov 08 14:00:22 digichan-devel kernel[241]: [    1.449386] xilinx-vdma a4050000.dma: Please ensure that IP supports buffer length > 23 bits
Nov 08 14:00:22 digichan-devel kernel[241]: [    1.458134] xilinx-vdma a4050000.dma: Xilinx AXI DMA Engine Driver Probed!!
Nov 08 14:00:22 digichan-devel kernel[241]: [    1.465645] xilinx-vdma a41e0000.dma: Xilinx AXI DMA Engine Driver Probed!!
Nov 08 14:00:22 digichan-devel kernel[241]: [    1.476060] of_serial a41b0000.serial: using DT '/pl-bus/serial@a41b0000' for 'rs485-term' GPIO lookup
Nov 08 14:00:22 digichan-devel kernel[241]: [    1.476096] of_get_named_gpiod_flags: can't parse 'rs485-term-gpios' property of node '/pl-bus/serial@a41b0000[0]'
Nov 08 14:00:22 digichan-devel kernel[241]: [    1.476118] of_get_named_gpiod_flags: can't parse 'rs485-term-gpio' property of node '/pl-bus/serial@a41b0000[0]'
Nov 08 14:00:22 digichan-devel kernel[241]: [    1.476134] of_serial a41b0000.serial: using lookup tables for GPIO lookup
Nov 08 14:00:22 digichan-devel kernel[241]: [    1.476140] of_serial a41b0000.serial: No GPIO consumer rs485-term found
Nov 08 14:00:22 digichan-devel kernel[241]: [    1.476147] of_serial a41b0000.serial: using DT '/pl-bus/serial@a41b0000' for 'rs485-rx-during-tx' GPIO lookup
Nov 08 14:00:22 digichan-devel kernel[241]: [    1.476164] of_get_named_gpiod_flags: can't parse 'rs485-rx-during-tx-gpios' property of node '/pl-bus/serial@a41b0000[0]'
Nov 08 14:00:22 digichan-devel kernel[241]: [    1.476182] of_get_named_gpiod_flags: can't parse 'rs485-rx-during-tx-gpio' property of node '/pl-bus/serial@a41b0000[0]'
Nov 08 14:00:22 digichan-devel kernel[241]: [    1.476195] of_serial a41b0000.serial: using lookup tables for GPIO lookup
Nov 08 14:00:22 digichan-devel kernel[241]: [    1.476201] of_serial a41b0000.serial: No GPIO consumer rs485-rx-during-tx found
Nov 08 14:00:22 digichan-devel kernel[241]: [    1.476376] a41b0000.serial: ttyS3 at MMIO 0xa41b1000 (irq = 35, base_baud = 6250000) is a 16550A
Nov 08 14:00:22 digichan-devel kernel[241]: [    1.491878] spi-nor spi0.0: using DT '/axi/spi@f1030000/flash@0' for 'reset' GPIO lookup
Nov 08 14:00:22 digichan-devel kernel[241]: [    1.491911] of_get_named_gpiod_flags: can't parse 'reset-gpios' property of node '/axi/spi@f1030000/flash@0[0]'
Nov 08 14:00:22 digichan-devel kernel[241]: [    1.491934] of_get_named_gpiod_flags: can't parse 'reset-gpio' property of node '/axi/spi@f1030000/flash@0[0]'
Nov 08 14:00:22 digichan-devel kernel[241]: [    1.491954] spi-nor spi0.0: using lookup tables for GPIO lookup
Nov 08 14:00:22 digichan-devel kernel[241]: [    1.491995] spi-nor spi0.0: No GPIO consumer reset found
Nov 08 14:00:22 digichan-devel kernel[241]: [    1.492214] spi-nor spi0.0: AVALANCHE_2x1G (262144 Kbytes)
Nov 08 14:00:22 digichan-devel kernel[241]: [    1.497804] 7 fixed-partitions partitions found on MTD device spi0.0
Nov 08 14:00:22 digichan-devel kernel[241]: [    1.504177] Creating 7 MTD partitions on "spi0.0":
Nov 08 14:00:22 digichan-devel kernel[241]: [    1.508971] 0x00000f800000-0x00000ff00000 : "nonvol"
Nov 08 14:00:22 digichan-devel kernel[241]: [    1.514995] 0x000000000000-0x000006000000 : "image0"
Nov 08 14:00:22 digichan-devel kernel[241]: [    1.520929] 0x000006000000-0x00000c000000 : "image1"
Nov 08 14:00:22 digichan-devel kernel[241]: [    1.526829] 0x000000000000-0x000007c00000 : "devel0"
Nov 08 14:00:22 digichan-devel kernel[241]: [    1.532791] 0x000007c00000-0x00000f800000 : "devel1"
Nov 08 14:00:22 digichan-devel kernel[241]: [    1.538701] 0x00000c000000-0x00000f800000 : "golden0"
Nov 08 14:00:22 digichan-devel kernel[241]: [    1.544768] 0x00000ff00000-0x000010000000 : "extras"
Nov 08 14:00:22 digichan-devel kernel[241]: [    1.552276] mdio_bus ff0c0000.ethernet-ffffffff: using DT '/axi/ethernet@ff0c0000/mdio' for 'reset' GPIO lookup
Nov 08 14:00:22 digichan-devel kernel[241]: [    1.552312] of_get_named_gpiod_flags: can't parse 'reset-gpios' property of node '/axi/ethernet@ff0c0000/mdio[0]'
Nov 08 14:00:22 digichan-devel kernel[241]: [    1.552335] of_get_named_gpiod_flags: can't parse 'reset-gpio' property of node '/axi/ethernet@ff0c0000/mdio[0]'
Nov 08 14:00:22 digichan-devel kernel[241]: [    1.552355] mdio_bus ff0c0000.ethernet-ffffffff: using lookup tables for GPIO lookup
Nov 08 14:00:22 digichan-devel kernel[241]: [    1.552362] mdio_bus ff0c0000.ethernet-ffffffff: No GPIO consumer reset found
Nov 08 14:00:22 digichan-devel kernel[241]: [    4.741816] Freeing initrd memory: 87316K
Nov 08 14:00:22 digichan-devel kernel[241]: [    4.750056] mdio_bus ff0c0000.ethernet-ffffffff:01: using DT '/axi/ethernet@ff0c0000/mdio/ethernet-phy@1' for 'reset' GPIO lookup
Nov 08 14:00:22 digichan-devel kernel[241]: [    4.750115] of_get_named_gpiod_flags: parsed 'reset-gpios' property of node '/axi/ethernet@ff0c0000/mdio/ethernet-phy@1[0]' - status (0)
Nov 08 14:00:22 digichan-devel kernel[241]: [    4.750192] gpio gpiochip1: Persistence not supported for GPIO 19
Nov 08 14:00:22 digichan-devel kernel[241]: [    4.810857] macb ff0c0000.ethernet eth0: Cadence GEM rev 0x0107010b at 0xff0c0000 irq 43 (02:ee:dd:cc:bb:03)
Nov 08 14:00:22 digichan-devel kernel[241]: [    4.822710] rtc_zynqmp f12a0000.rtc: registered as rtc0
Nov 08 14:00:22 digichan-devel kernel[241]: [    4.827982] rtc_zynqmp f12a0000.rtc: setting system clock to 2004-01-10T14:17:43 UTC (1073744263)
Nov 08 14:00:22 digichan-devel kernel[241]: [    4.837080] cdns-i2c ff030000.i2c: can't get pinctrl, bus recovery not supported
Nov 08 14:00:22 digichan-devel kernel[241]: [    4.844870] cdns-i2c ff030000.i2c: 100 kHz mmio ff030000 irq 46
Nov 08 14:00:22 digichan-devel kernel[241]: [    4.851019] cdns-i2c f1000000.i2c: can't get pinctrl, bus recovery not supported
Nov 08 14:00:22 digichan-devel kernel[241]: [    4.858960] cdns-i2c f1000000.i2c: 100 kHz mmio f1000000 irq 47
Nov 08 14:00:22 digichan-devel kernel[241]: [    4.865438] cpufreq: cpufreq_online: CPU0: Running at unlisted initial frequency: 799999 KHz, changing to: 800000 KHz
Nov 08 14:00:22 digichan-devel kernel[241]: [    4.879497] of_cfs_init
Nov 08 14:00:22 digichan-devel kernel[241]: [    4.882043] of_cfs_init: OK
Nov 08 14:00:22 digichan-devel kernel[241]: [    4.884921] clk: Not disabling unused clocks
Nov 08 14:00:22 digichan-devel kernel[241]: [    4.889594] ALSA device list:
Nov 08 14:00:22 digichan-devel kernel[241]: [    4.892564]   No soundcards found.
Nov 08 14:00:22 digichan-devel kernel[241]: [    4.896351] uart-pl011 ff000000.serial: no DMA platform data
Nov 08 14:00:22 digichan-devel kernel[241]: [    4.903039] Freeing unused kernel memory: 2496K
Nov 08 14:00:22 digichan-devel kernel[241]: [    4.907719] Run /init as init process
Nov 08 14:00:22 digichan-devel kernel[241]: [    4.911387]   with arguments:
Nov 08 14:00:22 digichan-devel kernel[241]: [    4.911390]     /init
Nov 08 14:00:22 digichan-devel kernel[241]: [    4.911395]   with environment:
Nov 08 14:00:22 digichan-devel kernel[241]: [    4.911398]     HOME=/
Nov 08 14:00:22 digichan-devel kernel[241]: [    4.911402]     TERM=linux
Nov 08 14:00:22 digichan-devel kernel[241]: [    4.925692] systemd[1]: System time before build time, advancing clock.
Nov 08 14:00:22 digichan-devel kernel[241]: [    4.937418] systemd[1]: systemd 251.8+ running in system mode (+PAM -AUDIT -SELINUX -APPARMOR +IMA -SMACK +SECCOMP -GCRYPT -GNUTLS -OPENSSL +ACL +BLKID -CURL -ELFUTILS -FIDO2 -IDN2 -IDN -IPTC +KMOD -LIBCRYPTSETUP +LIBFDISK -PCRE2 -PWQUALITY -P11KIT -QRENCODE -TPM2 -BZIP2 -LZ4 -XZ -ZLIB +ZSTD -BPF_FRAMEWORK -XKBCOMMON +UTMP +SYSVINIT default-hierarchy=hybrid)
Nov 08 14:00:22 digichan-devel systemd[1]: Starting D-Bus System Message Bus...
Nov 08 14:00:22 digichan-devel kernel[241]: [    4.969620] systemd[1]: Detected architecture arm64.
Nov 08 14:00:22 digichan-devel kernel[241]: [    5.028210] systemd[1]: Hostname set to <digichan-devel>.
Nov 08 14:00:22 digichan-devel kernel[241]: [    5.033807] systemd[1]: Initializing machine ID from random generator.
Nov 08 14:00:22 digichan-devel kernel[241]: [    5.124090] systemd-sysv-generator[139]: SysV service '/etc/init.d/sshd' lacks a native systemd unit file. Automatically generating a unit file for compatibility. Please update package to include a native systemd unit file, in order to make it more safe and robust.
Nov 08 14:00:22 digichan-devel kernel[241]: [    5.149140] systemd-sysv-generator[139]: SysV service '/etc/init.d/inetd.busybox' lacks a native systemd unit file. Automatically generating a unit file for compatibility. Please update package to include a native systemd unit file, in order to make it more safe and robust.
Nov 08 14:00:22 digichan-devel kernel[241]: [    5.363899] systemd[1]: Queued start job for default target Multi-User System.
Nov 08 14:00:22 digichan-devel kernel[241]: [    5.414145] systemd[1]: Created slice Slice /system/getty.
Nov 08 14:00:22 digichan-devel kernel[241]: [    5.442616] systemd[1]: Created slice Slice /system/modprobe.
Nov 08 14:00:22 digichan-devel kernel[241]: [    5.465813] systemd[1]: Created slice Slice /system/serial-getty.
Nov 08 14:00:22 digichan-devel kernel[241]: [    5.490578] systemd[1]: Created slice User and Session Slice.
Nov 08 14:00:22 digichan-devel kernel[241]: [    5.512624] systemd[1]: Started Dispatch Password Requests to Console Directory Watch.
Nov 08 14:00:22 digichan-devel kernel[241]: [    5.536772] systemd[1]: Started Forward Password Requests to Wall Directory Watch.
Nov 08 14:00:22 digichan-devel kernel[241]: [    5.561247] systemd[1]: Reached target Path Units.
Nov 08 14:00:22 digichan-devel kernel[241]: [    5.580678] systemd[1]: Reached target Remote File Systems.
Nov 08 14:00:22 digichan-devel kernel[241]: [    5.600481] systemd[1]: Reached target Slice Units.
Nov 08 14:00:22 digichan-devel kernel[241]: [    5.620561] systemd[1]: Reached target Swaps.
Nov 08 14:00:22 digichan-devel kernel[241]: [    5.642278] systemd[1]: Listening on RPCbind Server Activation Socket.
Nov 08 14:00:22 digichan-devel kernel[241]: [    5.664505] systemd[1]: Reached target RPC Port Mapper.
Nov 08 14:00:22 digichan-devel kernel[241]: [    5.685885] systemd[1]: Listening on Syslog Socket.
Nov 08 14:00:22 digichan-devel kernel[241]: [    5.705235] systemd[1]: Listening on initctl Compatibility Named Pipe.
Nov 08 14:00:22 digichan-devel kernel[241]: [    5.730169] systemd[1]: Listening on Journal Audit Socket.
Nov 08 14:00:22 digichan-devel kernel[241]: [    5.753592] systemd[1]: Listening on Journal Socket (/dev/log).
Nov 08 14:00:22 digichan-devel kernel[241]: [    5.777906] systemd[1]: Listening on Journal Socket.
Nov 08 14:00:22 digichan-devel kernel[241]: [    5.798325] systemd[1]: Listening on Network Service Netlink Socket.
Nov 08 14:00:22 digichan-devel kernel[241]: [    5.821910] systemd[1]: Listening on udev Control Socket.
Nov 08 14:00:22 digichan-devel kernel[241]: [    5.845485] systemd[1]: Listening on udev Kernel Socket.
Nov 08 14:00:22 digichan-devel kernel[241]: [    5.869707] systemd[1]: Listening on User Database Manager Socket.
Nov 08 14:00:22 digichan-devel kernel[241]: [    5.924643] systemd[1]: Mounting Huge Pages File System...
Nov 08 14:00:22 digichan-devel kernel[241]: [    5.954964] systemd[1]: Mounting POSIX Message Queue File System...
Nov 08 14:00:22 digichan-devel kernel[241]: [    5.987111] systemd[1]: Mounting Kernel Debug File System...
Nov 08 14:00:22 digichan-devel kernel[241]: [    6.009167] systemd[1]: Kernel Trace File System was skipped because of a failed condition check (ConditionPathExists=/sys/kernel/tracing).
Nov 08 14:00:22 digichan-devel kernel[241]: [    6.056597] systemd[1]: Mounting Temporary Directory /tmp...
Nov 08 14:00:22 digichan-devel kernel[241]: [    6.077590] systemd[1]: Create List of Static Device Nodes was skipped because of a failed condition check (ConditionFileNotEmpty=/lib/modules/6.6.10-xilinx-v2024.1-g262cb1c15c90-dirty/modules.devname).
Nov 08 14:00:22 digichan-devel kernel[241]: [    6.102490] systemd[1]: Starting Load Kernel Module configfs...
Nov 08 14:00:22 digichan-devel kernel[241]: [    6.126693] systemd[1]: Starting Load Kernel Module drm...
Nov 08 14:00:22 digichan-devel kernel[241]: [    6.172583] systemd[1]: Starting Load Kernel Module fuse...
Nov 08 14:00:22 digichan-devel kernel[241]: [    6.200858] systemd[1]: Starting RPC Bind...
Nov 08 14:00:22 digichan-devel kernel[241]: [    6.216306] systemd[1]: File System Check on Root Device was skipped because of a failed condition check (ConditionPathIsReadWrite=!/).
Nov 08 14:00:22 digichan-devel kernel[241]: [    6.229324] systemd[1]: systemd-journald.service: unit configures an IP firewall, but the local system does not support BPF/cgroup firewalling.
Nov 08 14:00:22 digichan-devel kernel[241]: [    6.242223] systemd[1]: (This warning is only shown for the first unit using IP firewalling.)
Nov 08 14:00:22 digichan-devel kernel[241]: [    6.268582] systemd[1]: Starting Journal Service...
Nov 08 14:00:22 digichan-devel kernel[241]: [    6.296467] systemd[1]: Starting Load Kernel Modules...
Nov 08 14:00:22 digichan-devel kernel[241]: [    6.312601] atm_driver: loading out-of-tree module taints kernel.
Nov 08 14:00:22 digichan-devel kernel[241]: [    6.319102] ATM: atm_init_module
Nov 08 14:00:22 digichan-devel kernel[241]: [    6.322586] ATM: atm_probe
Nov 08 14:00:22 digichan-devel kernel[241]: [    6.325490] of_get_named_gpiod_flags: parsed 'rx-gpios' property of node '/axi/spi@ff050000[0]' - status (0)
Nov 08 14:00:22 digichan-devel kernel[241]: [    6.329441] ATM: ATM Complete
Nov 08 14:00:22 digichan-devel kernel[241]: [    6.334087] injector_probe called
Nov 08 14:00:22 digichan-devel kernel[241]: [    6.335621] injector_probe completed successfully
Nov 08 14:00:22 digichan-devel kernel[241]: [    6.340151] fpga_version_id: 0x01e00001
Nov 08 14:00:22 digichan-devel kernel[241]: [    6.348706] fpga_version_num: 0x00010215
Nov 08 14:00:22 digichan-devel kernel[241]: [    6.352632] fpga_build_num: 0x68bea641
Nov 08 14:00:22 digichan-devel kernel[241]: [    6.356381] fpga_artix7_version_num: 0x00000000
Nov 08 14:00:22 digichan-devel kernel[241]: [    6.361782] systemd[1]: Starting Generate network units from Kernel command line...
Nov 08 14:00:22 digichan-devel kernel[241]: [    6.370605] recorder_probe called
Nov 08 14:00:22 digichan-devel kernel[241]: [    6.385541] recorder_probe completed successfully
Nov 08 14:00:22 digichan-devel kernel[241]: [    6.403996] systemd[1]: Starting Remount Root and Kernel File Systems...
Nov 08 14:00:22 digichan-devel kernel[241]: [    6.436323] systemd[1]: Starting Coldplug All udev Devices...
Nov 08 14:00:22 digichan-devel kernel[241]: [    6.461273] systemd[1]: Started RPC Bind.
Nov 08 14:00:22 digichan-devel kernel[241]: [    6.480679] systemd[1]: Started Journal Service.
Nov 08 14:00:22 digichan-devel kernel[241]: [    6.746957] systemd-journald[149]: Received client request to flush runtime journal.
Nov 08 14:00:22 digichan-devel kernel[241]: [    8.312011] random: crng init done
Nov 08 14:00:22 digichan-devel kernel[241]: [    8.368153] macb ff0c0000.ethernet eth0: PHY [ff0c0000.ethernet-ffffffff:01] driver [Marvell 88E1111] (irq=POLL)
Nov 08 14:00:22 digichan-devel kernel[241]: [    8.378395] macb ff0c0000.ethernet eth0: configuring for phy/rgmii-id link mode
Nov 08 14:00:22 digichan-devel kernel[241]: [    8.392993] pps pps0: new PPS source ptp0
Nov 08 14:00:22 digichan-devel kernel[241]: [    8.404142] macb ff0c0000.ethernet: gem-ptp-timer ptp clock registered.
Nov 08 14:00:22 digichan-devel kernel[241]: [    8.591795] [drm] Probing for xlnx,zocl-versal
Nov 08 14:00:22 digichan-devel kernel[241]: [    8.596551] zocl-drm zyxclmm_drm: error -ENXIO: IRQ index 8 not found
Nov 08 14:00:22 digichan-devel kernel[241]: [    8.603431] [drm] FPGA programming device versal_fpga founded.
Nov 08 14:00:22 digichan-devel kernel[241]: [    8.670045] [drm] PR[0] Isolation addr 0x0
Nov 08 14:00:22 digichan-devel kernel[241]: [    8.674881] [drm] Initialized zocl 2.17.0 20250804 for zyxclmm_drm on minor 0
Nov 08 14:00:22 digichan-devel kernel[241]: [    9.257554] Unloading old XRT Linux kernel modules
Nov 08 14:00:22 digichan-devel kernel[241]: [    9.268793] zocl_irq_intc ZOCL_CU_INTC.1.auto: zintc_remove: Removing zocl_irq_intc
Nov 08 14:00:22 digichan-devel kernel[241]: [    9.292263] Loading new XRT Linux kernel modules
Nov 08 14:00:22 digichan-devel kernel[241]: [    9.318579] [drm] Probing for xlnx,zocl-versal
Nov 08 14:00:22 digichan-devel kernel[241]: [    9.323275] zocl-drm zyxclmm_drm: error -ENXIO: IRQ index 8 not found
Nov 08 14:00:22 digichan-devel kernel[241]: [    9.330269] [drm] FPGA programming device versal_fpga founded.
Nov 08 14:00:22 digichan-devel kernel[241]: [    9.345090] [drm] PR[0] Isolation addr 0x0
Nov 08 14:00:22 digichan-devel kernel[241]: [    9.350102] [drm] Initialized zocl 2.17.0 20250804 for zyxclmm_drm on minor 0
Nov 08 14:00:22 digichan-devel kernel[241]: [    9.398352] EXT4-fs (mtdblock0): VFS: Can't find ext4 filesystem
Nov 08 14:00:22 digichan-devel kernel[241]: [    9.469951] INFO: Creating ICD entry for Xilinx Platform
Nov 08 14:00:22 digichan-devel systemd[1]: Starting Ramon Space DigiChan Status Service...
Nov 08 14:00:22 digichan-devel wait-for-pattern.sh[244]: Waiting for pattern in file: pattern='.', file='/run/ramon-space-init.status', timeout=150s
Nov 08 14:00:22 digichan-devel systemd[1]: Starting inetd.busybox.service...
Nov 08 14:00:22 digichan-devel avahi-daemon[239]: Successfully called chroot().
Nov 08 14:00:22 digichan-devel avahi-daemon[239]: Successfully dropped remaining capabilities.
Nov 08 14:00:22 digichan-devel avahi-daemon[239]: No service file found in /etc/avahi/services.
Nov 08 14:00:22 digichan-devel avahi-daemon[239]: Joining mDNS multicast group on interface lo.IPv6 with address ::1.
Nov 08 14:00:22 digichan-devel avahi-daemon[239]: New relevant interface lo.IPv6 for mDNS.
Nov 08 14:00:22 digichan-devel avahi-daemon[239]: Joining mDNS multicast group on interface lo.IPv4 with address 127.0.0.1.
Nov 08 14:00:22 digichan-devel avahi-daemon[239]: New relevant interface lo.IPv4 for mDNS.
Nov 08 14:00:22 digichan-devel avahi-daemon[239]: Network interface enumeration completed.
Nov 08 14:00:22 digichan-devel avahi-daemon[239]: Registering new address record for ::1 on lo.*.
Nov 08 14:00:22 digichan-devel avahi-daemon[239]: Registering new address record for 127.0.0.1 on lo.IPv4.
Nov 08 14:00:22 digichan-devel inetd.busybox[249]: Starting internet superserver: inetd.
Nov 08 14:00:22 digichan-devel systemd[1]: Starting Ramon Space JESD Link Monitor...
Nov 08 14:00:22 digichan-devel wait-for-pattern.sh[251]: Waiting for pattern in file: pattern='READY', file='/run/ramon-space-init.status', timeout=150s
Nov 08 14:00:22 digichan-devel systemd[1]: Starting Ramon Space Initialization...
Nov 08 14:00:22 digichan-devel kernel: gpio gpiochip1: Persistence not supported for GPIO 24
Nov 08 14:00:22 digichan-devel kernel[241]: [   10.197831] gpio gpiochip1: Persistence not supported for GPIO 24
Nov 08 14:00:22 digichan-devel ramon-space-init-digichan.sh[255]: egse_connected=0
Nov 08 14:00:22 digichan-devel systemd[1]: Starting Set IP Address via selectipaddr.sh...
Nov 08 14:00:22 digichan-devel ramon-space-init-digichan.sh[262]: [POWER UP] Initializing system components...
Nov 08 14:00:22 digichan-devel ramon-space-init-digichan.sh[264]: MIO19=0x0000034c
Nov 08 14:00:22 digichan-devel kernel: gpio gpiochip1: Persistence not supported for GPIO 15
Nov 08 14:00:22 digichan-devel kernel: gpio gpiochip1: registered chardev handle for line 15
Nov 08 14:00:22 digichan-devel kernel: gpio gpiochip1: Persistence not supported for GPIO 14
Nov 08 14:00:22 digichan-devel kernel: gpio gpiochip1: registered chardev handle for line 14
Nov 08 14:00:22 digichan-devel kernel: gpio gpiochip1: Persistence not supported for GPIO 13
Nov 08 14:00:22 digichan-devel kernel: gpio gpiochip1: registered chardev handle for line 13
Nov 08 14:00:22 digichan-devel kernel: gpio gpiochip1: registered chardev handle for 3 lines
Nov 08 14:00:22 digichan-devel kernel[241]: [   10.234006] gpio gpiochip1: Persistence not supported for GPIO 15
Nov 08 14:00:22 digichan-devel selectipaddr.sh[261]: Note: Force Recovery Mode = 0
Nov 08 14:00:22 digichan-devel kernel[241]: [   10.234028] gpio gpiochip1: registered chardev handle for line 15
Nov 08 14:00:22 digichan-devel systemd[1]: Starting User Login Management...
Nov 08 14:00:22 digichan-devel kernel[241]: [   10.234038] gpio gpiochip1: Persistence not supported for GPIO 14
Nov 08 14:00:22 digichan-devel kernel[241]: [   10.234046] gpio gpiochip1: registered chardev handle for line 14
Nov 08 14:00:22 digichan-devel kernel[241]: [   10.234054] gpio gpiochip1: Persistence not supported for GPIO 13
Nov 08 14:00:22 digichan-devel kernel[241]: [   10.234061] gpio gpiochip1: registered chardev handle for line 13
Nov 08 14:00:22 digichan-devel kernel[241]: [   10.234079] gpio gpiochip1: registered chardev handle for 3 lines
Nov 08 14:00:22 digichan-devel selectipaddr.sh[261]: Note: IP=10.1.1.2/24, GATEWAY=0.0.0.0
Nov 08 14:00:22 digichan-devel avahi-daemon[239]: Joining mDNS multicast group on interface eth0.IPv4 with address 10.1.1.2.
Nov 08 14:00:22 digichan-devel avahi-daemon[239]: New relevant interface eth0.IPv4 for mDNS.
Nov 08 14:00:22 digichan-devel avahi-daemon[239]: Registering new address record for 10.1.1.2 on eth0.IPv4.
Nov 08 14:00:22 digichan-devel systemd[1]: Starting OpenSSH Key Generation...
Nov 08 14:00:22 digichan-devel sshd_check_keys[283]:   generating ssh RSA host key...
Nov 08 14:00:22 digichan-devel systemd[1]: Started D-Bus System Message Bus.
Nov 08 14:00:22 digichan-devel systemd[1]: Started inetd.busybox.service.
Nov 08 14:00:22 digichan-devel systemd[1]: Finished Set IP Address via selectipaddr.sh.
Nov 08 14:00:22 digichan-devel systemd[1]: Reached target Network.
Nov 08 14:00:22 digichan-devel ramon-space-init-digichan.sh[290]: gpio_psu_0=0x20000000
Nov 08 14:00:22 digichan-devel systemd[1]: Started Channelizer Manager Service.
Nov 08 14:00:22 digichan-devel channelizer-manager[292]: INFO: Channelizer Manager - Starting... (build info) Sep 22 2025 13:21:31
Nov 08 14:00:22 digichan-devel channelizer-manager[292]: TRACE: PPSHandler: thread running...
Nov 08 14:00:22 digichan-devel channelizer-manager[292]: TRACE: PPSHandler: entering main loop...
Nov 08 14:00:22 digichan-devel channelizer-manager[292]: TRACE: PPSStateMachine: State Change Initiate -> WaitForIdle
Nov 08 14:00:22 digichan-devel channelizer-manager[292]: TRACE: PPSHandler: change from state Initiate to state WaitForIdle
Nov 08 14:00:22 digichan-devel channelizer-manager[292]: TRACE: PPSStateMachine: State Change WaitForIdle -> WaitForSignalDetect
Nov 08 14:00:22 digichan-devel channelizer-manager[292]: TRACE: PPSHandler: change from state WaitForIdle to state WaitForSignalDetect
Nov 08 14:00:22 digichan-devel systemd[1]: Starting Configuration Manager Service...
Nov 08 14:00:22 digichan-devel kernel: macb ff0c0000.ethernet eth0: Link is Up - 100Mbps/Full - flow control tx
Nov 08 14:00:22 digichan-devel kernel[241]: [   10.437815] macb ff0c0000.ethernet eth0: Link is Up - 100Mbps/Full - flow control tx
Nov 08 14:00:22 digichan-devel systemd-networkd[186]: eth0: Gained carrier
Nov 08 14:00:22 digichan-devel systemd-networkd[186]: eth0: found matching network '/lib/systemd/network/80-wired.network', based on potentially unpredictable interface name.
Nov 08 14:00:22 digichan-devel systemd[1]: Started Equalizer Daemon Service.
Nov 08 14:00:22 digichan-devel systemd-timesyncd[217]: Network configuration changed, trying to establish connection.
Nov 08 14:00:22 digichan-devel ramon-space-init-digichan.sh[297]: gpio_psu_0=0x22000000
Nov 08 14:00:22 digichan-devel kernel: zocl-drm zyxclmm_drm: zocl_create_client: created KDS client for pid(295), ret: 0
Nov 08 14:00:22 digichan-devel kernel: zocl-drm zyxclmm_drm: zocl_destroy_client: client exits pid(295)
Nov 08 14:00:22 digichan-devel kernel: zocl-drm zyxclmm_drm: zocl_create_client: created KDS client for pid(295), ret: 0
Nov 08 14:00:22 digichan-devel kernel: zocl-drm zyxclmm_drm: zocl_destroy_client: client exits pid(295)
Nov 08 14:00:22 digichan-devel kernel: zocl-drm zyxclmm_drm: zocl_create_client: created KDS client for pid(295), ret: 0
Nov 08 14:00:22 digichan-devel systemd-logind[267]: New seat seat0.
Nov 08 14:00:22 digichan-devel kernel[241]: [   10.499822] zocl-drm zyxclmm_drm: zocl_create_client: created KDS client for pid(295), ret: 0
Nov 08 14:00:22 digichan-devel systemd[1]: Started IIO Daemon.
Nov 08 14:00:22 digichan-devel kernel[241]: [   10.513290] zocl-drm zyxclmm_drm: zocl_destroy_client: client exits pid(295)
Nov 08 14:00:22 digichan-devel kernel[241]: [   10.513666] zocl-drm zyxclmm_drm: zocl_create_client: created KDS client for pid(295), ret: 0
Nov 08 14:00:22 digichan-devel kernel[241]: [   10.513721] zocl-drm zyxclmm_drm: zocl_destroy_client: client exits pid(295)
Nov 08 14:00:22 digichan-devel kernel[241]: [   10.514004] zocl-drm zyxclmm_drm: zocl_create_client: created KDS client for pid(295), ret: 0
Nov 08 14:00:22 digichan-devel systemd[1]: Started MCU Comms Service.
Nov 08 14:00:22 digichan-devel ramon-space-init-digichan.sh[305]: gpio_psu_0=0x2a200000
Nov 08 14:00:22 digichan-devel mcu-comms[306]: INFO: MCUComms - Starting... (build info) Sep  9 2025 08:42:29
Nov 08 14:00:22 digichan-devel mcu-comms[306]: TRACE: DBusManager::MyZmqSocket::InitZMQSockets()
Nov 08 14:00:22 digichan-devel mcu-comms[306]: TRACE: DBusMessage::DBusMessage()
Nov 08 14:00:22 digichan-devel mcu-comms[306]: TRACE: ATMMessageRead::openAtm() - Opening /dev/atm0 device
Nov 08 14:00:22 digichan-devel mcu-comms[306]: TRACE: ATMMessageWrite::openAtm() - Opening /dev/atm0 device
Nov 08 14:00:22 digichan-devel mcu-comms[306]: TRACE: ATMManager::MyZmqSocket::InitZMQSockets()
Nov 08 14:00:22 digichan-devel systemd[1]: Starting Permit User Sessions...
Nov 08 14:00:22 digichan-devel systemd[1]: Finished Permit User Sessions.
Nov 08 14:00:22 digichan-devel systemd[1]: Started Avahi mDNS/DNS-SD Stack.
Nov 08 14:00:22 digichan-devel systemd[1]: Started Configuration Manager Service.
Nov 08 14:00:22 digichan-devel systemd[1]: Started User Login Management.
Nov 08 14:00:22 digichan-devel ramon-space-init-digichan.sh[318]: gpio_psu_0=0x3a380000
Nov 08 14:00:22 digichan-devel systemd[1]: Starting RAMON Space Channel Configuration Service...
Nov 08 14:00:22 digichan-devel systemd[1]: Started Getty on tty1.
